Component: ARM Compiler 5.06 update 7 (build 960) Tool: armlink [4d3601]

==============================================================================

Section Cross References

    startup_stm32f072xb.o(RESET) refers to startup_stm32f072xb.o(STACK) for __initial_sp
    startup_stm32f072xb.o(RESET) refers to startup_stm32f072xb.o(.text) for Reset_Handler
    startup_stm32f072xb.o(RESET) refers to stm32f0xx_it.o(i.NMI_Handler) for NMI_Handler
    startup_stm32f072xb.o(RESET) refers to stm32f0xx_it.o(i.HardFault_Handler) for HardFault_Handler
    startup_stm32f072xb.o(RESET) refers to stm32f0xx_it.o(i.SVC_Handler) for SVC_Handler
    startup_stm32f072xb.o(RESET) refers to stm32f0xx_it.o(i.PendSV_Handler) for PendSV_Handler
    startup_stm32f072xb.o(RESET) refers to stm32f0xx_it.o(i.SysTick_Handler) for SysTick_Handler
    startup_stm32f072xb.o(RESET) refers to stm32f0xx_it.o(i.DMA1_Channel2_3_IRQHandler) for DMA1_Channel2_3_IRQHandler
    startup_stm32f072xb.o(RESET) refers to stm32f0xx_it.o(i.USART1_IRQHandler) for USART1_IRQHandler
    startup_stm32f072xb.o(.text) refers to system_stm32f0xx.o(i.SystemInit) for SystemInit
    startup_stm32f072xb.o(.text) refers to entry.o(.ARM.Collect$$$$00000000) for __main
    picocap.o(i.PCap_Disable) refers to stm32f0xx_hal_gpio.o(i.HAL_GPIO_WritePin) for HAL_GPIO_WritePin
    picocap.o(i.PCap_Disable) refers to spi_bsp.o(i.BSP_SPI_Transmit) for BSP_SPI_Transmit
    picocap.o(i.PCap_Enable) refers to stm32f0xx_hal_gpio.o(i.HAL_GPIO_WritePin) for HAL_GPIO_WritePin
    picocap.o(i.PCap_Enable) refers to spi_bsp.o(i.BSP_SPI_Transmit) for BSP_SPI_Transmit
    picocap.o(i.PCap_Init) refers to picocap.o(i.PCap_NSS_Config) for PCap_NSS_Config
    picocap.o(i.PCap_Init) refers to spi_bsp.o(i.BSP_SPI_Init) for BSP_SPI_Init
    picocap.o(i.PCap_Init) refers to picocap.o(i.PCap_Reset) for PCap_Reset
    picocap.o(i.PCap_Init) refers to stm32f0xx_hal.o(i.HAL_Delay) for HAL_Delay
    picocap.o(i.PCap_Init) refers to picocap.o(i.PCap_WR_SRAM) for PCap_WR_SRAM
    picocap.o(i.PCap_Init) refers to picocap.o(i.PCap_Reg_Config) for PCap_Reg_Config
    picocap.o(i.PCap_Init) refers to picocap.o(i.PCap_Enable) for PCap_Enable
    picocap.o(i.PCap_Init) refers to picocap.o(i.PCap_PTL_Reset) for PCap_PTL_Reset
    picocap.o(i.PCap_Init) refers to picocap.o(i.PCap_Measure) for PCap_Measure
    picocap.o(i.PCap_Measure) refers to stm32f0xx_hal_gpio.o(i.HAL_GPIO_WritePin) for HAL_GPIO_WritePin
    picocap.o(i.PCap_Measure) refers to spi_bsp.o(i.BSP_SPI_Transmit) for BSP_SPI_Transmit
    picocap.o(i.PCap_NSS_Config) refers to memseta.o(.text) for __aeabi_memclr4
    picocap.o(i.PCap_NSS_Config) refers to stm32f0xx_hal_gpio.o(i.HAL_GPIO_WritePin) for HAL_GPIO_WritePin
    picocap.o(i.PCap_NSS_Config) refers to stm32f0xx_hal_gpio.o(i.HAL_GPIO_Init) for HAL_GPIO_Init
    picocap.o(i.PCap_PTL_Reset) refers to stm32f0xx_hal_gpio.o(i.HAL_GPIO_WritePin) for HAL_GPIO_WritePin
    picocap.o(i.PCap_PTL_Reset) refers to spi_bsp.o(i.BSP_SPI_Transmit) for BSP_SPI_Transmit
    picocap.o(i.PCap_Reg_Config) refers to stm32f0xx_hal_gpio.o(i.HAL_GPIO_WritePin) for HAL_GPIO_WritePin
    picocap.o(i.PCap_Reg_Config) refers to spi_bsp.o(i.BSP_SPI_Transmit) for BSP_SPI_Transmit
    picocap.o(i.PCap_Reg_Config) refers to picocap.o(.constdata) for REG
    picocap.o(i.PCap_Res_Data) refers to stm32f0xx_hal_gpio.o(i.HAL_GPIO_WritePin) for HAL_GPIO_WritePin
    picocap.o(i.PCap_Res_Data) refers to spi_bsp.o(i.BSP_SPI_TransmitReceive) for BSP_SPI_TransmitReceive
    picocap.o(i.PCap_Res_Sta) refers to stm32f0xx_hal_gpio.o(i.HAL_GPIO_WritePin) for HAL_GPIO_WritePin
    picocap.o(i.PCap_Res_Sta) refers to spi_bsp.o(i.BSP_SPI_TransmitReceive) for BSP_SPI_TransmitReceive
    picocap.o(i.PCap_Reset) refers to stm32f0xx_hal_gpio.o(i.HAL_GPIO_WritePin) for HAL_GPIO_WritePin
    picocap.o(i.PCap_Reset) refers to spi_bsp.o(i.BSP_SPI_Transmit) for BSP_SPI_Transmit
    picocap.o(i.PCap_WR_SRAM) refers to stm32f0xx_hal_gpio.o(i.HAL_GPIO_WritePin) for HAL_GPIO_WritePin
    picocap.o(i.PCap_WR_SRAM) refers to spi_bsp.o(i.BSP_SPI_Transmit) for BSP_SPI_Transmit
    picocap.o(i.PCap_WR_SRAM) refers to spi_bsp.o(i.BSP_SPI_TransmitReceive) for BSP_SPI_TransmitReceive
    picocap.o(i.PCap_WR_SRAM) refers to picocap.o(.constdata) for SRAM_DATA
    picocap.o(i.Sensor_PCap_GetResult) refers to picocap.o(i.PCap_Res_Sta) for PCap_Res_Sta
    picocap.o(i.Sensor_PCap_GetResult) refers to picocap.o(i.PCap_Res_Data) for PCap_Res_Data
    picocap.o(i.Sensor_PCap_GetResult) refers to picocap.o(i.PCap_Measure) for PCap_Measure
    spi_bsp.o(i.BSP_SPI_Init) refers to stm32f0xx_hal_spi.o(i.HAL_SPI_Init) for HAL_SPI_Init
    spi_bsp.o(i.BSP_SPI_Init) refers to main.o(i.Error_Handler) for Error_Handler
    spi_bsp.o(i.BSP_SPI_Init) refers to spi_bsp.o(.bss) for hspi1
    spi_bsp.o(i.BSP_SPI_Receive) refers to stm32f0xx_hal_spi.o(i.HAL_SPI_Receive) for HAL_SPI_Receive
    spi_bsp.o(i.BSP_SPI_Receive) refers to spi_bsp.o(.bss) for hspi1
[...]
    .ARM.Collect$$$$0000000A                 0x080030c8   Section        0  entry8b.o(.ARM.Collect$$$$0000000A)
    .ARM.Collect$$$$0000000B                 0x080030c8   Section        8  entry9a.o(.ARM.Collect$$$$0000000B)
    .ARM.Collect$$$$0000000E                 0x080030d0   Section        4  entry12b.o(.ARM.Collect$$$$0000000E)
    .ARM.Collect$$$$0000000F                 0x080030d4   Section        0  entry10a.o(.ARM.Collect$$$$0000000F)
    .ARM.Collect$$$$00000011                 0x080030d4   Section        0  entry11a.o(.ARM.Collect$$$$00000011)
    .ARM.Collect$$$$00002712                 0x080030d4   Section        4  entry2.o(.ARM.Collect$$$$00002712)
    __lit__00000000                          0x080030d4   Data           4  entry2.o(.ARM.Collect$$$$00002712)
    .text                                    0x080030d8   Section       28  startup_stm32f072xb.o(.text)
    .text                                    0x080030f4   Section        0  uidiv.o(.text)
    .text                                    0x08003120   Section        0  uldiv.o(.text)
    .text                                    0x08003180   Section        0  llushr.o(.text)
    .text                                    0x080031a2   Section        0  memcpya.o(.text)
    .text                                    0x080031c6   Section        0  memseta.o(.text)
    .text                                    0x080031ea   Section        0  fadd.o(.text)
    .text                                    0x0800329c   Section        0  fmul.o(.text)
    .text                                    0x08003316   Section        0  fdiv.o(.text)
    .text                                    0x08003394   Section        0  dmul.o(.text)
    .text                                    0x08003464   Section        0  ddiv.o(.text)
    .text                                    0x08003554   Section        0  fcmple.o(.text)
    .text                                    0x08003570   Section        0  fcmplt.o(.text)
    .text                                    0x0800358c   Section        0  fcmpgt.o(.text)
    .text                                    0x080035a8   Section        0  fcmpeq.o(.text)
    .text                                    0x080035c4   Section        0  fflti.o(.text)
    .text                                    0x080035da   Section        0  ffltui.o(.text)
    .text                                    0x080035e8   Section        0  dfltui.o(.text)
    .text                                    0x08003604   Section        0  ffixi.o(.text)
    .text                                    0x08003636   Section        0  ffixui.o(.text)
    .text                                    0x08003660   Section        0  dfixui.o(.text)
    .text                                    0x0800369c   Section        0  llshl.o(.text)
    .text                                    0x080036bc   Section        0  iusefp.o(.text)
    .text                                    0x080036bc   Section        0  fepilogue.o(.text)
    .text                                    0x0800373e   Section        0  depilogue.o(.text)
    .text                                    0x080037fc   Section       36  init.o(.text)
    [Anonymous Symbol]                       0x08003820   Section        0  calculation.o(.text.FrequencyCalibration)
    __arm_cp.3_0                             0x08003828   Number         4  calculation.o(.text.FrequencyCalibration)
    [Anonymous Symbol]                       0x0800382c   Section        0  calculation.o(.text.GetPrescaler)
    __arm_cp.4_0                             0x0800385c   Number         4  calculation.o(.text.GetPrescaler)
    __arm_cp.4_1                             0x08003860   Number         4  calculation.o(.text.GetPrescaler)
    __arm_cp.4_2                             0x08003864   Number         4  calculation.o(.text.GetPrescaler)
    [Anonymous Symbol]                       0x08003868   Section        0  calculation.o(.text.PCap_ChangeTheFrequency)
    __arm_cp.6_36                            0x08003c08   Number         4  calculation.o(.text.PCap_ChangeTheFrequency)
    __arm_cp.6_37                            0x08003c0c   Number         4  calculation.o(.text.PCap_ChangeTheFrequency)
    __arm_cp.6_40                            0x08003c18   Number         4  calculation.o(.text.PCap_ChangeTheFrequency)
    __arm_cp.6_43                            0x08003c24   Number         4  calculation.o(.text.PCap_ChangeTheFrequency)
    __arm_cp.6_44                            0x08003c28   Number         4  calculation.o(.text.PCap_ChangeTheFrequency)
    __arm_cp.6_46                            0x08003c30   Number         4  calculation.o(.text.PCap_ChangeTheFrequency)
    __arm_cp.6_47                            0x08003c34   Number         4  calculation.o(.text.PCap_ChangeTheFrequency)
    __arm_cp.6_49                            0x08003c3c   Number         4  calculation.o(.text.PCap_ChangeTheFrequency)
    __arm_cp.6_50                            0x08003c40   Number         4  calculation.o(.text.PCap_ChangeTheFrequency)
    __arm_cp.6_52                            0x08003c48   Number         4  calculation.o(.text.PCap_ChangeTheFrequency)
    __arm_cp.6_53                            0x08003c4c   Number         4  calculation.o(.text.PCap_ChangeTheFrequency)
    __arm_cp.6_55                            0x08003c54   Number         4  calculation.o(.text.PCap_ChangeTheFrequency)
    __arm_cp.6_56                            0x08003c58   Number         4  calculation.o(.text.PCap_ChangeTheFrequency)
    __arm_cp.6_59                            0x08003eec   Number         4  calculation.o(.text.PCap_ChangeTheFrequency)
    __arm_cp.6_68                            0x08003f10   Number         4  calculation.o(.text.PCap_ChangeTheFrequency)
    __arm_cp.6_70                            0x08003f18   Number         4  calculation.o(.text.PCap_ChangeTheFrequency)
    __arm_cp.6_5                             0x08004160   Number         4  calculation.o(.text.PCap_ChangeTheFrequency)
    __arm_cp.6_6                             0x08004164   Number         4  calculation.o(.text.PCap_ChangeTheFrequency)
    __arm_cp.6_7                             0x08004168   Number         4  calculation.o(.text.PCap_ChangeTheFrequency)
    __arm_cp.6_8                             0x0800416c   Number         4  calculation.o(.text.PCap_ChangeTheFrequency)
    __arm_cp.6_12                            0x08004170   Number         4  calculation.o(.text.PCap_ChangeTheFrequency)
    __arm_cp.6_15                            0x08004174   Number         4  calculation.o(.text.PCap_ChangeTheFrequency)
    __arm_cp.6_18                            0x08004178   Number         4  calculation.o(.text.PCap_ChangeTheFrequency)
    __arm_cp.6_21                            0x0800417c   Number         4  calculation.o(.text.PCap_ChangeTheFrequency)
    __arm_cp.6_22                            0x08004180   Number         4  calculation.o(.text.PCap_ChangeTheFrequency)
    __arm_cp.6_24                            0x08004184   Number         4  calculation.o(.text.PCap_ChangeTheFrequency)
    __arm_cp.6_25                            0x08004188   Number         4  calculation.o(.text.PCap_ChangeTheFrequency)
    __arm_cp.6_26                            0x0800418c   Number         4  calculation.o(.text.PCap_ChangeTheFrequency)
    __arm_cp.6_27                            0x08004190   Number         4  calculation.o(.text.PCap_ChangeTheFrequency)
    __arm_cp.6_28                            0x08004194   Number         4  calculation.o(.text.PCap_ChangeTheFrequency)
    __arm_cp.6_29                            0x08004198   Number         4  calculation.o(.text.PCap_ChangeTheFrequency)
    __arm_cp.6_30                            0x0800419c   Number         4  calculation.o(.text.PCap_ChangeTheFrequency)
    __arm_cp.6_32                            0x080041a0   Number         4  calculation.o(.text.PCap_ChangeTheFrequency)
    __arm_cp.6_33                            0x080041a4   Number         4  calculation.o(.text.PCap_ChangeTheFrequency)
    __arm_cp.6_34                            0x080041a8   Number         4  calculation.o(.text.PCap_ChangeTheFrequency)
    __arm_cp.6_35                            0x080041ac   Number         4  calculation.o(.text.PCap_ChangeTheFrequency)
    [Anonymous Symbol]                       0x080041b0   Section        0  calculation.o(.text.PCap_Get_filter)
    __arm_cp.5_0                             0x080043a4   Number         4  calculation.o(.text.PCap_Get_filter)
    __arm_cp.5_1                             0x080043a8   Number         4  calculation.o(.text.PCap_Get_filter)
    __arm_cp.5_2                             0x080043ac   Number         4  calculation.o(.text.PCap_Get_filter)
    __arm_cp.5_3                             0x080043b0   Number         4  calculation.o(.text.PCap_Get_filter)
    __arm_cp.5_4                             0x080043b4   Number         4  calculation.o(.text.PCap_Get_filter)
    __arm_cp.5_5                             0x080043b8   Number         4  calculation.o(.text.PCap_Get_filter)
    __arm_cp.5_6                             0x080043bc   Number         4  calculation.o(.text.PCap_Get_filter)
    __arm_cp.5_7                             0x080043c0   Number         4  calculation.o(.text.PCap_Get_filter)
    __arm_cp.5_8                             0x080043c4   Number         4  calculation.o(.text.PCap_Get_filter)
    __arm_cp.5_9                             0x080043c8   Number         4  calculation.o(.text.PCap_Get_filter)
    [Anonymous Symbol]                       0x080043cc   Section        0  calculation.o(.text.get_hz)
    __arm_cp.1_0                             0x080043d4   Number         4  calculation.o(.text.get_hz)
    [Anonymous Symbol]                       0x080043d8   Section        0  calculation.o(.text.parameter_init)
    __arm_cp.2_0                             0x08004510   Number         4  calculation.o(.text.parameter_init)
    __arm_cp.2_1                             0x08004514   Number         4  calculation.o(.text.parameter_init)
    __arm_cp.2_2                             0x08004518   Number         4  calculation.o(.text.parameter_init)
    __arm_cp.2_3                             0x0800451c   Number         4  calculation.o(.text.parameter_init)
    __arm_cp.2_4                             0x08004520   Number         4  calculation.o(.text.parameter_init)
    __arm_cp.2_5                             0x08004524   Number         4  calculation.o(.text.parameter_init)
    __arm_cp.2_6                             0x08004528   Number         4  calculation.o(.text.parameter_init)
    __arm_cp.2_7                             0x0800452c   Number         4  calculation.o(.text.parameter_init)
    __arm_cp.2_8                             0x08004530   Number         4  calculation.o(.text.parameter_init)
    __arm_cp.2_9                             0x08004534   Number         4  calculation.o(.text.parameter_init)
    __arm_cp.2_10                            0x08004538   Number         4  calculation.o(.text.parameter_init)
    __arm_cp.2_11                            0x0800453c   Number         4  calculation.o(.text.parameter_init)
    __arm_cp.2_12                            0x08004540   Number         4  calculation.o(.text.parameter_init)
    __arm_cp.2_13                            0x08004544   Number         4  calculation.o(.text.parameter_init)
    __arm_cp.2_14                            0x08004548   Number         4  calculation.o(.text.parameter_init)
    __arm_cp.2_15                            0x0800454c   Number         4  calculation.o(.text.parameter_init)
    __arm_cp.2_16                            0x08004550   Number         4  calculation.o(.text.parameter_init)
    __arm_cp.2_17                            0x08004554   Number         4  calculation.o(.text.parameter_init)
    __arm_cp.2_18                            0x08004558   Number         4  calculation.o(.text.parameter_init)
    __arm_cp.2_19                            0x0800455c   Number         4  calculation.o(.text.parameter_init)
    __arm_cp.2_20                            0x08004560   Number         4  calculation.o(.text.parameter_init)
    __arm_cp.2_21                            0x08004564   Number         4  calculation.o(.text.parameter_init)
    __arm_cp.2_22                            0x08004568   Number         4  calculation.o(.text.parameter_init)
    __arm_cp.2_23                            0x0800456c   Number         4  calculation.o(.text.parameter_init)
    __arm_cp.2_24                            0x08004570   Number         4  calculation.o(.text.parameter_init)
    __arm_cp.2_25                            0x08004574   Number         4  calculation.o(.text.parameter_init)
    __arm_cp.2_26                            0x08004578   Number         4  calculation.o(.text.parameter_init)
    __arm_cp.2_27                            0x0800457c   Number         4  calculation.o(.text.parameter_init)
    __arm_cp.2_28                            0x08004580   Number         4  calculation.o(.text.parameter_init)
    __arm_cp.2_29                            0x08004584   Number         4  calculation.o(.text.parameter_init)
    __arm_cp.2_30                            0x08004588   Number         4  calculation.o(.text.parameter_init)
    __arm_cp.2_31                            0x0800458c   Number         4  calculation.o(.text.parameter_init)
    __arm_cp.2_32                            0x08004590   Number         4  calculation.o(.text.parameter_init)
    i.BSP_SPI_Init                           0x08004594   Section        0  spi_bsp.o(i.BSP_SPI_Init)
    i.BSP_SPI_Transmit                       0x080045e8   Section        0  spi_bsp.o(i.BSP_SPI_Transmit)
    i.BSP_SPI_TransmitReceive                0x08004610   Section        0  spi_bsp.o(i.BSP_SPI_TransmitReceive)
    i.DMA1_Channel2_3_IRQHandler             0x0800463c   Section        0  stm32f0xx_it.o(i.DMA1_Channel2_3_IRQHandler)
    i.DMA_CalcBaseAndBitshift                0x08004654   Section        0  stm32f0xx_hal_dma.o(i.DMA_CalcBaseAndBitshift)
    DMA_CalcBaseAndBitshift                  0x08004655   Thumb Code    28  stm32f0xx_hal_dma.o(i.DMA_CalcBaseAndBitshift)
    i.DMA_SetConfig                          0x08004674   Section        0  stm32f0xx_hal_dma.o(i.DMA_SetConfig)
    DMA_SetConfig                            0x08004675   Thumb Code    42  stm32f0xx_hal_dma.o(i.DMA_SetConfig)
    i.Error_Handler                          0x0800469e   Section        0  main.o(i.Error_Handler)
    i.HAL_DMA_Abort_IT                       0x080046a0   Section        0  stm32f0xx_hal_dma.o(i.HAL_DMA_Abort_IT)
    i.HAL_DMA_IRQHandler                     0x080046f8   Section        0  stm32f0xx_hal_dma.o(i.HAL_DMA_IRQHandler)
    i.HAL_DMA_Init                           0x080047e8   Section        0  stm32f0xx_hal_dma.o(i.HAL_DMA_Init)
    i.HAL_DMA_Start_IT                       0x08004844   Section        0  stm32f0xx_hal_dma.o(i.HAL_DMA_Start_IT)
    i.HAL_Delay                              0x080048e0   Section        0  stm32f0xx_hal.o(i.HAL_Delay)
    i.HAL_GPIO_Init                          0x0800490c   Section        0  stm32f0xx_hal_gpio.o(i.HAL_GPIO_Init)
    i.HAL_GPIO_WritePin                      0x08004b04   Section        0  stm32f0xx_hal_gpio.o(i.HAL_GPIO_WritePin)
    i.HAL_GetTick                            0x08004b10   Section        0  stm32f0xx_hal.o(i.HAL_GetTick)
    i.HAL_IncTick                            0x08004b1c   Section        0  stm32f0xx_hal.o(i.HAL_IncTick)
    i.HAL_Init                               0x08004b34   Section        0  stm32f0xx_hal.o(i.HAL_Init)
    i.HAL_InitTick                           0x08004b54   Section        0  stm32f0xx_hal.o(i.HAL_InitTick)
    i.HAL_MspInit                            0x08004ba8   Section        0  stm32f0xx_hal_msp.o(i.HAL_MspInit)
    i.HAL_NVIC_EnableIRQ                     0x08004be8   Section        0  stm32f0xx_hal_cortex.o(i.HAL_NVIC_EnableIRQ)
    i.HAL_NVIC_SetPriority                   0x08004c04   Section        0  stm32f0xx_hal_cortex.o(i.HAL_NVIC_SetPriority)
    i.HAL_RCCEx_PeriphCLKConfig              0x08004c18   Section        0  stm32f0xx_hal_rcc_ex.o(i.HAL_RCCEx_PeriphCLKConfig)
    i.HAL_RCC_ClockConfig                    0x08004dbc   Section        0  stm32f0xx_hal_rcc.o(i.HAL_RCC_ClockConfig)
    i.HAL_RCC_GetHCLKFreq                    0x08004f40   Section        0  stm32f0xx_hal_rcc.o(i.HAL_RCC_GetHCLKFreq)
    i.HAL_RCC_GetPCLK1Freq                   0x08004f4c   Section        0  stm32f0xx_hal_rcc.o(i.HAL_RCC_GetPCLK1Freq)
    i.HAL_RCC_GetSysClockFreq                0x08004f70   Section        0  stm32f0xx_hal_rcc.o(i.HAL_RCC_GetSysClockFreq)
    i.HAL_RCC_OscConfig                      0x08005078   Section        0  stm32f0xx_hal_rcc.o(i.HAL_RCC_OscConfig)
    i.HAL_SPI_Init                           0x080056b4   Section        0  stm32f0xx_hal_spi.o(i.HAL_SPI_Init)
    i.HAL_SPI_MspInit                        0x08005790   Section        0  spi_bsp.o(i.HAL_SPI_MspInit)
    i.HAL_SPI_Transmit                       0x0800585c   Section        0  stm32f0xx_hal_spi.o(i.HAL_SPI_Transmit)
    i.HAL_SPI_TransmitReceive                0x08005a68   Section        0  stm32f0xx_hal_spi.o(i.HAL_SPI_TransmitReceive)
    i.HAL_SYSTICK_Config                     0x08005d60   Section        0  stm32f0xx_hal_cortex.o(i.HAL_SYSTICK_Config)
    i.HAL_TIMEx_MasterConfigSynchronization  0x08005d98   Section        0  stm32f0xx_hal_tim_ex.o(i.HAL_TIMEx_MasterConfigSynchronization)
    i.HAL_TIM_Base_Init                      0x08005e24   Section        0  stm32f0xx_hal_tim.o(i.HAL_TIM_Base_Init)
    i.HAL_TIM_Base_MspInit                   0x08005e5c   Section        0  tim.o(i.HAL_TIM_Base_MspInit)
    i.HAL_TIM_ConfigClockSource              0x08005e8c   Section        0  stm32f0xx_hal_tim.o(i.HAL_TIM_ConfigClockSource)
    i.HAL_TIM_MspPostInit                    0x08005f9c   Section        0  tim.o(i.HAL_TIM_MspPostInit)
    i.HAL_TIM_PWM_ConfigChannel              0x08005ff8   Section        0  stm32f0xx_hal_tim.o(i.HAL_TIM_PWM_ConfigChannel)
    i.HAL_TIM_PWM_Init                       0x0800610a   Section        0  stm32f0xx_hal_tim.o(i.HAL_TIM_PWM_Init)
    i.HAL_TIM_PWM_MspInit                    0x08006142   Section        0  stm32f0xx_hal_tim.o(i.HAL_TIM_PWM_MspInit)
    i.HAL_TIM_PWM_Start                      0x08006144   Section        0  stm32f0xx_hal_tim.o(i.HAL_TIM_PWM_Start)
    i.HAL_UARTEx_WakeupCallback              0x080061b8   Section        0  stm32f0xx_hal_uart_ex.o(i.HAL_UARTEx_WakeupCallback)
    i.HAL_UART_ErrorCallback                 0x080061ba   Section        0  stm32f0xx_hal_uart.o(i.HAL_UART_ErrorCallback)
    i.HAL_UART_IRQHandler                    0x080061bc   Section        0  stm32f0xx_hal_uart.o(i.HAL_UART_IRQHandler)
    i.HAL_UART_Init                          0x080063b0   Section        0  stm32f0xx_hal_uart.o(i.HAL_UART_Init)
    i.HAL_UART_MspInit                       0x08006430   Section        0  usart.o(i.HAL_UART_MspInit)
    i.HAL_UART_Transmit_DMA                  0x08006540   Section        0  stm32f0xx_hal_uart.o(i.HAL_UART_Transmit_DMA)
    i.HAL_UART_TxCpltCallback                0x08006618   Section        0  stm32f0xx_hal_uart.o(i.HAL_UART_TxCpltCallback)
    i.HAL_UART_TxHalfCpltCallback            0x0800661a   Section        0  stm32f0xx_hal_uart.o(i.HAL_UART_TxHalfCpltCallback)
    i.HardFault_Handler                      0x0800661c   Section        0  stm32f0xx_it.o(i.HardFault_Handler)
    i.MX_DMA_Init                            0x08006620   Section        0  dma.o(i.MX_DMA_Init)
    i.MX_GPIO_Init                           0x08006654   Section        0  gpio.o(i.MX_GPIO_Init)
    i.MX_TIM3_Init                           0x080066b0   Section        0  tim.o(i.MX_TIM3_Init)
    i.MX_USART1_UART_Init                    0x08006760   Section        0  usart.o(i.MX_USART1_UART_Init)
    i.NMI_Handler                            0x080067a4   Section        0  stm32f0xx_it.o(i.NMI_Handler)
    i.PCap_Enable                            0x080067a6   Section        0  picocap.o(i.PCap_Enable)
    i.PCap_Init                              0x080067da   Section        0  picocap.o(i.PCap_Init)
    i.PCap_Measure                           0x08006838   Section        0  picocap.o(i.PCap_Measure)
    i.PCap_NSS_Config                        0x08006864   Section        0  picocap.o(i.PCap_NSS_Config)
    PCap_NSS_Config                          0x08006865   Thumb Code    86  picocap.o(i.PCap_NSS_Config)
    i.PCap_PTL_Reset                         0x080068c0   Section        0  picocap.o(i.PCap_PTL_Reset)
    i.PCap_Reg_Config                        0x080068ec   Section        0  picocap.o(i.PCap_Reg_Config)
    i.PCap_Res_Data                          0x08006950   Section        0  picocap.o(i.PCap_Res_Data)
    i.PCap_Res_Sta                           0x080069a0   Section        0  picocap.o(i.PCap_Res_Sta)
    i.PCap_Reset                             0x080069ea   Section        0  picocap.o(i.PCap_Reset)
    i.PCap_WR_SRAM                           0x08006a14   Section        0  picocap.o(i.PCap_WR_SRAM)
    i.PendSV_Handler                         0x08006acc   Section        0  stm32f0xx_it.o(i.PendSV_Handler)
    i.SPI_EndRxTxTransaction                 0x08006ace   Section        0  stm32f0xx_hal_spi.o(i.SPI_EndRxTxTransaction)
    SPI_EndRxTxTransaction                   0x08006acf   Thumb Code   106  stm32f0xx_hal_spi.o(i.SPI_EndRxTxTransaction)
    i.SPI_WaitFifoStateUntilTimeout          0x08006b38   Section        0  stm32f0xx_hal_spi.o(i.SPI_WaitFifoStateUntilTimeout)
    SPI_WaitFifoStateUntilTimeout            0x08006b39   Thumb Code   174  stm32f0xx_hal_spi.o(i.SPI_WaitFifoStateUntilTimeout)
    i.SPI_WaitFlagStateUntilTimeout          0x08006be6   Section        0  stm32f0xx_hal_spi.o(i.SPI_WaitFlagStateUntilTimeout)
    SPI_WaitFlagStateUntilTimeout            0x08006be7   Thumb Code   168  stm32f0xx_hal_spi.o(i.SPI_WaitFlagStateUntilTimeout)
    i.SVC_Handler                            0x08006c8e   Section        0  stm32f0xx_it.o(i.SVC_Handler)
    i.Sensor_PCap_GetResult                  0x08006c90   Section        0  picocap.o(i.Sensor_PCap_GetResult)
    i.SysTick_Handler                        0x08006cd6   Section        0  stm32f0xx_it.o(i.SysTick_Handler)
    i.SystemClock_Config                     0x08006cde   Section        0  main.o(i.SystemClock_Config)
    i.SystemInit                             0x08006d4e   Section        0  system_stm32f0xx.o(i.SystemInit)
    i.TIM_Base_SetConfig                     0x08006d50   Section        0  stm32f0xx_hal_tim.o(i.TIM_Base_SetConfig)
    i.TIM_CCxChannelCmd                      0x08006e00   Section        0  stm32f0xx_hal_tim.o(i.TIM_CCxChannelCmd)
    i.TIM_ETR_SetConfig                      0x08006e22   Section        0  stm32f0xx_hal_tim.o(i.TIM_ETR_SetConfig)
    i.TIM_ITRx_SetConfig                     0x08006e3e   Section        0  stm32f0xx_hal_tim.o(i.TIM_ITRx_SetConfig)
    TIM_ITRx_SetConfig                       0x08006e3f   Thumb Code    24  stm32f0xx_hal_tim.o(i.TIM_ITRx_SetConfig)
    i.TIM_OC1_SetConfig                      0x08006e58   Section        0  stm32f0xx_hal_tim.o(i.TIM_OC1_SetConfig)
    TIM_OC1_SetConfig                        0x08006e59   Thumb Code   158  stm32f0xx_hal_tim.o(i.TIM_OC1_SetConfig)
    i.TIM_OC2_SetConfig                      0x08006f08   Section        0  stm32f0xx_hal_tim.o(i.TIM_OC2_SetConfig)
    i.TIM_OC3_SetConfig                      0x08006fc8   Section        0  stm32f0xx_hal_tim.o(i.TIM_OC3_SetConfig)
    TIM_OC3_SetConfig                        0x08006fc9   Thumb Code   172  stm32f0xx_hal_tim.o(i.TIM_OC3_SetConfig)
    i.TIM_OC4_SetConfig                      0x08007084   Section        0  stm32f0xx_hal_tim.o(i.TIM_OC4_SetConfig)
    TIM_OC4_SetConfig                        0x08007085   Thumb Code   112  stm32f0xx_hal_tim.o(i.TIM_OC4_SetConfig)
    i.TIM_TI1_ConfigInputStage               0x08007104   Section        0  stm32f0xx_hal_tim.o(i.TIM_TI1_ConfigInputStage)
    TIM_TI1_ConfigInputStage                 0x08007105   Thumb Code    50  stm32f0xx_hal_tim.o(i.TIM_TI1_ConfigInputStage)
    i.TIM_TI2_ConfigInputStage               0x08007136   Section        0  stm32f0xx_hal_tim.o(i.TIM_TI2_ConfigInputStage)
    TIM_TI2_ConfigInputStage                 0x08007137   Thumb Code    50  stm32f0xx_hal_tim.o(i.TIM_TI2_ConfigInputStage)
    i.UART_AdvFeatureConfig                  0x08007168   Section        0  stm32f0xx_hal_uart.o(i.UART_AdvFeatureConfig)
    i.UART_CheckIdleState                    0x08007258   Section        0  stm32f0xx_hal_uart.o(i.UART_CheckIdleState)
    i.UART_DMAAbortOnError                   0x080072c8   Section        0  stm32f0xx_hal_uart.o(i.UART_DMAAbortOnError)
    UART_DMAAbortOnError                     0x080072c9   Thumb Code    24  stm32f0xx_hal_uart.o(i.UART_DMAAbortOnError)
    i.UART_DMAError                          0x080072e0   Section        0  stm32f0xx_hal_uart.o(i.UART_DMAError)
    UART_DMAError                            0x080072e1   Thumb Code    82  stm32f0xx_hal_uart.o(i.UART_DMAError)
    i.UART_DMATransmitCplt                   0x08007332   Section        0  stm32f0xx_hal_uart.o(i.UART_DMATransmitCplt)
    UART_DMATransmitCplt                     0x08007333   Thumb Code    52  stm32f0xx_hal_uart.o(i.UART_DMATransmitCplt)
    i.UART_DMATxHalfCplt                     0x08007366   Section        0  stm32f0xx_hal_uart.o(i.UART_DMATxHalfCplt)
    UART_DMATxHalfCplt                       0x08007367   Thumb Code    14  stm32f0xx_hal_uart.o(i.UART_DMATxHalfCplt)
    i.UART_EndRxTransfer                     0x08007374   Section        0  stm32f0xx_hal_uart.o(i.UART_EndRxTransfer)
    UART_EndRxTransfer                       0x08007375   Thumb Code    36  stm32f0xx_hal_uart.o(i.UART_EndRxTransfer)
    i.UART_EndTransmit_IT                    0x08007398   Section        0  stm32f0xx_hal_uart.o(i.UART_EndTransmit_IT)
    UART_EndTransmit_IT                      0x08007399   Thumb Code    32  stm32f0xx_hal_uart.o(i.UART_EndTransmit_IT)
    i.UART_EndTxTransfer                     0x080073b8   Section        0  stm32f0xx_hal_uart.o(i.UART_EndTxTransfer)
    UART_EndTxTransfer                       0x080073b9   Thumb Code    18  stm32f0xx_hal_uart.o(i.UART_EndTxTransfer)
    i.UART_SetConfig                         0x080073cc   Section        0  stm32f0xx_hal_uart.o(i.UART_SetConfig)
    i.UART_WaitOnFlagUntilTimeout            0x08007600   Section        0  stm32f0xx_hal_uart.o(i.UART_WaitOnFlagUntilTimeout)
    i.USART1_IRQHandler                      0x080076bc   Section        0  stm32f0xx_it.o(i.USART1_IRQHandler)
    i.__0sprintf$1                           0x080076cc   Section        0  printf1.o(i.__0sprintf$1)
    i.__ARM_clz                              0x080076f4   Section        0  depilogue.o(i.__ARM_clz)
    i.__ARM_common_ll_muluu                  0x08007722   Section        0  stm32f0xx_hal_rcc.o(i.__ARM_common_ll_muluu)
    i.__NVIC_SetPriority                     0x08007754   Section        0  stm32f0xx_hal_cortex.o(i.__NVIC_SetPriority)
    __NVIC_SetPriority                       0x08007755   Thumb Code   110  stm32f0xx_hal_cortex.o(i.__NVIC_SetPriority)
    i.__scatterload_copy                     0x080077cc   Section       14  handlers.o(i.__scatterload_copy)
    i.__scatterload_null                     0x080077da   Section        2  handlers.o(i.__scatterload_null)
    i.__scatterload_zeroinit                 0x080077dc   Section       14  handlers.o(i.__scatterload_zeroinit)
    i._printf_core                           0x080077ec   Section        0  printf1.o(i._printf_core)
    _printf_core                             0x080077ed   Thumb Code   332  printf1.o(i._printf_core)
    i._sputc                                 0x0800793c   Section        0  printf1.o(i._sputc)
    _sputc                                   0x0800793d   Thumb Code    10  printf1.o(i._sputc)
    i.main                                   0x08007948   Section        0  main.o(i.main)
    .constdata                               0x08007b10   Section     1028  picocap.o(.constdata)
    .constdata                               0x08007f14   Section       90  main.o(.constdata)
    .constdata                               0x08007f6e   Section       24  system_stm32f0xx.o(.constdata)
    .ARM.__AT_0x20000000                     0x20000000   Section      192  main.o(.ARM.__AT_0x20000000)
    .data                                    0x200000c0   Section       20  main.o(.data)
    .data                                    0x200000d4   Section        9  stm32f0xx_hal.o(.data)
    .data                                    0x200000e0   Section        4  system_stm32f0xx.o(.data)
    [Anonymous Symbol]                       0x200000e4   Section        0  calculation.o(.data.FilteringLevel)
    FilteringLevel                           0x200000e4   Data           1  calculation.o(.data.FilteringLevel)
    [Anonymous Symbol]                       0x200000e6   Section        0  calculation.o(.data.Prescaler)
    Prescaler                                0x200000e6   Data           2  calculation.o(.data.Prescaler)
    [Anonymous Symbol]                       0x200000e8   Section        0  calculation.o(.data.hz_0)
    hz_0                                     0x200000e8   Data           2  calculation.o(.data.hz_0)
    [Anonymous Symbol]                       0x200000ea   Section        0  calculation.o(.data.hz_1)
    hz_1                                     0x200000ea   Data           2  calculation.o(.data.hz_1)
    [Anonymous Symbol]                       0x200000ec   Section        0  calculation.o(.data.hz_10)
    hz_10                                    0x200000ec   Data           2  calculation.o(.data.hz_10)
    [Anonymous Symbol]                       0x200000ee   Section        0  calculation.o(.data.hz_2)
    hz_2                                     0x200000ee   Data           2  calculation.o(.data.hz_2)
    [Anonymous Symbol]                       0x200000f0   Section        0  calculation.o(.data.hz_3)
    hz_3                                     0x200000f0   Data           2  calculation.o(.data.hz_3)
    [Anonymous Symbol]                       0x200000f2   Section        0  calculation.o(.data.hz_4)
    hz_4                                     0x200000f2   Data           2  calculation.o(.data.hz_4)
    [Anonymous Symbol]                       0x200000f4   Section        0  calculation.o(.data.hz_5)
    hz_5                                     0x200000f4   Data           2  calculation.o(.data.hz_5)
    [Anonymous Symbol]                       0x200000f6   Section        0  calculation.o(.data.hz_6)
    hz_6                                     0x200000f6   Data           2  calculation.o(.data.hz_6)
    [Anonymous Symbol]                       0x200000f8   Section        0  calculation.o(.data.hz_7)
    hz_7                                     0x200000f8   Data           2  calculation.o(.data.hz_7)
    [Anonymous Symbol]                       0x200000fa   Section        0  calculation.o(.data.hz_8)
    hz_8                                     0x200000fa   Data           2  calculation.o(.data.hz_8)
    [Anonymous Symbol]                       0x200000fc   Section        0  calculation.o(.data.hz_9)
    hz_9                                     0x200000fc   Data           2  calculation.o(.data.hz_9)
    .bss                                     0x20000100   Section      100  spi_bsp.o(.bss)
    hspi1                                    0x20000100   Data         100  spi_bsp.o(.bss)
    .bss                                     0x20000164   Section      200  main.o(.bss)
    .bss                                     0x2000022c   Section       64  tim.o(.bss)
    .bss                                     0x2000026c   Section      264  usart.o(.bss)
    [Anonymous Symbol]                       0x20000374   Section        0  calculation.o(.bss.PCap_ChangeTheFrequency.buf_altitude)
    PCap_ChangeTheFrequency.buf_altitude     0x20000374   Data           4  calculation.o(.bss.PCap_ChangeTheFrequency.buf_altitude)
    [Anonymous Symbol]                       0x20000378   Section        0  calculation.o(.bss.PCap_Get_filter.buf2)
    PCap_Get_filter.buf2                     0x20000378   Data           4  calculation.o(.bss.PCap_Get_filter.buf2)
    [Anonymous Symbol]                       0x2000037c   Section        0  calculation.o(.bss.PCap_Get_filter.buf_PCap)
    PCap_Get_filter.buf_PCap                 0x2000037c   Data         104  calculation.o(.bss.PCap_Get_filter.buf_PCap)
    [Anonymous Symbol]                       0x200003e4   Section        0  calculation.o(.bss.PCap_Get_filter.initial)
    PCap_Get_filter.initial                  0x200003e4   Data           1  calculation.o(.bss.PCap_Get_filter.initial)
    [Anonymous Symbol]                       0x200003e5   Section        0  calculation.o(.bss.PCap_Get_filter.signs)
    PCap_Get_filter.signs                    0x200003e5   Data           1  calculation.o(.bss.PCap_Get_filter.signs)
    [Anonymous Symbol]                       0x200003e6   Section        0  calculation.o(.bss.altitude1)
    altitude1                                0x200003e6   Data           2  calculation.o(.bss.altitude1)
    [Anonymous Symbol]                       0x200003e8   Section        0  calculation.o(.bss.altitude10)
    altitude10                               0x200003e8   Data           2  calculation.o(.bss.altitude10)
    [Anonymous Symbol]                       0x200003ea   Section        0  calculation.o(.bss.altitude2)
    altitude2                                0x200003ea   Data           2  calculation.o(.bss.altitude2)
    [Anonymous Symbol]                       0x200003ec   Section        0  calculation.o(.bss.altitude3)
    altitude3                                0x200003ec   Data           2  calculation.o(.bss.altitude3)
    [Anonymous Symbol]                       0x200003ee   Section        0  calculation.o(.bss.altitude4)
    altitude4                                0x200003ee   Data           2  calculation.o(.bss.altitude4)
    [Anonymous Symbol]                       0x200003f0   Section        0  calculation.o(.bss.altitude5)
    altitude5                                0x200003f0   Data           2  calculation.o(.bss.altitude5)
    [Anonymous Symbol]                       0x200003f2   Section        0  calculation.o(.bss.altitude6)
    altitude6                                0x200003f2   Data           2  calculation.o(.bss.altitude6)
    [Anonymous Symbol]                       0x200003f4   Section        0  calculation.o(.bss.altitude7)
    altitude7                                0x200003f4   Data           2  calculation.o(.bss.altitude7)
    [Anonymous Symbol]                       0x200003f6   Section        0  calculation.o(.bss.altitude8)
    altitude8                                0x200003f6   Data           2  calculation.o(.bss.altitude8)
    [Anonymous Symbol]                       0x200003f8   Section        0  calculation.o(.bss.altitude9)
    altitude9                                0x200003f8   Data           2  calculation.o(.bss.altitude9)
    [Anonymous Symbol]                       0x200003fc   Section        0  calculation.o(.bss.basicValue_0)
    basicValue_0                             0x200003fc   Data           4  calculation.o(.bss.basicValue_0)
    [Anonymous Symbol]                       0x20000400   Section        0  calculation.o(.bss.basicValue_1)
    basicValue_1                             0x20000400   Data           4  calculation.o(.bss.basicValue_1)
    [Anonymous Symbol]                       0x20000404   Section        0  calculation.o(.bss.basicValue_10)
    basicValue_10                            0x20000404   Data           4  calculation.o(.bss.basicValue_10)
    [Anonymous Symbol]                       0x20000408   Section        0  calculation.o(.bss.basicValue_2)
    basicValue_2                             0x20000408   Data           4  calculation.o(.bss.basicValue_2)
    [Anonymous Symbol]                       0x2000040c   Section        0  calculation.o(.bss.basicValue_3)
    basicValue_3                             0x2000040c   Data           4  calculation.o(.bss.basicValue_3)
    [Anonymous Symbol]                       0x20000410   Section        0  calculation.o(.bss.basicValue_4)
    basicValue_4                             0x20000410   Data           4  calculation.o(.bss.basicValue_4)
    [Anonymous Symbol]                       0x20000414   Section        0  calculation.o(.bss.basicValue_5)
    basicValue_5                             0x20000414   Data           4  calculation.o(.bss.basicValue_5)
    [Anonymous Symbol]                       0x20000418   Section        0  calculation.o(.bss.basicValue_6)
    basicValue_6                             0x20000418   Data           4  calculation.o(.bss.basicValue_6)
    [Anonymous Symbol]                       0x2000041c   Section        0  calculation.o(.bss.basicValue_7)
    basicValue_7                             0x2000041c   Data           4  calculation.o(.bss.basicValue_7)
    [Anonymous Symbol]                       0x20000420   Section        0  calculation.o(.bss.basicValue_8)
    basicValue_8                             0x20000420   Data           4  calculation.o(.bss.basicValue_8)
    [Anonymous Symbol]                       0x20000424   Section        0  calculation.o(.bss.basicValue_9)
    basicValue_9                             0x20000424   Data           4  calculation.o(.bss.basicValue_9)
    [Anonymous Symbol]                       0x20000428   Section        0  calculation.o(.bss.hz)
    hz                                       0x20000428   Data           2  calculation.o(.bss.hz)
    STACK                                    0x20000430   Section     1024  startup_stm32f072xb.o(STACK)

    Global Symbols

    Symbol Name                              Value     Ov Type        Size  Object(Section)

    BuildAttributes$$THM_ISAv3M$S$PE$A:L22$X:L11$S22$IEEE1$IW$USESV6$~STKCKD$USESV7$~SHL$OTIME$ROPI$EBA8$MICROLIB$REQ8$PRES8$EABIv2 0x00000000   Number         0  anon$$obj.o ABSOLUTE
    __ARM_use_no_argv                        0x00000000   Number         0  main.o ABSOLUTE
    _printf_a                                0x00000000   Number         0  stubs.o ABSOLUTE
    _printf_c                                0x00000000   Number         0  stubs.o ABSOLUTE
    _printf_charcount                        0x00000000   Number         0  stubs.o ABSOLUTE
    _printf_d                                0x00000000   Number         0  stubs.o ABSOLUTE
    _printf_e                                0x00000000   Number         0  stubs.o ABSOLUTE
    _printf_f                                0x00000000   Number         0  stubs.o ABSOLUTE
    _printf_flags                            0x00000000   Number         0  stubs.o ABSOLUTE
    _printf_fp_dec                           0x00000000   Number         0  stubs.o ABSOLUTE
    _printf_fp_hex                           0x00000000   Number         0  stubs.o ABSOLUTE
    _printf_g                                0x00000000   Number         0  stubs.o ABSOLUTE
    _printf_i                                0x00000000   Number         0  stubs.o ABSOLUTE
    _printf_int_dec                          0x00000000   Number         0  stubs.o ABSOLUTE
    _printf_l                                0x00000000   Number         0  stubs.o ABSOLUTE
    _printf_lc                               0x00000000   Number         0  stubs.o ABSOLUTE
    _printf_ll                               0x00000000   Number         0  stubs.o ABSOLUTE
    _printf_lld                              0x00000000   Number         0  stubs.o ABSOLUTE
    _printf_lli                              0x00000000   Number         0  stubs.o ABSOLUTE
    _printf_llo                              0x00000000   Number         0  stubs.o ABSOLUTE
    _printf_llu                              0x00000000   Number         0  stubs.o ABSOLUTE
    _printf_llx                              0x00000000   Number         0  stubs.o ABSOLUTE
    _printf_longlong_dec                     0x00000000   Number         0  stubs.o ABSOLUTE
    _printf_longlong_hex                     0x00000000   Number         0  stubs.o ABSOLUTE
    _printf_longlong_oct                     0x00000000   Number         0  stubs.o ABSOLUTE
    _printf_ls                               0x00000000   Number         0  stubs.o ABSOLUTE
    _printf_mbtowc                           0x00000000   Number         0  stubs.o ABSOLUTE
    _printf_n                                0x00000000   Number         0  stubs.o ABSOLUTE
    _printf_o                                0x00000000   Number         0  stubs.o ABSOLUTE
    _printf_p                                0x00000000   Number         0  stubs.o ABSOLUTE
    _printf_percent                          0x00000000   Number         0  stubs.o ABSOLUTE
    _printf_pre_padding                      0x00000000   Number         0  stubs.o ABSOLUTE
    _printf_return_value                     0x00000000   Number         0  stubs.o ABSOLUTE
    _printf_s                                0x00000000   Number         0  stubs.o ABSOLUTE
    _printf_sizespec                         0x00000000   Number         0  stubs.o ABSOLUTE
    _printf_str                              0x00000000   Number         0  stubs.o ABSOLUTE
    _printf_truncate_signed                  0x00000000   Number         0  stubs.o ABSOLUTE
    _printf_truncate_unsigned                0x00000000   Number         0  stubs.o ABSOLUTE
    _printf_u                                0x00000000   Number         0  stubs.o ABSOLUTE
    _printf_wc                               0x00000000   Number         0  stubs.o ABSOLUTE
    _printf_wctomb                           0x00000000   Number         0  stubs.o ABSOLUTE
    _printf_widthprec                        0x00000000   Number         0  stubs.o ABSOLUTE
    _printf_x                                0x00000000   Number         0  stubs.o ABSOLUTE
    __arm_fini_                               - Undefined Weak Reference
    __cpp_initialize__aeabi_                  - Undefined Weak Reference
    __cxa_finalize                            - Undefined Weak Reference
    __decompress                              - Undefined Weak Reference
    _clock_init                               - Undefined Weak Reference
    _microlib_exit                            - Undefined Weak Reference
    __Vectors_Size                           0x000000c0   Number         0  startup_stm32f072xb.o ABSOLUTE
    __Vectors                                0x08003000   Data           4  startup_stm32f072xb.o(RESET)
    __Vectors_End                            0x080030c0   Data           0  startup_stm32f072xb.o(RESET)
    __main                                   0x080030c1   Thumb Code     0  entry.o(.ARM.Collect$$$$00000000)
    _main_stk                                0x080030c1   Thumb Code     0  entry2.o(.ARM.Collect$$$$00000001)
    _main_scatterload                        0x080030c5   Thumb Code     0  entry5.o(.ARM.Collect$$$$00000004)
    __main_after_scatterload                 0x080030c9   Thumb Code     0  entry5.o(.ARM.Collect$$$$00000004)
    _main_clock                              0x080030c9   Thumb Code     0  entry7b.o(.ARM.Collect$$$$00000008)
    _main_cpp_init                           0x080030c9   Thumb Code     0  entry8b.o(.ARM.Collect$$$$0000000A)
    _main_init                               0x080030c9   Thumb Code     0  entry9a.o(.ARM.Collect$$$$0000000B)
    __rt_lib_shutdown_fini                   0x080030d1   Thumb Code     0  entry12b.o(.ARM.Collect$$$$0000000E)
    __rt_final_cpp                           0x080030d5   Thumb Code     0  entry10a.o(.ARM.Collect$$$$0000000F)
    __rt_final_exit                          0x080030d5   Thumb Code     0  entry11a.o(.ARM.Collect$$$$00000011)
    Reset_Handler                            0x080030d9   Thumb Code     8  startup_stm32f072xb.o(.text)
    ADC1_COMP_IRQHandler                     0x080030eb   Thumb Code     0  startup_stm32f072xb.o(.text)
    CEC_CAN_IRQHandler                       0x080030eb   Thumb Code     0  startup_stm32f072xb.o(.text)
    DMA1_Channel1_IRQHandler                 0x080030eb   Thumb Code     0  startup_stm32f072xb.o(.text)
    DMA1_Channel4_5_6_7_IRQHandler           0x080030eb   Thumb Code     0  startup_stm32f072xb.o(.text)
    EXTI0_1_IRQHandler                       0x080030eb   Thumb Code     0  startup_stm32f072xb.o(.text)
    EXTI2_3_IRQHandler                       0x080030eb   Thumb Code     0  startup_stm32f072xb.o(.text)
    EXTI4_15_IRQHandler                      0x080030eb   Thumb Code     0  startup_stm32f072xb.o(.text)
    FLASH_IRQHandler                         0x080030eb   Thumb Code     0  startup_stm32f072xb.o(.text)
    I2C1_IRQHandler                          0x080030eb   Thumb Code     0  startup_stm32f072xb.o(.text)
    I2C2_IRQHandler                          0x080030eb   Thumb Code     0  startup_stm32f072xb.o(.text)
    PVD_VDDIO2_IRQHandler                    0x080030eb   Thumb Code     0  startup_stm32f072xb.o(.text)
    RCC_CRS_IRQHandler                       0x080030eb   Thumb Code     0  startup_stm32f072xb.o(.text)
    RTC_IRQHandler                           0x080030eb   Thumb Code     0  startup_stm32f072xb.o(.text)
    SPI1_IRQHandler                          0x080030eb   Thumb Code     0  startup_stm32f072xb.o(.text)
    SPI2_IRQHandler                          0x080030eb   Thumb Code     0  startup_stm32f072xb.o(.text)
    TIM14_IRQHandler                         0x080030eb   Thumb Code     0  startup_stm32f072xb.o(.text)
    TIM15_IRQHandler                         0x080030eb   Thumb Code     0  startup_stm32f072xb.o(.text)
    TIM16_IRQHandler                         0x080030eb   Thumb Code     0  startup_stm32f072xb.o(.text)
    TIM17_IRQHandler                         0x080030eb   Thumb Code     0  startup_stm32f072xb.o(.text)
    TIM1_BRK_UP_TRG_COM_IRQHandler           0x080030eb   Thumb Code     0  startup_stm32f072xb.o(.text)
    TIM1_CC_IRQHandler                       0x080030eb   Thumb Code     0  startup_stm32f072xb.o(.text)
    TIM2_IRQHandler                          0x080030eb   Thumb Code     0  startup_stm32f072xb.o(.text)
    TIM3_IRQHandler                          0x080030eb   Thumb Code     0  startup_stm32f072xb.o(.text)
    TIM6_DAC_IRQHandler                      0x080030eb   Thumb Code     0  startup_stm32f072xb.o(.text)
    TIM7_IRQHandler                          0x080030eb   Thumb Code     0  startup_stm32f072xb.o(.text)
    TSC_IRQHandler                           0x080030eb   Thumb Code     0  startup_stm32f072xb.o(.text)
    USART2_IRQHandler                        0x080030eb   Thumb Code     0  startup_stm32f072xb.o(.text)
    USART3_4_IRQHandler                      0x080030eb   Thumb Code     0  startup_stm32f072xb.o(.text)
    USB_IRQHandler                           0x080030eb   Thumb Code     0  startup_stm32f072xb.o(.text)
    WWDG_IRQHandler                          0x080030eb   Thumb Code     0  startup_stm32f072xb.o(.text)
    __aeabi_uidiv                            0x080030f5   Thumb Code     0  uidiv.o(.text)
    __aeabi_uidivmod                         0x080030f5   Thumb Code    44  uidiv.o(.text)
    __aeabi_uldivmod                         0x08003121   Thumb Code    96  uldiv.o(.text)
    __aeabi_llsr                             0x08003181   Thumb Code    34  llushr.o(.text)
    _ll_ushift_r                             0x08003181   Thumb Code     0  llushr.o(.text)
    __aeabi_memcpy                           0x080031a3   Thumb Code    36  memcpya.o(.text)
    __aeabi_memcpy4                          0x080031a3   Thumb Code     0  memcpya.o(.text)
    __aeabi_memcpy8                          0x080031a3   Thumb Code     0  memcpya.o(.text)
    __aeabi_memset                           0x080031c7   Thumb Code    14  memseta.o(.text)
    __aeabi_memset4                          0x080031c7   Thumb Code     0  memseta.o(.text)
    __aeabi_memset8                          0x080031c7   Thumb Code     0  memseta.o(.text)
    __aeabi_memclr                           0x080031d5   Thumb Code     4  memseta.o(.text)
    __aeabi_memclr4                          0x080031d5   Thumb Code     0  memseta.o(.text)
    __aeabi_memclr8                          0x080031d5   Thumb Code     0  memseta.o(.text)
    _memset$wrapper                          0x080031d9   Thumb Code    18  memseta.o(.text)
    __aeabi_fadd                             0x080031eb   Thumb Code   162  fadd.o(.text)
    __aeabi_fsub                             0x0800328d   Thumb Code     8  fadd.o(.text)
    __aeabi_frsub                            0x08003295   Thumb Code     8  fadd.o(.text)
    __aeabi_fmul                             0x0800329d   Thumb Code   122  fmul.o(.text)
    __aeabi_fdiv                             0x08003317   Thumb Code   124  fdiv.o(.text)
    __aeabi_dmul                             0x08003395   Thumb Code   202  dmul.o(.text)
    __aeabi_ddiv                             0x08003465   Thumb Code   234  ddiv.o(.text)
    __aeabi_fcmple                           0x08003555   Thumb Code    28  fcmple.o(.text)
    __aeabi_fcmplt                           0x08003571   Thumb Code    28  fcmplt.o(.text)
    __aeabi_fcmpgt                           0x0800358d   Thumb Code    28  fcmpgt.o(.text)
    __aeabi_fcmpeq                           0x080035a9   Thumb Code    28  fcmpeq.o(.text)
    __aeabi_i2f                              0x080035c5   Thumb Code    22  fflti.o(.text)
    __aeabi_ui2f                             0x080035db   Thumb Code    14  ffltui.o(.text)
    __aeabi_ui2d                             0x080035e9   Thumb Code    24  dfltui.o(.text)
    __aeabi_f2iz                             0x08003605   Thumb Code    50  ffixi.o(.text)
    __aeabi_f2uiz                            0x08003637   Thumb Code    40  ffixui.o(.text)
    __aeabi_d2uiz                            0x08003661   Thumb Code    50  dfixui.o(.text)
    __aeabi_llsl                             0x0800369d   Thumb Code    32  llshl.o(.text)
    _ll_shift_l                              0x0800369d   Thumb Code     0  llshl.o(.text)
    __I$use$fp                               0x080036bd   Thumb Code     0  iusefp.o(.text)
    _float_round                             0x080036bd   Thumb Code    16  fepilogue.o(.text)
    _float_epilogue                          0x080036cd   Thumb Code   114  fepilogue.o(.text)
    _double_round                            0x0800373f   Thumb Code    26  depilogue.o(.text)
    _double_epilogue                         0x08003759   Thumb Code   164  depilogue.o(.text)
    __scatterload                            0x080037fd   Thumb Code    28  init.o(.text)
    __scatterload_rt2                        0x080037fd   Thumb Code     0  init.o(.text)
    FrequencyCalibration                     0x08003821   Thumb Code    12  calculation.o(.text.FrequencyCalibration)
    GetPrescaler                             0x0800382d   Thumb Code    60  calculation.o(.text.GetPrescaler)
    PCap_ChangeTheFrequency                  0x08003869   Thumb Code  2376  calculation.o(.text.PCap_ChangeTheFrequency)
    PCap_Get_filter                          0x080041b1   Thumb Code   540  calculation.o(.text.PCap_Get_filter)
    get_hz                                   0x080043cd   Thumb Code    12  calculation.o(.text.get_hz)
    parameter_init                           0x080043d9   Thumb Code   444  calculation.o(.text.parameter_init)
    BSP_SPI_Init                             0x08004595   Thumb Code    74  spi_bsp.o(i.BSP_SPI_Init)
    BSP_SPI_Transmit                         0x080045e9   Thumb Code    30  spi_bsp.o(i.BSP_SPI_Transmit)
    BSP_SPI_TransmitReceive                  0x08004611   Thumb Code    36  spi_bsp.o(i.BSP_SPI_TransmitReceive)
    DMA1_Channel2_3_IRQHandler               0x0800463d   Thumb Code    16  stm32f0xx_it.o(i.DMA1_Channel2_3_IRQHandler)
    Error_Handler                            0x0800469f   Thumb Code     2  main.o(i.Error_Handler)
    HAL_DMA_Abort_IT                         0x080046a1   Thumb Code    88  stm32f0xx_hal_dma.o(i.HAL_DMA_Abort_IT)
    HAL_DMA_IRQHandler                       0x080046f9   Thumb Code   240  stm32f0xx_hal_dma.o(i.HAL_DMA_IRQHandler)
    HAL_DMA_Init                             0x080047e9   Thumb Code    86  stm32f0xx_hal_dma.o(i.HAL_DMA_Init)
    HAL_DMA_Start_IT                         0x08004845   Thumb Code   154  stm32f0xx_hal_dma.o(i.HAL_DMA_Start_IT)
    HAL_Delay                                0x080048e1   Thumb Code    38  stm32f0xx_hal.o(i.HAL_Delay)
    HAL_GPIO_Init                            0x0800490d   Thumb Code   474  stm32f0xx_hal_gpio.o(i.HAL_GPIO_Init)
    HAL_GPIO_WritePin                        0x08004b05   Thumb Code    12  stm32f0xx_hal_gpio.o(i.HAL_GPIO_WritePin)
    HAL_GetTick                              0x08004b11   Thumb Code     6  stm32f0xx_hal.o(i.HAL_GetTick)
    HAL_IncTick                              0x08004b1d   Thumb Code    16  stm32f0xx_hal.o(i.HAL_IncTick)
    HAL_Init                                 0x08004b35   Thumb Code    28  stm32f0xx_hal.o(i.HAL_Init)
    HAL_InitTick                             0x08004b55   Thumb Code    70  stm32f0xx_hal.o(i.HAL_InitTick)
    HAL_MspInit                              0x08004ba9   Thumb Code    60  stm32f0xx_hal_msp.o(i.HAL_MspInit)
    HAL_NVIC_EnableIRQ                       0x08004be9   Thumb Code    22  stm32f0xx_hal_cortex.o(i.HAL_NVIC_EnableIRQ)
    HAL_NVIC_SetPriority                     0x08004c05   Thumb Code    18  stm32f0xx_hal_cortex.o(i.HAL_NVIC_SetPriority)
    HAL_RCCEx_PeriphCLKConfig                0x08004c19   Thumb Code   406  stm32f0xx_hal_rcc_ex.o(i.HAL_RCCEx_PeriphCLKConfig)
    HAL_RCC_ClockConfig                      0x08004dbd   Thumb Code   366  stm32f0xx_hal_rcc.o(i.HAL_RCC_ClockConfig)
    HAL_RCC_GetHCLKFreq                      0x08004f41   Thumb Code     6  stm32f0xx_hal_rcc.o(i.HAL_RCC_GetHCLKFreq)
    HAL_RCC_GetPCLK1Freq                     0x08004f4d   Thumb Code    26  stm32f0xx_hal_rcc.o(i.HAL_RCC_GetPCLK1Freq)
    HAL_RCC_GetSysClockFreq                  0x08004f71   Thumb Code   218  stm32f0xx_hal_rcc.o(i.HAL_RCC_GetSysClockFreq)
    HAL_RCC_OscConfig                        0x08005079   Thumb Code  1592  stm32f0xx_hal_rcc.o(i.HAL_RCC_OscConfig)
    HAL_SPI_Init                             0x080056b5   Thumb Code   220  stm32f0xx_hal_spi.o(i.HAL_SPI_Init)
    HAL_SPI_MspInit                          0x08005791   Thumb Code   194  spi_bsp.o(i.HAL_SPI_MspInit)
    HAL_SPI_Transmit                         0x0800585d   Thumb Code   524  stm32f0xx_hal_spi.o(i.HAL_SPI_Transmit)
    HAL_SPI_TransmitReceive                  0x08005a69   Thumb Code   760  stm32f0xx_hal_spi.o(i.HAL_SPI_TransmitReceive)
    HAL_SYSTICK_Config                       0x08005d61   Thumb Code    46  stm32f0xx_hal_cortex.o(i.HAL_SYSTICK_Config)
    HAL_TIMEx_MasterConfigSynchronization    0x08005d99   Thumb Code   128  stm32f0xx_hal_tim_ex.o(i.HAL_TIMEx_MasterConfigSynchronization)
    HAL_TIM_Base_Init                        0x08005e25   Thumb Code    56  stm32f0xx_hal_tim.o(i.HAL_TIM_Base_Init)
    HAL_TIM_Base_MspInit                     0x08005e5d   Thumb Code    40  tim.o(i.HAL_TIM_Base_MspInit)
    HAL_TIM_ConfigClockSource                0x08005e8d   Thumb Code   272  stm32f0xx_hal_tim.o(i.HAL_TIM_ConfigClockSource)
    HAL_TIM_MspPostInit                      0x08005f9d   Thumb Code    84  tim.o(i.HAL_TIM_MspPostInit)
    HAL_TIM_PWM_ConfigChannel                0x08005ff9   Thumb Code   274  stm32f0xx_hal_tim.o(i.HAL_TIM_PWM_ConfigChannel)
    HAL_TIM_PWM_Init                         0x0800610b   Thumb Code    56  stm32f0xx_hal_tim.o(i.HAL_TIM_PWM_Init)
    HAL_TIM_PWM_MspInit                      0x08006143   Thumb Code     2  stm32f0xx_hal_tim.o(i.HAL_TIM_PWM_MspInit)
    HAL_TIM_PWM_Start                        0x08006145   Thumb Code   100  stm32f0xx_hal_tim.o(i.HAL_TIM_PWM_Start)
    HAL_UARTEx_WakeupCallback                0x080061b9   Thumb Code     2  stm32f0xx_hal_uart_ex.o(i.HAL_UARTEx_WakeupCallback)
    HAL_UART_ErrorCallback                   0x080061bb   Thumb Code     2  stm32f0xx_hal_uart.o(i.HAL_UART_ErrorCallback)
    HAL_UART_IRQHandler                      0x080061bd   Thumb Code   492  stm32f0xx_hal_uart.o(i.HAL_UART_IRQHandler)
    HAL_UART_Init                            0x080063b1   Thumb Code   126  stm32f0xx_hal_uart.o(i.HAL_UART_Init)
    HAL_UART_MspInit                         0x08006431   Thumb Code   250  usart.o(i.HAL_UART_MspInit)
    HAL_UART_Transmit_DMA                    0x08006541   Thumb Code   202  stm32f0xx_hal_uart.o(i.HAL_UART_Transmit_DMA)
    HAL_UART_TxCpltCallback                  0x08006619   Thumb Code     2  stm32f0xx_hal_uart.o(i.HAL_UART_TxCpltCallback)
    HAL_UART_TxHalfCpltCallback              0x0800661b   Thumb Code     2  stm32f0xx_hal_uart.o(i.HAL_UART_TxHalfCpltCallback)
    HardFault_Handler                        0x0800661d   Thumb Code     4  stm32f0xx_it.o(i.HardFault_Handler)
    MX_DMA_Init                              0x08006621   Thumb Code    48  dma.o(i.MX_DMA_Init)
    MX_GPIO_Init                             0x08006655   Thumb Code    86  gpio.o(i.MX_GPIO_Init)
    MX_TIM3_Init                             0x080066b1   Thumb Code   168  tim.o(i.MX_TIM3_Init)
    MX_USART1_UART_Init                      0x08006761   Thumb Code    58  usart.o(i.MX_USART1_UART_Init)
    NMI_Handler                              0x080067a5   Thumb Code     2  stm32f0xx_it.o(i.NMI_Handler)
    PCap_Enable                              0x080067a7   Thumb Code    52  picocap.o(i.PCap_Enable)
    PCap_Init                                0x080067db   Thumb Code    94  picocap.o(i.PCap_Init)
    PCap_Measure                             0x08006839   Thumb Code    42  picocap.o(i.PCap_Measure)
    PCap_PTL_Reset                           0x080068c1   Thumb Code    42  picocap.o(i.PCap_PTL_Reset)
    PCap_Reg_Config                          0x080068ed   Thumb Code    96  picocap.o(i.PCap_Reg_Config)
    PCap_Res_Data                            0x08006951   Thumb Code    80  picocap.o(i.PCap_Res_Data)
    PCap_Res_Sta                             0x080069a1   Thumb Code    74  picocap.o(i.PCap_Res_Sta)
    PCap_Reset                               0x080069eb   Thumb Code    42  picocap.o(i.PCap_Reset)
    PCap_WR_SRAM                             0x08006a15   Thumb Code   180  picocap.o(i.PCap_WR_SRAM)
    PendSV_Handler                           0x08006acd   Thumb Code     2  stm32f0xx_it.o(i.PendSV_Handler)
    SVC_Handler                              0x08006c8f   Thumb Code     2  stm32f0xx_it.o(i.SVC_Handler)
    Sensor_PCap_GetResult                    0x08006c91   Thumb Code    70  picocap.o(i.Sensor_PCap_GetResult)
    SysTick_Handler                          0x08006cd7   Thumb Code     8  stm32f0xx_it.o(i.SysTick_Handler)
    SystemClock_Config                       0x08006cdf   Thumb Code   112  main.o(i.SystemClock_Config)
    SystemInit                               0x08006d4f   Thumb Code     2  system_stm32f0xx.o(i.SystemInit)
    TIM_Base_SetConfig                       0x08006d51   Thumb Code   150  stm32f0xx_hal_tim.o(i.TIM_Base_SetConfig)
    TIM_CCxChannelCmd                        0x08006e01   Thumb Code    34  stm32f0xx_hal_tim.o(i.TIM_CCxChannelCmd)
    TIM_ETR_SetConfig                        0x08006e23   Thumb Code    28  stm32f0xx_hal_tim.o(i.TIM_ETR_SetConfig)
    TIM_OC2_SetConfig                        0x08006f09   Thumb Code   176  stm32f0xx_hal_tim.o(i.TIM_OC2_SetConfig)
    UART_AdvFeatureConfig                    0x08007169   Thumb Code   240  stm32f0xx_hal_uart.o(i.UART_AdvFeatureConfig)
    UART_CheckIdleState                      0x08007259   Thumb Code   106  stm32f0xx_hal_uart.o(i.UART_CheckIdleState)
    UART_SetConfig                           0x080073cd   Thumb Code   528  stm32f0xx_hal_uart.o(i.UART_SetConfig)
    UART_WaitOnFlagUntilTimeout              0x08007601   Thumb Code   188  stm32f0xx_hal_uart.o(i.UART_WaitOnFlagUntilTimeout)
    USART1_IRQHandler                        0x080076bd   Thumb Code    10  stm32f0xx_it.o(i.USART1_IRQHandler)
    __0sprintf$1                             0x080076cd   Thumb Code    36  printf1.o(i.__0sprintf$1)
    __1sprintf$1                             0x080076cd   Thumb Code     0  printf1.o(i.__0sprintf$1)
    __2sprintf                               0x080076cd   Thumb Code     0  printf1.o(i.__0sprintf$1)
    __ARM_clz                                0x080076f5   Thumb Code    46  depilogue.o(i.__ARM_clz)
    __ARM_common_ll_muluu                    0x08007723   Thumb Code    48  stm32f0xx_hal_rcc.o(i.__ARM_common_ll_muluu)
    __scatterload_copy                       0x080077cd   Thumb Code    14  handlers.o(i.__scatterload_copy)
    __scatterload_null                       0x080077db   Thumb Code     2  handlers.o(i.__scatterload_null)
    __scatterload_zeroinit                   0x080077dd   Thumb Code    14  handlers.o(i.__scatterload_zeroinit)
    main                                     0x08007949   Thumb Code   370  main.o(i.main)
    SRAM_DATA                                0x08007b10   Data         944  picocap.o(.constdata)
    REG                                      0x08007ec0   Data          84  picocap.o(.constdata)
    AHBPrescTable                            0x08007f6e   Data          16  system_stm32f0xx.o(.constdata)
    APBPrescTable                            0x08007f7e   Data           8  system_stm32f0xx.o(.constdata)
    Region$$Table$$Base                      0x08007f88   Number         0  anon$$obj.o(Region$$Table)
    Region$$Table$$Limit                     0x08007fa8   Number         0  anon$$obj.o(Region$$Table)
    VectorTable                              0x20000000   Data         192  main.o(.ARM.__AT_0x20000000)
    PCap_buf                                 0x200000c0   Data           8  main.o(.data)
    Period                                   0x200000c8   Data           4  main.o(.data)
    i                                        0x200000cc   Data           1  main.o(.data)
    altit                                    0x200000d0   Data           4  main.o(.data)
    uwTick                                   0x200000d4   Data           4  stm32f0xx_hal.o(.data)
    uwTickPrio                               0x200000d8   Data           4  stm32f0xx_hal.o(.data)
    uwTickFreq                               0x200000dc   Data           1  stm32f0xx_hal.o(.data)
    SystemCoreClock                          0x200000e0   Data           4  system_stm32f0xx.o(.data)
    UART_BUF                                 0x20000164   Data         200  main.o(.bss)
    htim3                                    0x2000022c   Data          64  tim.o(.bss)
    huart1                                   0x2000026c   Data         128  usart.o(.bss)
    hdma_usart1_rx                           0x200002ec   Data          68  usart.o(.bss)
    hdma_usart1_tx                           0x20000330   Data          68  usart.o(.bss)
    __initial_sp                             0x20000830   Data           0  startup_stm32f072xb.o(STACK)



==============================================================================

Memory Map of the image

  Image Entry point : 0x080030c1

  Load Region LR_IROM1 (Base: 0x08003000, Size: 0x00004fe8, Max: 0x0001d000, ABSOLUTE)

    Execution Region ER_IROM1 (Exec base: 0x08003000, Load base: 0x08003000, Size: 0x00004fa8, Max: 0x0001d000, ABSOLUTE)

    Exec Addr    Load Addr    Size         Type   Attr      Idx    E Section Name        Object

    0x08003000   0x08003000   0x000000c0   Data   RO            3    RESET               startup_stm32f072xb.o
    0x080030c0   0x080030c0   0x00000000   Code   RO         3863  * .ARM.Collect$$$$00000000  mc_p.l(entry.o)
    0x080030c0   0x080030c0   0x00000004   Code   RO         4169    .ARM.Collect$$$$00000001  mc_p.l(entry2.o)
    0x080030c4   0x080030c4   0x00000004   Code   RO         4172    .ARM.Collect$$$$00000004  mc_p.l(entry5.o)
    0x080030c8   0x080030c8   0x00000000   Code   RO         4174    .ARM.Collect$$$$00000008  mc_p.l(entry7b.o)
    0x080030c8   0x080030c8   0x00000000   Code   RO         4176    .ARM.Collect$$$$0000000A  mc_p.l(entry8b.o)
    0x080030c8   0x080030c8   0x00000008   Code   RO         4177    .ARM.Collect$$$$0000000B  mc_p.l(entry9a.o)
    0x080030d0   0x080030d0   0x00000004   Code   RO         4184    .ARM.Collect$$$$0000000E  mc_p.l(entry12b.o)
    0x080030d4   0x080030d4   0x00000000   Code   RO         4179    .ARM.Collect$$$$0000000F  mc_p.l(entry10a.o)
    0x080030d4   0x080030d4   0x00000000   Code   RO         4181    .ARM.Collect$$$$00000011  mc_p.l(entry11a.o)
    0x080030d4   0x080030d4   0x00000004   Code   RO         4170    .ARM.Collect$$$$00002712  mc_p.l(entry2.o)
    0x080030d8   0x080030d8   0x0000001c   Code   RO            4    .text               startup_stm32f072xb.o
    0x080030f4   0x080030f4   0x0000002c   Code   RO         3866    .text               mc_p.l(uidiv.o)
    0x08003120   0x08003120   0x00000060   Code   RO         3868    .text               mc_p.l(uldiv.o)
    0x08003180   0x08003180   0x00000022   Code   RO         3870    .text               mc_p.l(llushr.o)
    0x080031a2   0x080031a2   0x00000024   Code   RO         3872    .text               mc_p.l(memcpya.o)
    0x080031c6   0x080031c6   0x00000024   Code   RO         3874    .text               mc_p.l(memseta.o)
    0x080031ea   0x080031ea   0x000000b2   Code   RO         4139    .text               mf_p.l(fadd.o)
    0x0800329c   0x0800329c   0x0000007a   Code   RO         4141    .text               mf_p.l(fmul.o)
    0x08003316   0x08003316   0x0000007c   Code   RO         4143    .text               mf_p.l(fdiv.o)
    0x08003392   0x08003392   0x00000002   PAD
    0x08003394   0x08003394   0x000000d0   Code   RO         4145    .text               mf_p.l(dmul.o)
    0x08003464   0x08003464   0x000000f0   Code   RO         4147    .text               mf_p.l(ddiv.o)
    0x08003554   0x08003554   0x0000001c   Code   RO         4149    .text               mf_p.l(fcmple.o)
    0x08003570   0x08003570   0x0000001c   Code   RO         4151    .text               mf_p.l(fcmplt.o)
    0x0800358c   0x0800358c   0x0000001c   Code   RO         4153    .text               mf_p.l(fcmpgt.o)
    0x080035a8   0x080035a8   0x0000001c   Code   RO         4155    .text               mf_p.l(fcmpeq.o)
    0x080035c4   0x080035c4   0x00000016   Code   RO         4157    .text               mf_p.l(fflti.o)
    0x080035da   0x080035da   0x0000000e   Code   RO         4159    .text               mf_p.l(ffltui.o)
    0x080035e8   0x080035e8   0x0000001c   Code   RO         4161    .text               mf_p.l(dfltui.o)
    0x08003604   0x08003604   0x00000032   Code   RO         4163    .text               mf_p.l(ffixi.o)
    0x08003636   0x08003636   0x00000028   Code   RO         4165    .text               mf_p.l(ffixui.o)
    0x0800365e   0x0800365e   0x00000002   PAD
    0x08003660   0x08003660   0x0000003c   Code   RO         4167    .text               mf_p.l(dfixui.o)
    0x0800369c   0x0800369c   0x00000020   Code   RO         4188    .text               mc_p.l(llshl.o)
    0x080036bc   0x080036bc   0x00000000   Code   RO         4190    .text               mc_p.l(iusefp.o)
    0x080036bc   0x080036bc   0x00000082   Code   RO         4191    .text               mf_p.l(fepilogue.o)
    0x0800373e   0x0800373e   0x000000be   Code   RO         4193    .text               mf_p.l(depilogue.o)
    0x080037fc   0x080037fc   0x00000024   Code   RO         4203    .text               mc_p.l(init.o)
    0x08003820   0x08003820   0x0000000c   Code   RO         3808    .text.FrequencyCalibration  Calculation.lib(calculation.o)
    0x0800382c   0x0800382c   0x0000003c   Code   RO         3810    .text.GetPrescaler  Calculation.lib(calculation.o)
    0x08003868   0x08003868   0x00000948   Code   RO         3814    .text.PCap_ChangeTheFrequency  Calculation.lib(calculation.o)
    0x080041b0   0x080041b0   0x0000021c   Code   RO         3812    .text.PCap_Get_filter  Calculation.lib(calculation.o)
    0x080043cc   0x080043cc   0x0000000c   Code   RO         3804    .text.get_hz        Calculation.lib(calculation.o)
    0x080043d8   0x080043d8   0x000001bc   Code   RO         3806    .text.parameter_init  Calculation.lib(calculation.o)
    0x08004594   0x08004594   0x00000054   Code   RO          211    i.BSP_SPI_Init      spi_bsp.o
    0x080045e8   0x080045e8   0x00000028   Code   RO          213    i.BSP_SPI_Transmit  spi_bsp.o
    0x08004610   0x08004610   0x0000002c   Code   RO          214    i.BSP_SPI_TransmitReceive  spi_bsp.o
    0x0800463c   0x0800463c   0x00000018   Code   RO          451    i.DMA1_Channel2_3_IRQHandler  stm32f0xx_it.o
    0x08004654   0x08004654   0x00000020   Code   RO         2727    i.DMA_CalcBaseAndBitshift  stm32f0xx_hal_dma.o
    0x08004674   0x08004674   0x0000002a   Code   RO         2728    i.DMA_SetConfig     stm32f0xx_hal_dma.o
    0x0800469e   0x0800469e   0x00000002   Code   RO          263    i.Error_Handler     main.o
    0x080046a0   0x080046a0   0x00000058   Code   RO         2730    i.HAL_DMA_Abort_IT  stm32f0xx_hal_dma.o
    0x080046f8   0x080046f8   0x000000f0   Code   RO         2734    i.HAL_DMA_IRQHandler  stm32f0xx_hal_dma.o
    0x080047e8   0x080047e8   0x0000005c   Code   RO         2735    i.HAL_DMA_Init      stm32f0xx_hal_dma.o
    0x08004844   0x08004844   0x0000009a   Code   RO         2739    i.HAL_DMA_Start_IT  stm32f0xx_hal_dma.o
    0x080048de   0x080048de   0x00000002   PAD
    0x080048e0   0x080048e0   0x0000002c   Code   RO         2004    i.HAL_Delay         stm32f0xx_hal.o
    0x0800490c   0x0800490c   0x000001f8   Code   RO         2668    i.HAL_GPIO_Init     stm32f0xx_hal_gpio.o
    0x08004b04   0x08004b04   0x0000000c   Code   RO         2672    i.HAL_GPIO_WritePin  stm32f0xx_hal_gpio.o
    0x08004b10   0x08004b10   0x0000000c   Code   RO         2008    i.HAL_GetTick       stm32f0xx_hal.o
    0x08004b1c   0x08004b1c   0x00000018   Code   RO         2014    i.HAL_IncTick       stm32f0xx_hal.o
    0x08004b34   0x08004b34   0x00000020   Code   RO         2015    i.HAL_Init          stm32f0xx_hal.o
    0x08004b54   0x08004b54   0x00000054   Code   RO         2016    i.HAL_InitTick      stm32f0xx_hal.o
    0x08004ba8   0x08004ba8   0x00000040   Code   RO          511    i.HAL_MspInit       stm32f0xx_hal_msp.o
    0x08004be8   0x08004be8   0x0000001c   Code   RO         2825    i.HAL_NVIC_EnableIRQ  stm32f0xx_hal_cortex.o
    0x08004c04   0x08004c04   0x00000012   Code   RO         2829    i.HAL_NVIC_SetPriority  stm32f0xx_hal_cortex.o
    0x08004c16   0x08004c16   0x00000002   PAD
    0x08004c18   0x08004c18   0x000001a4   Code   RO         1924    i.HAL_RCCEx_PeriphCLKConfig  stm32f0xx_hal_rcc_ex.o
    0x08004dbc   0x08004dbc   0x00000184   Code   RO         1820    i.HAL_RCC_ClockConfig  stm32f0xx_hal_rcc.o
    0x08004f40   0x08004f40   0x0000000c   Code   RO         1825    i.HAL_RCC_GetHCLKFreq  stm32f0xx_hal_rcc.o
    0x08004f4c   0x08004f4c   0x00000024   Code   RO         1827    i.HAL_RCC_GetPCLK1Freq  stm32f0xx_hal_rcc.o
    0x08004f70   0x08004f70   0x00000108   Code   RO         1828    i.HAL_RCC_GetSysClockFreq  stm32f0xx_hal_rcc.o
    0x08005078   0x08005078   0x0000063c   Code   RO         1831    i.HAL_RCC_OscConfig  stm32f0xx_hal_rcc.o
    0x080056b4   0x080056b4   0x000000dc   Code   RO          562    i.HAL_SPI_Init      stm32f0xx_hal_spi.o
    0x08005790   0x08005790   0x000000cc   Code   RO          216    i.HAL_SPI_MspInit   spi_bsp.o
    0x0800585c   0x0800585c   0x0000020c   Code   RO          570    i.HAL_SPI_Transmit  stm32f0xx_hal_spi.o
    0x08005a68   0x08005a68   0x000002f8   Code   RO          571    i.HAL_SPI_TransmitReceive  stm32f0xx_hal_spi.o
    0x08005d60   0x08005d60   0x00000038   Code   RO         2833    i.HAL_SYSTICK_Config  stm32f0xx_hal_cortex.o
    0x08005d98   0x08005d98   0x0000008c   Code   RO         1590    i.HAL_TIMEx_MasterConfigSynchronization  stm32f0xx_hal_tim_ex.o
    0x08005e24   0x08005e24   0x00000038   Code   RO          876    i.HAL_TIM_Base_Init  stm32f0xx_hal_tim.o
    0x08005e5c   0x08005e5c   0x00000030   Code   RO          370    i.HAL_TIM_Base_MspInit  tim.o
    0x08005e8c   0x08005e8c   0x00000110   Code   RO          885    i.HAL_TIM_ConfigClockSource  stm32f0xx_hal_tim.o
    0x08005f9c   0x08005f9c   0x0000005c   Code   RO          371    i.HAL_TIM_MspPostInit  tim.o
    0x08005ff8   0x08005ff8   0x00000112   Code   RO          945    i.HAL_TIM_PWM_ConfigChannel  stm32f0xx_hal_tim.o
    0x0800610a   0x0800610a   0x00000038   Code   RO          948    i.HAL_TIM_PWM_Init  stm32f0xx_hal_tim.o
    0x08006142   0x08006142   0x00000002   Code   RO          950    i.HAL_TIM_PWM_MspInit  stm32f0xx_hal_tim.o
    0x08006144   0x08006144   0x00000074   Code   RO          953    i.HAL_TIM_PWM_Start  stm32f0xx_hal_tim.o
    0x080061b8   0x080061b8   0x00000002   Code   RO         3720    i.HAL_UARTEx_WakeupCallback  stm32f0xx_hal_uart_ex.o
    0x080061ba   0x080061ba   0x00000002   Code   RO         3364    i.HAL_UART_ErrorCallback  stm32f0xx_hal_uart.o
    0x080061bc   0x080061bc   0x000001f4   Code   RO         3367    i.HAL_UART_IRQHandler  stm32f0xx_hal_uart.o
    0x080063b0   0x080063b0   0x0000007e   Code   RO         3368    i.HAL_UART_Init     stm32f0xx_hal_uart.o
    0x0800642e   0x0800642e   0x00000002   PAD
    0x08006430   0x08006430   0x00000110   Code   RO          414    i.HAL_UART_MspInit  usart.o
    0x08006540   0x08006540   0x000000d8   Code   RO         3378    i.HAL_UART_Transmit_DMA  stm32f0xx_hal_uart.o
    0x08006618   0x08006618   0x00000002   Code   RO         3380    i.HAL_UART_TxCpltCallback  stm32f0xx_hal_uart.o
    0x0800661a   0x0800661a   0x00000002   Code   RO         3381    i.HAL_UART_TxHalfCpltCallback  stm32f0xx_hal_uart.o
    0x0800661c   0x0800661c   0x00000004   Code   RO          452    i.HardFault_Handler  stm32f0xx_it.o
    0x08006620   0x08006620   0x00000034   Code   RO          349    i.MX_DMA_Init       dma.o
    0x08006654   0x08006654   0x0000005c   Code   RO          329    i.MX_GPIO_Init      gpio.o
    0x080066b0   0x080066b0   0x000000b0   Code   RO          372    i.MX_TIM3_Init      tim.o
    0x08006760   0x08006760   0x00000044   Code   RO          415    i.MX_USART1_UART_Init  usart.o
    0x080067a4   0x080067a4   0x00000002   Code   RO          453    i.NMI_Handler       stm32f0xx_it.o
    0x080067a6   0x080067a6   0x00000034   Code   RO           13    i.PCap_Enable       picocap.o
    0x080067da   0x080067da   0x0000005e   Code   RO           14    i.PCap_Init         picocap.o
    0x08006838   0x08006838   0x0000002a   Code   RO           15    i.PCap_Measure      picocap.o
    0x08006862   0x08006862   0x00000002   PAD
    0x08006864   0x08006864   0x0000005c   Code   RO           16    i.PCap_NSS_Config   picocap.o
    0x080068c0   0x080068c0   0x0000002a   Code   RO           17    i.PCap_PTL_Reset    picocap.o
    0x080068ea   0x080068ea   0x00000002   PAD
    0x080068ec   0x080068ec   0x00000064   Code   RO           18    i.PCap_Reg_Config   picocap.o
    0x08006950   0x08006950   0x00000050   Code   RO           19    i.PCap_Res_Data     picocap.o
    0x080069a0   0x080069a0   0x0000004a   Code   RO           20    i.PCap_Res_Sta      picocap.o
    0x080069ea   0x080069ea   0x0000002a   Code   RO           21    i.PCap_Reset        picocap.o
    0x08006a14   0x08006a14   0x000000b8   Code   RO           22    i.PCap_WR_SRAM      picocap.o
    0x08006acc   0x08006acc   0x00000002   Code   RO          454    i.PendSV_Handler    stm32f0xx_it.o
    0x08006ace   0x08006ace   0x0000006a   Code   RO          600    i.SPI_EndRxTxTransaction  stm32f0xx_hal_spi.o
    0x08006b38   0x08006b38   0x000000ae   Code   RO          605    i.SPI_WaitFifoStateUntilTimeout  stm32f0xx_hal_spi.o
    0x08006be6   0x08006be6   0x000000a8   Code   RO          606    i.SPI_WaitFlagStateUntilTimeout  stm32f0xx_hal_spi.o
    0x08006c8e   0x08006c8e   0x00000002   Code   RO          455    i.SVC_Handler       stm32f0xx_it.o
    0x08006c90   0x08006c90   0x00000046   Code   RO           23    i.Sensor_PCap_GetResult  picocap.o
    0x08006cd6   0x08006cd6   0x00000008   Code   RO          456    i.SysTick_Handler   stm32f0xx_it.o
    0x08006cde   0x08006cde   0x00000070   Code   RO          264    i.SystemClock_Config  main.o
    0x08006d4e   0x08006d4e   0x00000002   Code   RO         3771    i.SystemInit        system_stm32f0xx.o
    0x08006d50   0x08006d50   0x000000b0   Code   RO          966    i.TIM_Base_SetConfig  stm32f0xx_hal_tim.o
    0x08006e00   0x08006e00   0x00000022   Code   RO          967    i.TIM_CCxChannelCmd  stm32f0xx_hal_tim.o
    0x08006e22   0x08006e22   0x0000001c   Code   RO          977    i.TIM_ETR_SetConfig  stm32f0xx_hal_tim.o
    0x08006e3e   0x08006e3e   0x00000018   Code   RO          978    i.TIM_ITRx_SetConfig  stm32f0xx_hal_tim.o
    0x08006e56   0x08006e56   0x00000002   PAD
    0x08006e58   0x08006e58   0x000000b0   Code   RO          979    i.TIM_OC1_SetConfig  stm32f0xx_hal_tim.o
    0x08006f08   0x08006f08   0x000000c0   Code   RO          980    i.TIM_OC2_SetConfig  stm32f0xx_hal_tim.o
    0x08006fc8   0x08006fc8   0x000000bc   Code   RO          981    i.TIM_OC3_SetConfig  stm32f0xx_hal_tim.o
    0x08007084   0x08007084   0x00000080   Code   RO          982    i.TIM_OC4_SetConfig  stm32f0xx_hal_tim.o
    0x08007104   0x08007104   0x00000032   Code   RO          984    i.TIM_TI1_ConfigInputStage  stm32f0xx_hal_tim.o
    0x08007136   0x08007136   0x00000032   Code   RO          986    i.TIM_TI2_ConfigInputStage  stm32f0xx_hal_tim.o
    0x08007168   0x08007168   0x000000f0   Code   RO         3382    i.UART_AdvFeatureConfig  stm32f0xx_hal_uart.o
    0x08007258   0x08007258   0x00000070   Code   RO         3383    i.UART_CheckIdleState  stm32f0xx_hal_uart.o
    0x080072c8   0x080072c8   0x00000018   Code   RO         3384    i.UART_DMAAbortOnError  stm32f0xx_hal_uart.o
    0x080072e0   0x080072e0   0x00000052   Code   RO         3385    i.UART_DMAError     stm32f0xx_hal_uart.o
    0x08007332   0x08007332   0x00000034   Code   RO         3390    i.UART_DMATransmitCplt  stm32f0xx_hal_uart.o
    0x08007366   0x08007366   0x0000000e   Code   RO         3392    i.UART_DMATxHalfCplt  stm32f0xx_hal_uart.o
    0x08007374   0x08007374   0x00000024   Code   RO         3394    i.UART_EndRxTransfer  stm32f0xx_hal_uart.o
    0x08007398   0x08007398   0x00000020   Code   RO         3395    i.UART_EndTransmit_IT  stm32f0xx_hal_uart.o
    0x080073b8   0x080073b8   0x00000012   Code   RO         3396    i.UART_EndTxTransfer  stm32f0xx_hal_uart.o
    0x080073ca   0x080073ca   0x00000002   PAD
    0x080073cc   0x080073cc   0x00000234   Code   RO         3399    i.UART_SetConfig    stm32f0xx_hal_uart.o
    0x08007600   0x08007600   0x000000bc   Code   RO         3402    i.UART_WaitOnFlagUntilTimeout  stm32f0xx_hal_uart.o
    0x080076bc   0x080076bc   0x00000010   Code   RO          457    i.USART1_IRQHandler  stm32f0xx_it.o
    0x080076cc   0x080076cc   0x00000028   Code   RO         3925    i.__0sprintf$1      mc_p.l(printf1.o)
    0x080076f4   0x080076f4   0x0000002e   Code   RO         4195    i.__ARM_clz         mf_p.l(depilogue.o)
    0x08007722   0x08007722   0x00000030   Code   RO         1906    i.__ARM_common_ll_muluu  stm32f0xx_hal_rcc.o
    0x08007752   0x08007752   0x00000002   PAD
    0x08007754   0x08007754   0x00000078   Code   RO         2835    i.__NVIC_SetPriority  stm32f0xx_hal_cortex.o
    0x080077cc   0x080077cc   0x0000000e   Code   RO         4211    i.__scatterload_copy  mc_p.l(handlers.o)
    0x080077da   0x080077da   0x00000002   Code   RO         4212    i.__scatterload_null  mc_p.l(handlers.o)
    0x080077dc   0x080077dc   0x0000000e   Code   RO         4213    i.__scatterload_zeroinit  mc_p.l(handlers.o)
    0x080077ea   0x080077ea   0x00000002   PAD
    0x080077ec   0x080077ec   0x00000150   Code   RO         3930    i._printf_core      mc_p.l(printf1.o)
    0x0800793c   0x0800793c   0x0000000a   Code   RO         3932    i._sputc            mc_p.l(printf1.o)
    0x08007946   0x08007946   0x00000002   PAD
    0x08007948   0x08007948   0x000001c8   Code   RO          265    i.main              main.o
    0x08007b10   0x08007b10   0x00000404   Data   RO           24    .constdata          picocap.o
    0x08007f14   0x08007f14   0x0000005a   Data   RO          268    .constdata          main.o
    0x08007f6e   0x08007f6e   0x00000018   Data   RO         3772    .constdata          system_stm32f0xx.o
    0x08007f86   0x08007f86   0x00000002   PAD
    0x08007f88   0x08007f88   0x00000020   Data   RO         4209    Region$$Table       anon$$obj.o


    Execution Region RW_IRAM1 (Exec base: 0x200000c0, Load base: 0x08007fa8, Size: 0x00000770, Max: 0x00003f40, ABSOLUTE)

    Exec Addr    Load Addr    Size         Type   Attr      Idx    E Section Name        Object

    0x200000c0   0x08007fa8   0x00000014   Data   RW          269    .data               main.o
    0x200000d4   0x08007fbc   0x00000009   Data   RW         2022    .data               stm32f0xx_hal.o
    0x200000dd   0x08007fc5   0x00000003   PAD
    0x200000e0   0x08007fc8   0x00000004   Data   RW         3773    .data               system_stm32f0xx.o
    0x200000e4   0x08007fcc   0x00000001   Data   RW         3816    .data.FilteringLevel  Calculation.lib(calculation.o)
    0x200000e5   0x08007fcd   0x00000001   PAD
    0x200000e6   0x08007fce   0x00000002   Data   RW         3850    .data.Prescaler     Calculation.lib(calculation.o)
    0x200000e8   0x08007fd0   0x00000002   Data   RW         3839    .data.hz_0          Calculation.lib(calculation.o)
    0x200000ea   0x08007fd2   0x00000002   Data   RW         3840    .data.hz_1          Calculation.lib(calculation.o)
    0x200000ec   0x08007fd4   0x00000002   Data   RW         3849    .data.hz_10         Calculation.lib(calculation.o)
    0x200000ee   0x08007fd6   0x00000002   Data   RW         3841    .data.hz_2          Calculation.lib(calculation.o)
    0x200000f0   0x08007fd8   0x00000002   Data   RW         3842    .data.hz_3          Calculation.lib(calculation.o)
    0x200000f2   0x08007fda   0x00000002   Data   RW         3843    .data.hz_4          Calculation.lib(calculation.o)
    0x200000f4   0x08007fdc   0x00000002   Data   RW         3844    .data.hz_5          Calculation.lib(calculation.o)
    0x200000f6   0x08007fde   0x00000002   Data   RW         3845    .data.hz_6          Calculation.lib(calculation.o)
    0x200000f8   0x08007fe0   0x00000002   Data   RW         3846    .data.hz_7          Calculation.lib(calculation.o)
    0x200000fa   0x08007fe2   0x00000002   Data   RW         3847    .data.hz_8          Calculation.lib(calculation.o)
    0x200000fc   0x08007fe4   0x00000002   Data   RW         3848    .data.hz_9          Calculation.lib(calculation.o)
    0x200000fe   0x08007fe6   0x00000002   PAD
    0x20000100        -       0x00000064   Zero   RW          217    .bss                spi_bsp.o
    0x20000164        -       0x000000c8   Zero   RW          267    .bss                main.o
    0x2000022c        -       0x00000040   Zero   RW          373    .bss                tim.o
    0x2000026c        -       0x00000108   Zero   RW          416    .bss                usart.o
    0x20000374        -       0x00000004   Zero   RW         3855    .bss.PCap_ChangeTheFrequency.buf_altitude  Calculation.lib(calculation.o)
    0x20000378        -       0x00000004   Zero   RW         3852    .bss.PCap_Get_filter.buf2  Calculation.lib(calculation.o)
    0x2000037c        -       0x00000068   Zero   RW         3851    .bss.PCap_Get_filter.buf_PCap  Calculation.lib(calculation.o)
    0x200003e4        -       0x00000001   Zero   RW         3854    .bss.PCap_Get_filter.initial  Calculation.lib(calculation.o)
    0x200003e5        -       0x00000001   Zero   RW         3853    .bss.PCap_Get_filter.signs  Calculation.lib(calculation.o)
    0x200003e6        -       0x00000002   Zero   RW         3829    .bss.altitude1      Calculation.lib(calculation.o)
    0x200003e8        -       0x00000002   Zero   RW         3838    .bss.altitude10     Calculation.lib(calculation.o)
    0x200003ea        -       0x00000002   Zero   RW         3830    .bss.altitude2      Calculation.lib(calculation.o)
    0x200003ec        -       0x00000002   Zero   RW         3831    .bss.altitude3      Calculation.lib(calculation.o)
    0x200003ee        -       0x00000002   Zero   RW         3832    .bss.altitude4      Calculation.lib(calculation.o)
    0x200003f0        -       0x00000002   Zero   RW         3833    .bss.altitude5      Calculation.lib(calculation.o)
    0x200003f2        -       0x00000002   Zero   RW         3834    .bss.altitude6      Calculation.lib(calculation.o)
    0x200003f4        -       0x00000002   Zero   RW         3835    .bss.altitude7      Calculation.lib(calculation.o)
    0x200003f6        -       0x00000002   Zero   RW         3836    .bss.altitude8      Calculation.lib(calculation.o)
    0x200003f8        -       0x00000002   Zero   RW         3837    .bss.altitude9      Calculation.lib(calculation.o)
    0x200003fa   0x08007fe6   0x00000002   PAD
    0x200003fc        -       0x00000004   Zero   RW         3818    .bss.basicValue_0   Calculation.lib(calculation.o)
    0x20000400        -       0x00000004   Zero   RW         3819    .bss.basicValue_1   Calculation.lib(calculation.o)
    0x20000404        -       0x00000004   Zero   RW         3828    .bss.basicValue_10  Calculation.lib(calculation.o)
    0x20000408        -       0x00000004   Zero   RW         3820    .bss.basicValue_2   Calculation.lib(calculation.o)
    0x2000040c        -       0x00000004   Zero   RW         3821    .bss.basicValue_3   Calculation.lib(calculation.o)
    0x20000410        -       0x00000004   Zero   RW         3822    .bss.basicValue_4   Calculation.lib(calculation.o)
    0x20000414        -       0x00000004   Zero   RW         3823    .bss.basicValue_5   Calculation.lib(calculation.o)
    0x20000418        -       0x00000004   Zero   RW         3824    .bss.basicValue_6   Calculation.lib(calculation.o)
    0x2000041c        -       0x00000004   Zero   RW         3825    .bss.basicValue_7   Calculation.lib(calculation.o)
    0x20000420        -       0x00000004   Zero   RW         3826    .bss.basicValue_8   Calculation.lib(calculation.o)
    0x20000424        -       0x00000004   Zero   RW         3827    .bss.basicValue_9   Calculation.lib(calculation.o)
    0x20000428        -       0x00000002   Zero   RW         3817    .bss.hz             Calculation.lib(calculation.o)
    0x2000042a   0x08007fe6   0x00000006   PAD
    0x20000430        -       0x00000400   Zero   RW            1    STACK               startup_stm32f072xb.o



  Load Region LR$$.ARM.__AT_0x20000000 (Base: 0x20000000, Size: 0x00000000, Max: 0x000000c0, ABSOLUTE)

    Execution Region ER$$.ARM.__AT_0x20000000 (Exec base: 0x20000000, Load base: 0x20000000, Size: 0x000000c0, Max: 0x000000c0, ABSOLUTE, UNINIT)

    Exec Addr    Load Addr    Size         Type   Attr      Idx    E Section Name        Object

    0x20000000        -       0x000000c0   Zero   RW          266    .ARM.__AT_0x20000000  main.o


==============================================================================

Image component sizes


      Code (inc. data)   RO Data    RW Data    ZI Data      Debug   Object Name

        52          4          0          0          0        754   dma.o
        92          6          0          0          0        827   gpio.o
       570         86         90         20        392       2819   main.o
       872         14       1028          0          0     504723   picocap.o
       372         38          0          0        100       3046   spi_bsp.o
        28          8        192          0       1024        644   startup_stm32f072xb.o
       196         38          0          9          0       8657   stm32f0xx_hal.o
       222         26          0          0          0      10445   stm32f0xx_hal_cortex.o
       648         10          0          0          0       4726   stm32f0xx_hal_dma.o
       516         30          0          0          0       2268   stm32f0xx_hal_gpio.o
        64          4          0          0          0        838   stm32f0xx_hal_msp.o
      2344        100          0          0          0       5401   stm32f0xx_hal_rcc.o
       420         14          0          0          0       1572   stm32f0xx_hal_rcc_ex.o
      1952          0          0          0          0       6876   stm32f0xx_hal_spi.o
      1822        108          0          0          0      11946   stm32f0xx_hal_tim.o
       140         12          0          0          0       1336   stm32f0xx_hal_tim_ex.o
      2210         64          0          0          0      12504   stm32f0xx_hal_uart.o
         2          0          0          0          0        972   stm32f0xx_hal_uart_ex.o
        58         14          0          0          0       3140   stm32f0xx_it.o
         2          0         24          4          0       1151   system_stm32f0xx.o
       316         24          0          0         64       2340   tim.o
       340         32          0          0        264       1868   usart.o

    ----------------------------------------------------------------------
     13254        632       1368         36       1844     588853   Object Totals
         0          0         32          0          0          0   (incl. Generated)
        16          0          2          3          0          0   (incl. Padding)

    ----------------------------------------------------------------------

      Code (inc. data)   RO Data    RW Data    ZI Data      Debug   Library Member Name

      3444        424          0         25        180       6278   calculation.o
         0          0          0          0          0          0   entry.o
         0          0          0          0          0          0   entry10a.o
         0          0          0          0          0          0   entry11a.o
         4          0          0          0          0          0   entry12b.o
         8          4          0          0          0          0   entry2.o
         4          0          0          0          0          0   entry5.o
         0          0          0          0          0          0   entry7b.o
         0          0          0          0          0          0   entry8b.o
         8          4          0          0          0          0   entry9a.o
        30          0          0          0          0          0   handlers.o
        36          8          0          0          0         68   init.o
         0          0          0          0          0          0   iusefp.o
        32          0          0          0          0         68   llshl.o
        34          0          0          0          0         68   llushr.o
        36          0          0          0          0         60   memcpya.o
        36          0          0          0          0        100   memseta.o
       386          8          0          0          0        228   printf1.o
        44          0          0          0          0         72   uidiv.o
        96          0          0          0          0         84   uldiv.o
       240          6          0          0          0         84   ddiv.o
       236          0          0          0          0        216   depilogue.o
        60         10          0          0          0         68   dfixui.o
        28          4          0          0          0         68   dfltui.o
       208          6          0          0          0         88   dmul.o
       178          0          0          0          0        108   fadd.o
        28          0          0          0          0         60   fcmpeq.o
        28          0          0          0          0         60   fcmpgt.o
        28          0          0          0          0         60   fcmple.o
        28          0          0          0          0         60   fcmplt.o
       124          0          0          0          0         72   fdiv.o
       130          0          0          0          0        144   fepilogue.o
        50          0          0          0          0         60   ffixi.o
        40          0          0          0          0         60   ffixui.o
        22          0          0          0          0         68   fflti.o
        14          0          0          0          0         68   ffltui.o
       122          0          0          0          0         72   fmul.o

    ----------------------------------------------------------------------
      5770        474          0         28        188       8442   Library Totals
         8          0          0          3          8          0   (incl. Padding)

    ----------------------------------------------------------------------

      Code (inc. data)   RO Data    RW Data    ZI Data      Debug   Library Name

      3444        424          0         25        180       6278   Calculation.lib
       754         24          0          0          0        748   mc_p.l
      1564         26          0          0          0       1416   mf_p.l

    ----------------------------------------------------------------------
      5770        474          0         28        188       8442   Library Totals

    ----------------------------------------------------------------------

==============================================================================


      Code (inc. data)   RO Data    RW Data    ZI Data      Debug   

     19024       1106       1368         64       2032     592167   Grand Totals
     19024       1106       1368         64       2032     592167   ELF Image Totals
     19024       1106       1368         64          0          0   ROM Totals

==============================================================================

    Total RO  Size (Code + RO Data)                20392 (  19.91kB)
    Total RW  Size (RW Data + ZI Data)              2096 (   2.05kB)
    Total ROM Size (Code + RO Data + RW Data)      20456 (  19.98kB)

==============================================================================

