<html>
<body>
<pre>
<h1>礦ision Build Log</h1>
<h2>Tool Versions:</h2>
IDE-Version: μVision V5.31.0.0
Copyright (C) 2020 ARM Ltd and ARM Germany GmbH. All rights reserved.
License Information: 1 1, 1, LIC=JL28G-V16WT-WFQI7-EB2MR-7YGS4-JGVSI
 
Tool Versions:
Toolchain:       MDK-ARM Plus  Version: 5.31.0.0
Toolchain Path:  C:\rj\Keil_v5\ARM\ARMCLANG\Bin
C Compiler:      ArmClang.exe V6.14
Assembler:       Armasm.exe V6.14
Linker/Locator:  ArmLink.exe V6.14
Library Manager: ArmAr.exe V6.14
Hex Converter:   FromElf.exe V6.14
CPU DLL:         
Dialog DLL:      
Target DLL:      Segger\JL2CM3.dll V2.99.38.0
Dialog DLL:      TCM.DLL V1.46.0.0
 
<h2>Project:</h2>
E:\test\test\GD32E23正反转样品\Template\Keil_project\Project.uvprojx
Project File Date:  03/05/2021

<h2>Output:</h2>
*** Using Compiler 'V6.14', folder: 'C:\rj\Keil_v5\ARM\ARMCLANG\Bin'
Build target 'GD32E23x'
compiling main.c...
linking...
Program Size: Code=3420 RO-data=236 RW-data=12 ZI-data=1052  
".\output\Project.axf" - 0 Error(s), 0 Warning(s).

<h2>Software Packages used:</h2>

Package Vendor: ARM
                http://www.keil.com/pack/ARM.CMSIS.5.7.0.pack
                ARM.CMSIS.5.7.0
                CMSIS (Cortex Microcontroller Software Interface Standard)
   * Component: CORE Version: 5.4.0

Package Vendor: GigaDevice
                http://gd32mcu.21ic.com/data/documents/yingyongruanjian/GigaDevice.GD32E230_DFP.1.0.0.pack
                GigaDevice.GD32E230_DFP.1.0.0
                GigaDevice GD32E230 Series Device Support and Examples

<h2>Collection of Component include folders:</h2>
  .\RTE\_GD32E23x
  C:\rj\Keil_v5\ARM\PACK\ARM\CMSIS\5.7.0\CMSIS\Core\Include
  C:\rj\Keil_v5\ARM\PACK\GigaDevice\GD32E230_DFP\1.0.0\Device\Include

<h2>Collection of Component Files used:</h2>

   * Component: ARM::CMSIS:CORE:5.4.0
Build Time Elapsed:  00:00:00
</pre>
</body>
</html>
