Component: ARM Compiler 5.06 update 6 (build 750) Tool: armlink [4d35ed]

==============================================================================

Section Cross References

    startup_stm32f10x_hd.o(RESET) refers to startup_stm32f10x_hd.o(STACK) for __initial_sp
    startup_stm32f10x_hd.o(RESET) refers to startup_stm32f10x_hd.o(.text) for Reset_Handler
    startup_stm32f10x_hd.o(RESET) refers to context_rvds.o(.text) for HardFault_Handler
    startup_stm32f10x_hd.o(RESET) refers to board.o(.text) for SysTick_Handler
    startup_stm32f10x_hd.o(RESET) refers to rtc.o(.text) for RTC_IRQHandler
    startup_stm32f10x_hd.o(RESET) refers to datatreating.o(.text) for TIM3_IRQHandler
    startup_stm32f10x_hd.o(RESET) refers to stm32f10x_it.o(.text) for USART1_IRQHandler
    startup_stm32f10x_hd.o(.text) refers to system_stm32f10x.o(.text) for SystemInit
    startup_stm32f10x_hd.o(.text) refers to entry.o(.ARM.Collect$$$$00000000) for __main
    system_stm32f10x.o(.text) refers to system_stm32f10x.o(.data) for SystemCoreClock
    stm32f10x_adc.o(.text) refers to stm32f10x_rcc.o(.text) for RCC_APB2PeriphResetCmd
    stm32f10x_bkp.o(.text) refers to stm32f10x_rcc.o(.text) for RCC_BackupResetCmd
    stm32f10x_can.o(.text) refers to stm32f10x_rcc.o(.text) for RCC_APB1PeriphResetCmd
    stm32f10x_cec.o(.text) refers to stm32f10x_rcc.o(.text) for RCC_APB1PeriphResetCmd
    stm32f10x_dac.o(.text) refers to stm32f10x_rcc.o(.text) for RCC_APB1PeriphResetCmd
    stm32f10x_gpio.o(.text) refers to stm32f10x_rcc.o(.text) for RCC_APB2PeriphResetCmd
    stm32f10x_i2c.o(.text) refers to stm32f10x_rcc.o(.text) for RCC_APB1PeriphResetCmd
    stm32f10x_pwr.o(.text) refers to stm32f10x_rcc.o(.text) for RCC_APB1PeriphResetCmd
    stm32f10x_rcc.o(.text) refers to stm32f10x_rcc.o(.data) for APBAHBPrescTable
    stm32f10x_spi.o(.text) refers to stm32f10x_rcc.o(.text) for RCC_APB2PeriphResetCmd
    stm32f10x_tim.o(.text) refers to stm32f10x_rcc.o(.text) for RCC_APB2PeriphResetCmd
    stm32f10x_usart.o(.text) refers to stm32f10x_rcc.o(.text) for RCC_APB2PeriphResetCmd
    stm32f10x_wwdg.o(.text) refers to stm32f10x_rcc.o(.text) for RCC_APB1PeriphResetCmd
    main.o(.text) refers to memseta.o(.text) for __aeabi_memclr4
    main.o(.text) refers to dfltui.o(.text) for __aeabi_ui2d
    main.o(.text) refers to ddiv.o(.text) for __aeabi_ddiv
    main.o(.text) refers to dfixui.o(.text) for __aeabi_d2uiz
    main.o(.text) refers to flash_25q128.o(.text) for SPI_Flash_Init
    main.o(.text) refers to datatreating.o(.text) for TIM3_Init
    main.o(.text) refers to printf6.o(i.__0sprintf$6) for __2sprintf
    main.o(.text) refers to fmul.o(.text) for __aeabi_fmul
    main.o(.text) refers to ffixui.o(.text) for __aeabi_f2uiz
    main.o(.text) refers to main.o(.data) for signs
    main.o(.text) refers to main.o(.bss) for buf_P
    main.o(.text) refers to adc.o(.data) for ADC_DMA_IN0
    main.o(.text) refers to rtc.o(.bss) for calendar
    main.o(.text) refers to protocol.o(.data) for ton
    main.o(.text) refers to f2d.o(.text) for __aeabi_f2d
    main.o(.text) refers to dmul.o(.text) for __aeabi_dmul
    main.o(.text) refers to context_rvds.o(.text) for rt_hw_interrupt_disable
    main.o(.text) refers to calculate.o(.text.WeightProcessing) for WeightProcessing
    main.o(.text) refers to thread.o(.text) for rt_thread_delay
    main.o(.text) refers to mpu6050.o(.text) for MPU_Init
    main.o(.text) refers to adc.o(.text) for ADC_Configuration
    main.o(.text) refers to flash_app.o(.text) for Flash_Read_fourByte
    main.o(.text) refers to fflti.o(.text) for __aeabi_i2f
    main.o(.text) refers to fadd.o(.text) for __aeabi_fadd
    main.o(.text) refers to d2f.o(.text) for __aeabi_d2f
    main.o(.text) refers to dflti.o(.text) for __aeabi_i2d
    main.o(.text) refers to acos.o(i.acos) for acos
    main.o(.text) refers to rtc.o(.text) for RTC_Init
    main.o(.text) refers to stm32f10x_gpio.o(.text) for GPIO_ResetBits
    main.o(.text) refers to ipc.o(.text) for rt_sem_take
    main.o(.text) refers to strncmp.o(.text) for strncmp
    main.o(.text) refers to protocol.o(.text) for PacketHandlingModule
    main.o(.text) refers to kservice.o(.text) for rt_kprintf
    main.o(.text) refers to bsp_usart.o(.text) for USART_Config_1
    main.o(.text) refers to bsp_usart.o(.bss) for Usart_Rx_Buf
    main.o(.text) refers to cdrcmple.o(.text) for __aeabi_cdrcmple
    main.o(.text) refers to dadd.o(.text) for __aeabi_dsub
    main.o(.text) refers to dfixi.o(.text) for __aeabi_d2iz
    main.o(.text) refers to cdcmple.o(.text) for __aeabi_cdcmple
    stm32f10x_it.o(.text) refers to stm32f10x_usart.o(.text) for USART_GetITStatus
    stm32f10x_it.o(.text) refers to bsp_usart.o(.text) for Uart_DMA_Rx_Data
    board.o(.text) refers to bsp_usart.o(.text) for USARTx_DMA_Config
    board.o(.text) refers to components.o(.text) for rt_components_board_init
    board.o(.text) refers to mem.o(.text) for rt_system_heap_init
[...]
    EXTI1_IRQHandler                         0x0800815f   Thumb Code     0  startup_stm32f10x_hd.o(.text)
    EXTI2_IRQHandler                         0x0800815f   Thumb Code     0  startup_stm32f10x_hd.o(.text)
    EXTI3_IRQHandler                         0x0800815f   Thumb Code     0  startup_stm32f10x_hd.o(.text)
    EXTI4_IRQHandler                         0x0800815f   Thumb Code     0  startup_stm32f10x_hd.o(.text)
    EXTI9_5_IRQHandler                       0x0800815f   Thumb Code     0  startup_stm32f10x_hd.o(.text)
    FLASH_IRQHandler                         0x0800815f   Thumb Code     0  startup_stm32f10x_hd.o(.text)
    FSMC_IRQHandler                          0x0800815f   Thumb Code     0  startup_stm32f10x_hd.o(.text)
    I2C1_ER_IRQHandler                       0x0800815f   Thumb Code     0  startup_stm32f10x_hd.o(.text)
    I2C1_EV_IRQHandler                       0x0800815f   Thumb Code     0  startup_stm32f10x_hd.o(.text)
    I2C2_ER_IRQHandler                       0x0800815f   Thumb Code     0  startup_stm32f10x_hd.o(.text)
    I2C2_EV_IRQHandler                       0x0800815f   Thumb Code     0  startup_stm32f10x_hd.o(.text)
    PVD_IRQHandler                           0x0800815f   Thumb Code     0  startup_stm32f10x_hd.o(.text)
    RCC_IRQHandler                           0x0800815f   Thumb Code     0  startup_stm32f10x_hd.o(.text)
    RTCAlarm_IRQHandler                      0x0800815f   Thumb Code     0  startup_stm32f10x_hd.o(.text)
    SDIO_IRQHandler                          0x0800815f   Thumb Code     0  startup_stm32f10x_hd.o(.text)
    SPI1_IRQHandler                          0x0800815f   Thumb Code     0  startup_stm32f10x_hd.o(.text)
    SPI2_IRQHandler                          0x0800815f   Thumb Code     0  startup_stm32f10x_hd.o(.text)
    SPI3_IRQHandler                          0x0800815f   Thumb Code     0  startup_stm32f10x_hd.o(.text)
    TAMPER_IRQHandler                        0x0800815f   Thumb Code     0  startup_stm32f10x_hd.o(.text)
    TIM1_BRK_IRQHandler                      0x0800815f   Thumb Code     0  startup_stm32f10x_hd.o(.text)
    TIM1_CC_IRQHandler                       0x0800815f   Thumb Code     0  startup_stm32f10x_hd.o(.text)
    TIM1_TRG_COM_IRQHandler                  0x0800815f   Thumb Code     0  startup_stm32f10x_hd.o(.text)
    TIM1_UP_IRQHandler                       0x0800815f   Thumb Code     0  startup_stm32f10x_hd.o(.text)
    TIM2_IRQHandler                          0x0800815f   Thumb Code     0  startup_stm32f10x_hd.o(.text)
    TIM4_IRQHandler                          0x0800815f   Thumb Code     0  startup_stm32f10x_hd.o(.text)
    TIM5_IRQHandler                          0x0800815f   Thumb Code     0  startup_stm32f10x_hd.o(.text)
    TIM6_IRQHandler                          0x0800815f   Thumb Code     0  startup_stm32f10x_hd.o(.text)
    TIM7_IRQHandler                          0x0800815f   Thumb Code     0  startup_stm32f10x_hd.o(.text)
    TIM8_BRK_IRQHandler                      0x0800815f   Thumb Code     0  startup_stm32f10x_hd.o(.text)
    TIM8_CC_IRQHandler                       0x0800815f   Thumb Code     0  startup_stm32f10x_hd.o(.text)
    TIM8_TRG_COM_IRQHandler                  0x0800815f   Thumb Code     0  startup_stm32f10x_hd.o(.text)
    TIM8_UP_IRQHandler                       0x0800815f   Thumb Code     0  startup_stm32f10x_hd.o(.text)
    UART4_IRQHandler                         0x0800815f   Thumb Code     0  startup_stm32f10x_hd.o(.text)
    UART5_IRQHandler                         0x0800815f   Thumb Code     0  startup_stm32f10x_hd.o(.text)
    USART2_IRQHandler                        0x0800815f   Thumb Code     0  startup_stm32f10x_hd.o(.text)
    USART3_IRQHandler                        0x0800815f   Thumb Code     0  startup_stm32f10x_hd.o(.text)
    USBWakeUp_IRQHandler                     0x0800815f   Thumb Code     0  startup_stm32f10x_hd.o(.text)
    USB_HP_CAN1_TX_IRQHandler                0x0800815f   Thumb Code     0  startup_stm32f10x_hd.o(.text)
    USB_LP_CAN1_RX0_IRQHandler               0x0800815f   Thumb Code     0  startup_stm32f10x_hd.o(.text)
    WWDG_IRQHandler                          0x0800815f   Thumb Code     0  startup_stm32f10x_hd.o(.text)
    SystemInit                               0x08008247   Thumb Code   170  system_stm32f10x.o(.text)
    SystemCoreClockUpdate                    0x080082f1   Thumb Code   142  system_stm32f10x.o(.text)
    NVIC_PriorityGroupConfig                 0x080083a9   Thumb Code    10  misc.o(.text)
    NVIC_Init                                0x080083b3   Thumb Code   100  misc.o(.text)
    NVIC_SetVectorTable                      0x08008417   Thumb Code    14  misc.o(.text)
    NVIC_SystemLPConfig                      0x08008425   Thumb Code    34  misc.o(.text)
    SysTick_CLKSourceConfig                  0x08008447   Thumb Code    40  misc.o(.text)
    ADC_DeInit                               0x08008485   Thumb Code    78  stm32f10x_adc.o(.text)
    ADC_Init                                 0x080084d3   Thumb Code    70  stm32f10x_adc.o(.text)
    ADC_StructInit                           0x08008519   Thumb Code    18  stm32f10x_adc.o(.text)
    ADC_Cmd                                  0x0800852b   Thumb Code    22  stm32f10x_adc.o(.text)
    ADC_DMACmd                               0x08008541   Thumb Code    22  stm32f10x_adc.o(.text)
    ADC_ITConfig                             0x08008557   Thumb Code    24  stm32f10x_adc.o(.text)
    ADC_ResetCalibration                     0x0800856f   Thumb Code    10  stm32f10x_adc.o(.text)
    ADC_GetResetCalibrationStatus            0x08008579   Thumb Code    20  stm32f10x_adc.o(.text)
    ADC_StartCalibration                     0x0800858d   Thumb Code    10  stm32f10x_adc.o(.text)
    ADC_GetCalibrationStatus                 0x08008597   Thumb Code    20  stm32f10x_adc.o(.text)
    ADC_SoftwareStartConvCmd                 0x080085ab   Thumb Code    22  stm32f10x_adc.o(.text)
    ADC_GetSoftwareStartConvStatus           0x080085c1   Thumb Code    20  stm32f10x_adc.o(.text)
    ADC_DiscModeChannelCountConfig           0x080085d5   Thumb Code    24  stm32f10x_adc.o(.text)
    ADC_DiscModeCmd                          0x080085ed   Thumb Code    22  stm32f10x_adc.o(.text)
    ADC_RegularChannelConfig                 0x08008603   Thumb Code   184  stm32f10x_adc.o(.text)
    ADC_ExternalTrigConvCmd                  0x080086bb   Thumb Code    22  stm32f10x_adc.o(.text)
    ADC_GetConversionValue                   0x080086d1   Thumb Code     8  stm32f10x_adc.o(.text)
    ADC_GetDualModeConversionValue           0x080086d9   Thumb Code     8  stm32f10x_adc.o(.text)
    ADC_AutoInjectedConvCmd                  0x080086e1   Thumb Code    22  stm32f10x_adc.o(.text)
    ADC_InjectedDiscModeCmd                  0x080086f7   Thumb Code    22  stm32f10x_adc.o(.text)
    ADC_ExternalTrigInjectedConvConfig       0x0800870d   Thumb Code    16  stm32f10x_adc.o(.text)
    ADC_ExternalTrigInjectedConvCmd          0x0800871d   Thumb Code    22  stm32f10x_adc.o(.text)
    ADC_SoftwareStartInjectedConvCmd         0x08008733   Thumb Code    22  stm32f10x_adc.o(.text)
    ADC_GetSoftwareStartInjectedConvCmdStatus 0x08008749   Thumb Code    20  stm32f10x_adc.o(.text)
    ADC_InjectedChannelConfig                0x0800875d   Thumb Code   130  stm32f10x_adc.o(.text)
    ADC_InjectedSequencerLengthConfig        0x080087df   Thumb Code    24  stm32f10x_adc.o(.text)
    ADC_SetInjectedOffset                    0x080087f7   Thumb Code    20  stm32f10x_adc.o(.text)
    ADC_GetInjectedConversionValue           0x0800880b   Thumb Code    28  stm32f10x_adc.o(.text)
    ADC_AnalogWatchdogCmd                    0x08008827   Thumb Code    16  stm32f10x_adc.o(.text)
    ADC_AnalogWatchdogThresholdsConfig       0x08008837   Thumb Code     6  stm32f10x_adc.o(.text)
    ADC_AnalogWatchdogSingleChannelConfig    0x0800883d   Thumb Code    16  stm32f10x_adc.o(.text)
    ADC_TempSensorVrefintCmd                 0x0800884d   Thumb Code    64  stm32f10x_adc.o(.text)
    ADC_GetFlagStatus                        0x0800888d   Thumb Code    18  stm32f10x_adc.o(.text)
    ADC_ClearFlag                            0x0800889f   Thumb Code     6  stm32f10x_adc.o(.text)
    ADC_GetITStatus                          0x080088a5   Thumb Code    36  stm32f10x_adc.o(.text)
    ADC_ClearITPendingBit                    0x080088c9   Thumb Code    10  stm32f10x_adc.o(.text)
    BKP_DeInit                               0x080088d5   Thumb Code    16  stm32f10x_bkp.o(.text)
    BKP_TamperPinLevelConfig                 0x080088e5   Thumb Code     6  stm32f10x_bkp.o(.text)
    BKP_TamperPinCmd                         0x080088eb   Thumb Code     8  stm32f10x_bkp.o(.text)
    BKP_ITConfig                             0x080088f3   Thumb Code     8  stm32f10x_bkp.o(.text)
    BKP_RTCOutputConfig                      0x080088fb   Thumb Code    22  stm32f10x_bkp.o(.text)
    BKP_SetRTCCalibrationValue               0x08008911   Thumb Code    22  stm32f10x_bkp.o(.text)
    BKP_WriteBackupRegister                  0x08008927   Thumb Code    24  stm32f10x_bkp.o(.text)
    BKP_ReadBackupRegister                   0x0800893f   Thumb Code    26  stm32f10x_bkp.o(.text)
    BKP_GetFlagStatus                        0x08008959   Thumb Code    10  stm32f10x_bkp.o(.text)
    BKP_ClearFlag                            0x08008963   Thumb Code    18  stm32f10x_bkp.o(.text)
    BKP_GetITStatus                          0x08008975   Thumb Code    10  stm32f10x_bkp.o(.text)
    BKP_ClearITPendingBit                    0x0800897f   Thumb Code    18  stm32f10x_bkp.o(.text)
    DMA_DeInit                               0x08008999   Thumb Code   324  stm32f10x_dma.o(.text)
    DMA_Init                                 0x08008add   Thumb Code    60  stm32f10x_dma.o(.text)
    DMA_StructInit                           0x08008b19   Thumb Code    26  stm32f10x_dma.o(.text)
    DMA_Cmd                                  0x08008b33   Thumb Code    24  stm32f10x_dma.o(.text)
    DMA_ITConfig                             0x08008b4b   Thumb Code    18  stm32f10x_dma.o(.text)
    DMA_SetCurrDataCounter                   0x08008b5d   Thumb Code     4  stm32f10x_dma.o(.text)
    DMA_GetCurrDataCounter                   0x08008b61   Thumb Code     8  stm32f10x_dma.o(.text)
    DMA_GetFlagStatus                        0x08008b69   Thumb Code    40  stm32f10x_dma.o(.text)
    DMA_ClearFlag                            0x08008b91   Thumb Code    22  stm32f10x_dma.o(.text)
    DMA_GetITStatus                          0x08008ba7   Thumb Code    40  stm32f10x_dma.o(.text)
    DMA_ClearITPendingBit                    0x08008bcf   Thumb Code    22  stm32f10x_dma.o(.text)
    FLASH_SetLatency                         0x08008bed   Thumb Code    18  stm32f10x_flash.o(.text)
    FLASH_HalfCycleAccessCmd                 0x08008bff   Thumb Code    22  stm32f10x_flash.o(.text)
    FLASH_PrefetchBufferCmd                  0x08008c15   Thumb Code    22  stm32f10x_flash.o(.text)
    FLASH_Unlock                             0x08008c2b   Thumb Code    12  stm32f10x_flash.o(.text)
    FLASH_UnlockBank1                        0x08008c37   Thumb Code    12  stm32f10x_flash.o(.text)
    FLASH_Lock                               0x08008c43   Thumb Code    14  stm32f10x_flash.o(.text)
    FLASH_LockBank1                          0x08008c51   Thumb Code    14  stm32f10x_flash.o(.text)
    FLASH_GetBank1Status                     0x08008c5f   Thumb Code    48  stm32f10x_flash.o(.text)
    FLASH_WaitForLastOperation               0x08008c8f   Thumb Code    38  stm32f10x_flash.o(.text)
    FLASH_ErasePage                          0x08008cb5   Thumb Code    72  stm32f10x_flash.o(.text)
    FLASH_EraseAllPages                      0x08008cfd   Thumb Code    68  stm32f10x_flash.o(.text)
    FLASH_WaitForLastBank1Operation          0x08008d41   Thumb Code    38  stm32f10x_flash.o(.text)
    FLASH_EraseAllBank1Pages                 0x08008d67   Thumb Code    68  stm32f10x_flash.o(.text)
    FLASH_GetReadOutProtectionStatus         0x08008dab   Thumb Code    20  stm32f10x_flash.o(.text)
    FLASH_EraseOptionBytes                   0x08008dbf   Thumb Code   150  stm32f10x_flash.o(.text)
    FLASH_ProgramWord                        0x08008e55   Thumb Code   102  stm32f10x_flash.o(.text)
    FLASH_ProgramHalfWord                    0x08008ebb   Thumb Code    60  stm32f10x_flash.o(.text)
    FLASH_ProgramOptionByteData              0x08008ef7   Thumb Code    72  stm32f10x_flash.o(.text)
    FLASH_EnableWriteProtection              0x08008f3f   Thumb Code   200  stm32f10x_flash.o(.text)
    FLASH_ReadOutProtection                  0x08009007   Thumb Code   156  stm32f10x_flash.o(.text)
    FLASH_UserOptionByteConfig               0x080090a3   Thumb Code    88  stm32f10x_flash.o(.text)
    FLASH_GetUserOptionByte                  0x080090fb   Thumb Code     8  stm32f10x_flash.o(.text)
    FLASH_GetWriteProtectionOptionByte       0x08009103   Thumb Code     6  stm32f10x_flash.o(.text)
    FLASH_GetPrefetchBufferStatus            0x08009109   Thumb Code    20  stm32f10x_flash.o(.text)
    FLASH_ITConfig                           0x0800911d   Thumb Code    26  stm32f10x_flash.o(.text)
    FLASH_GetFlagStatus                      0x08009137   Thumb Code    42  stm32f10x_flash.o(.text)
    FLASH_ClearFlag                          0x08009161   Thumb Code     6  stm32f10x_flash.o(.text)
    FLASH_GetStatus                          0x08009167   Thumb Code    48  stm32f10x_flash.o(.text)
    GPIO_DeInit                              0x080091a9   Thumb Code   172  stm32f10x_gpio.o(.text)
    GPIO_AFIODeInit                          0x08009255   Thumb Code    20  stm32f10x_gpio.o(.text)
    GPIO_Init                                0x08009269   Thumb Code   278  stm32f10x_gpio.o(.text)
    GPIO_StructInit                          0x0800937f   Thumb Code    16  stm32f10x_gpio.o(.text)
    GPIO_ReadInputDataBit                    0x0800938f   Thumb Code    18  stm32f10x_gpio.o(.text)
    GPIO_ReadInputData                       0x080093a1   Thumb Code     8  stm32f10x_gpio.o(.text)
    GPIO_ReadOutputDataBit                   0x080093a9   Thumb Code    18  stm32f10x_gpio.o(.text)
    GPIO_ReadOutputData                      0x080093bb   Thumb Code     8  stm32f10x_gpio.o(.text)
    GPIO_SetBits                             0x080093c3   Thumb Code     4  stm32f10x_gpio.o(.text)
    GPIO_ResetBits                           0x080093c7   Thumb Code     4  stm32f10x_gpio.o(.text)
    GPIO_WriteBit                            0x080093cb   Thumb Code    10  stm32f10x_gpio.o(.text)
    GPIO_Write                               0x080093d5   Thumb Code     4  stm32f10x_gpio.o(.text)
    GPIO_PinLockConfig                       0x080093d9   Thumb Code    18  stm32f10x_gpio.o(.text)
    GPIO_EventOutputConfig                   0x080093eb   Thumb Code    26  stm32f10x_gpio.o(.text)
    GPIO_EventOutputCmd                      0x08009405   Thumb Code     6  stm32f10x_gpio.o(.text)
    GPIO_PinRemapConfig                      0x0800940b   Thumb Code   138  stm32f10x_gpio.o(.text)
    GPIO_EXTILineConfig                      0x08009495   Thumb Code    66  stm32f10x_gpio.o(.text)
    GPIO_ETH_MediaInterfaceConfig            0x080094d7   Thumb Code     8  stm32f10x_gpio.o(.text)
    PWR_DeInit                               0x08009505   Thumb Code    22  stm32f10x_pwr.o(.text)
    PWR_BackupAccessCmd                      0x0800951b   Thumb Code     6  stm32f10x_pwr.o(.text)
    PWR_PVDCmd                               0x08009521   Thumb Code     6  stm32f10x_pwr.o(.text)
    PWR_PVDLevelConfig                       0x08009527   Thumb Code    18  stm32f10x_pwr.o(.text)
    PWR_WakeUpPinCmd                         0x08009539   Thumb Code     8  stm32f10x_pwr.o(.text)
    PWR_EnterSTOPMode                        0x08009541   Thumb Code    54  stm32f10x_pwr.o(.text)
    PWR_EnterSTANDBYMode                     0x08009577   Thumb Code    42  stm32f10x_pwr.o(.text)
    PWR_GetFlagStatus                        0x080095a1   Thumb Code    20  stm32f10x_pwr.o(.text)
    PWR_ClearFlag                            0x080095b5   Thumb Code    14  stm32f10x_pwr.o(.text)
    RCC_DeInit                               0x080095d1   Thumb Code    64  stm32f10x_rcc.o(.text)
    RCC_HSEConfig                            0x08009611   Thumb Code    70  stm32f10x_rcc.o(.text)
    RCC_GetFlagStatus                        0x08009657   Thumb Code    56  stm32f10x_rcc.o(.text)
    RCC_WaitForHSEStartUp                    0x0800968f   Thumb Code    56  stm32f10x_rcc.o(.text)
    RCC_AdjustHSICalibrationValue            0x080096c7   Thumb Code    20  stm32f10x_rcc.o(.text)
    RCC_HSICmd                               0x080096db   Thumb Code     6  stm32f10x_rcc.o(.text)
    RCC_PLLConfig                            0x080096e1   Thumb Code    24  stm32f10x_rcc.o(.text)
    RCC_PLLCmd                               0x080096f9   Thumb Code     6  stm32f10x_rcc.o(.text)
    RCC_SYSCLKConfig                         0x080096ff   Thumb Code    18  stm32f10x_rcc.o(.text)
    RCC_GetSYSCLKSource                      0x08009711   Thumb Code    10  stm32f10x_rcc.o(.text)
    RCC_HCLKConfig                           0x0800971b   Thumb Code    18  stm32f10x_rcc.o(.text)
    RCC_PCLK1Config                          0x0800972d   Thumb Code    18  stm32f10x_rcc.o(.text)
    RCC_PCLK2Config                          0x0800973f   Thumb Code    20  stm32f10x_rcc.o(.text)
    RCC_ITConfig                             0x08009753   Thumb Code    26  stm32f10x_rcc.o(.text)
    RCC_USBCLKConfig                         0x0800976d   Thumb Code     8  stm32f10x_rcc.o(.text)
    RCC_ADCCLKConfig                         0x08009775   Thumb Code    18  stm32f10x_rcc.o(.text)
    RCC_LSEConfig                            0x08009787   Thumb Code    50  stm32f10x_rcc.o(.text)
    RCC_LSICmd                               0x080097b9   Thumb Code     6  stm32f10x_rcc.o(.text)
    RCC_RTCCLKConfig                         0x080097bf   Thumb Code    12  stm32f10x_rcc.o(.text)
    RCC_RTCCLKCmd                            0x080097cb   Thumb Code     8  stm32f10x_rcc.o(.text)
    RCC_GetClocksFreq                        0x080097d3   Thumb Code   192  stm32f10x_rcc.o(.text)
    RCC_AHBPeriphClockCmd                    0x08009893   Thumb Code    26  stm32f10x_rcc.o(.text)
    RCC_APB2PeriphClockCmd                   0x080098ad   Thumb Code    26  stm32f10x_rcc.o(.text)
    RCC_APB1PeriphClockCmd                   0x080098c7   Thumb Code    26  stm32f10x_rcc.o(.text)
    RCC_APB2PeriphResetCmd                   0x080098e1   Thumb Code    26  stm32f10x_rcc.o(.text)
    RCC_APB1PeriphResetCmd                   0x080098fb   Thumb Code    26  stm32f10x_rcc.o(.text)
    RCC_BackupResetCmd                       0x08009915   Thumb Code     8  stm32f10x_rcc.o(.text)
    RCC_ClockSecuritySystemCmd               0x0800991d   Thumb Code     6  stm32f10x_rcc.o(.text)
    RCC_MCOConfig                            0x08009923   Thumb Code     6  stm32f10x_rcc.o(.text)
    RCC_ClearFlag                            0x08009929   Thumb Code    14  stm32f10x_rcc.o(.text)
    RCC_GetITStatus                          0x08009937   Thumb Code    20  stm32f10x_rcc.o(.text)
    RCC_ClearITPendingBit                    0x0800994b   Thumb Code     6  stm32f10x_rcc.o(.text)
    RTC_ITConfig                             0x08009975   Thumb Code    26  stm32f10x_rtc.o(.text)
    RTC_EnterConfigMode                      0x0800998f   Thumb Code    18  stm32f10x_rtc.o(.text)
    RTC_ExitConfigMode                       0x080099a1   Thumb Code    20  stm32f10x_rtc.o(.text)
    RTC_GetCounter                           0x080099b5   Thumb Code    18  stm32f10x_rtc.o(.text)
    RTC_SetCounter                           0x080099c7   Thumb Code    26  stm32f10x_rtc.o(.text)
    RTC_SetPrescaler                         0x080099e1   Thumb Code    28  stm32f10x_rtc.o(.text)
    RTC_SetAlarm                             0x080099fd   Thumb Code    26  stm32f10x_rtc.o(.text)
    RTC_GetDivider                           0x08009a17   Thumb Code    22  stm32f10x_rtc.o(.text)
    RTC_WaitForLastTask                      0x08009a2d   Thumb Code    18  stm32f10x_rtc.o(.text)
    RTC_WaitForSynchro                       0x08009a3f   Thumb Code    36  stm32f10x_rtc.o(.text)
    RTC_GetFlagStatus                        0x08009a63   Thumb Code    22  stm32f10x_rtc.o(.text)
    RTC_ClearFlag                            0x08009a79   Thumb Code    16  stm32f10x_rtc.o(.text)
    RTC_GetITStatus                          0x08009a89   Thumb Code    32  stm32f10x_rtc.o(.text)
    RTC_ClearITPendingBit                    0x08009aa9   Thumb Code    16  stm32f10x_rtc.o(.text)
    SPI_I2S_DeInit                           0x08009abd   Thumb Code    76  stm32f10x_spi.o(.text)
    SPI_Init                                 0x08009b09   Thumb Code    60  stm32f10x_spi.o(.text)
    I2S_Init                                 0x08009b45   Thumb Code   226  stm32f10x_spi.o(.text)
    SPI_StructInit                           0x08009c27   Thumb Code    24  stm32f10x_spi.o(.text)
    I2S_StructInit                           0x08009c3f   Thumb Code    20  stm32f10x_spi.o(.text)
    SPI_Cmd                                  0x08009c53   Thumb Code    24  stm32f10x_spi.o(.text)
    I2S_Cmd                                  0x08009c6b   Thumb Code    24  stm32f10x_spi.o(.text)
    SPI_I2S_ITConfig                         0x08009c83   Thumb Code    32  stm32f10x_spi.o(.text)
    SPI_I2S_DMACmd                           0x08009ca3   Thumb Code    18  stm32f10x_spi.o(.text)
    SPI_I2S_SendData                         0x08009cb5   Thumb Code     4  stm32f10x_spi.o(.text)
    SPI_I2S_ReceiveData                      0x08009cb9   Thumb Code     6  stm32f10x_spi.o(.text)
    SPI_NSSInternalSoftwareConfig            0x08009cbf   Thumb Code    30  stm32f10x_spi.o(.text)
    SPI_SSOutputCmd                          0x08009cdd   Thumb Code    24  stm32f10x_spi.o(.text)
    SPI_DataSizeConfig                       0x08009cf5   Thumb Code    18  stm32f10x_spi.o(.text)
    SPI_TransmitCRC                          0x08009d07   Thumb Code    10  stm32f10x_spi.o(.text)
    SPI_CalculateCRC                         0x08009d11   Thumb Code    24  stm32f10x_spi.o(.text)
    SPI_GetCRC                               0x08009d29   Thumb Code    16  stm32f10x_spi.o(.text)
    SPI_GetCRCPolynomial                     0x08009d39   Thumb Code     6  stm32f10x_spi.o(.text)
    SPI_BiDirectionalLineConfig              0x08009d3f   Thumb Code    28  stm32f10x_spi.o(.text)
    SPI_I2S_GetFlagStatus                    0x08009d5b   Thumb Code    18  stm32f10x_spi.o(.text)
    SPI_I2S_ClearFlag                        0x08009d6d   Thumb Code     6  stm32f10x_spi.o(.text)
    SPI_I2S_GetITStatus                      0x08009d73   Thumb Code    52  stm32f10x_spi.o(.text)
    SPI_I2S_ClearITPendingBit                0x08009da7   Thumb Code    20  stm32f10x_spi.o(.text)
    TIM_DeInit                               0x08009dc9   Thumb Code   424  stm32f10x_tim.o(.text)
    TIM_TimeBaseInit                         0x08009f71   Thumb Code   122  stm32f10x_tim.o(.text)
    TIM_OC1Init                              0x08009feb   Thumb Code   132  stm32f10x_tim.o(.text)
    TIM_OC2Init                              0x0800a06f   Thumb Code   154  stm32f10x_tim.o(.text)
    TIM_OC3Init                              0x0800a109   Thumb Code   150  stm32f10x_tim.o(.text)
    TIM_OC4Init                              0x0800a19f   Thumb Code   182  stm32f10x_tim.o(.text)
    TIM_SetIC4Prescaler                      0x0800a255   Thumb Code    26  stm32f10x_tim.o(.text)
    TIM_SetIC3Prescaler                      0x0800a2f1   Thumb Code    18  stm32f10x_tim.o(.text)
    TIM_SetIC2Prescaler                      0x0800a37d   Thumb Code    26  stm32f10x_tim.o(.text)
    TIM_SetIC1Prescaler                      0x0800a419   Thumb Code    18  stm32f10x_tim.o(.text)
    TIM_ICInit                               0x0800a497   Thumb Code   150  stm32f10x_tim.o(.text)
    TIM_PWMIConfig                           0x0800a52d   Thumb Code   124  stm32f10x_tim.o(.text)
    TIM_BDTRConfig                           0x0800a5a9   Thumb Code    32  stm32f10x_tim.o(.text)
    TIM_TimeBaseStructInit                   0x0800a5c9   Thumb Code    18  stm32f10x_tim.o(.text)
    TIM_OCStructInit                         0x0800a5db   Thumb Code    20  stm32f10x_tim.o(.text)
    TIM_ICStructInit                         0x0800a5ef   Thumb Code    18  stm32f10x_tim.o(.text)
    TIM_BDTRStructInit                       0x0800a601   Thumb Code    40  stm32f10x_tim.o(.text)
    TIM_Cmd                                  0x0800a629   Thumb Code    24  stm32f10x_tim.o(.text)
    TIM_CtrlPWMOutputs                       0x0800a641   Thumb Code    30  stm32f10x_tim.o(.text)
    TIM_ITConfig                             0x0800a65f   Thumb Code    18  stm32f10x_tim.o(.text)
    TIM_GenerateEvent                        0x0800a671   Thumb Code     4  stm32f10x_tim.o(.text)
    TIM_DMAConfig                            0x0800a675   Thumb Code    10  stm32f10x_tim.o(.text)
    TIM_DMACmd                               0x0800a67f   Thumb Code    18  stm32f10x_tim.o(.text)
    TIM_InternalClockConfig                  0x0800a691   Thumb Code    12  stm32f10x_tim.o(.text)
    TIM_SelectInputTrigger                   0x0800a69d   Thumb Code    18  stm32f10x_tim.o(.text)
    TIM_ITRxExternalClockConfig              0x0800a6af   Thumb Code    24  stm32f10x_tim.o(.text)
    TIM_TIxExternalClockConfig               0x0800a6c7   Thumb Code    62  stm32f10x_tim.o(.text)
    TIM_ETRConfig                            0x0800a705   Thumb Code    28  stm32f10x_tim.o(.text)
    TIM_ETRClockMode1Config                  0x0800a721   Thumb Code    54  stm32f10x_tim.o(.text)
    TIM_ETRClockMode2Config                  0x0800a757   Thumb Code    32  stm32f10x_tim.o(.text)
    TIM_PrescalerConfig                      0x0800a777   Thumb Code     6  stm32f10x_tim.o(.text)
    TIM_CounterModeConfig                    0x0800a77d   Thumb Code    18  stm32f10x_tim.o(.text)
    TIM_EncoderInterfaceConfig               0x0800a78f   Thumb Code    66  stm32f10x_tim.o(.text)
    TIM_ForcedOC1Config                      0x0800a7d1   Thumb Code    18  stm32f10x_tim.o(.text)
    TIM_ForcedOC2Config                      0x0800a7e3   Thumb Code    26  stm32f10x_tim.o(.text)
    TIM_ForcedOC3Config                      0x0800a7fd   Thumb Code    18  stm32f10x_tim.o(.text)
    TIM_ForcedOC4Config                      0x0800a80f   Thumb Code    26  stm32f10x_tim.o(.text)
    TIM_ARRPreloadConfig                     0x0800a829   Thumb Code    24  stm32f10x_tim.o(.text)
    TIM_SelectCOM                            0x0800a841   Thumb Code    24  stm32f10x_tim.o(.text)
    TIM_SelectCCDMA                          0x0800a859   Thumb Code    24  stm32f10x_tim.o(.text)
    TIM_CCPreloadControl                     0x0800a871   Thumb Code    24  stm32f10x_tim.o(.text)
    TIM_OC1PreloadConfig                     0x0800a889   Thumb Code    18  stm32f10x_tim.o(.text)
    TIM_OC2PreloadConfig                     0x0800a89b   Thumb Code    26  stm32f10x_tim.o(.text)
    TIM_OC3PreloadConfig                     0x0800a8b5   Thumb Code    18  stm32f10x_tim.o(.text)
    TIM_OC4PreloadConfig                     0x0800a8c7   Thumb Code    26  stm32f10x_tim.o(.text)
    TIM_OC1FastConfig                        0x0800a8e1   Thumb Code    18  stm32f10x_tim.o(.text)
    TIM_OC2FastConfig                        0x0800a8f3   Thumb Code    26  stm32f10x_tim.o(.text)
    TIM_OC3FastConfig                        0x0800a90d   Thumb Code    18  stm32f10x_tim.o(.text)
    TIM_OC4FastConfig                        0x0800a91f   Thumb Code    26  stm32f10x_tim.o(.text)
    TIM_ClearOC1Ref                          0x0800a939   Thumb Code    18  stm32f10x_tim.o(.text)
    TIM_ClearOC2Ref                          0x0800a94b   Thumb Code    24  stm32f10x_tim.o(.text)
    TIM_ClearOC3Ref                          0x0800a963   Thumb Code    18  stm32f10x_tim.o(.text)
    TIM_ClearOC4Ref                          0x0800a975   Thumb Code    24  stm32f10x_tim.o(.text)
    TIM_OC1PolarityConfig                    0x0800a98d   Thumb Code    18  stm32f10x_tim.o(.text)
    TIM_OC1NPolarityConfig                   0x0800a99f   Thumb Code    18  stm32f10x_tim.o(.text)
    TIM_OC2PolarityConfig                    0x0800a9b1   Thumb Code    26  stm32f10x_tim.o(.text)
    TIM_OC2NPolarityConfig                   0x0800a9cb   Thumb Code    26  stm32f10x_tim.o(.text)
    TIM_OC3PolarityConfig                    0x0800a9e5   Thumb Code    26  stm32f10x_tim.o(.text)
    TIM_OC3NPolarityConfig                   0x0800a9ff   Thumb Code    26  stm32f10x_tim.o(.text)
    TIM_OC4PolarityConfig                    0x0800aa19   Thumb Code    26  stm32f10x_tim.o(.text)
    TIM_CCxCmd                               0x0800aa33   Thumb Code    30  stm32f10x_tim.o(.text)
    TIM_CCxNCmd                              0x0800aa51   Thumb Code    30  stm32f10x_tim.o(.text)
    TIM_SelectOCxM                           0x0800aa6f   Thumb Code    82  stm32f10x_tim.o(.text)
    TIM_UpdateDisableConfig                  0x0800aac1   Thumb Code    24  stm32f10x_tim.o(.text)
    TIM_UpdateRequestConfig                  0x0800aad9   Thumb Code    24  stm32f10x_tim.o(.text)
    TIM_SelectHallSensor                     0x0800aaf1   Thumb Code    24  stm32f10x_tim.o(.text)
    TIM_SelectOnePulseMode                   0x0800ab09   Thumb Code    18  stm32f10x_tim.o(.text)
    TIM_SelectOutputTrigger                  0x0800ab1b   Thumb Code    18  stm32f10x_tim.o(.text)
    TIM_SelectSlaveMode                      0x0800ab2d   Thumb Code    18  stm32f10x_tim.o(.text)
    TIM_SelectMasterSlaveMode                0x0800ab3f   Thumb Code    18  stm32f10x_tim.o(.text)
    TIM_SetCounter                           0x0800ab51   Thumb Code     4  stm32f10x_tim.o(.text)
    TIM_SetAutoreload                        0x0800ab55   Thumb Code     4  stm32f10x_tim.o(.text)
    TIM_SetCompare1                          0x0800ab59   Thumb Code     4  stm32f10x_tim.o(.text)
    TIM_SetCompare2                          0x0800ab5d   Thumb Code     4  stm32f10x_tim.o(.text)
    TIM_SetCompare3                          0x0800ab61   Thumb Code     4  stm32f10x_tim.o(.text)
    TIM_SetCompare4                          0x0800ab65   Thumb Code     6  stm32f10x_tim.o(.text)
    TIM_SetClockDivision                     0x0800ab6b   Thumb Code    18  stm32f10x_tim.o(.text)
    TIM_GetCapture1                          0x0800ab7d   Thumb Code     6  stm32f10x_tim.o(.text)
    TIM_GetCapture2                          0x0800ab83   Thumb Code     6  stm32f10x_tim.o(.text)
    TIM_GetCapture3                          0x0800ab89   Thumb Code     6  stm32f10x_tim.o(.text)
    TIM_GetCapture4                          0x0800ab8f   Thumb Code     8  stm32f10x_tim.o(.text)
    TIM_GetCounter                           0x0800ab97   Thumb Code     6  stm32f10x_tim.o(.text)
    TIM_GetPrescaler                         0x0800ab9d   Thumb Code     6  stm32f10x_tim.o(.text)
    TIM_GetFlagStatus                        0x0800aba3   Thumb Code    18  stm32f10x_tim.o(.text)
    TIM_ClearFlag                            0x0800abb5   Thumb Code     6  stm32f10x_tim.o(.text)
    TIM_GetITStatus                          0x0800abbb   Thumb Code    34  stm32f10x_tim.o(.text)
    TIM_ClearITPendingBit                    0x0800abdd   Thumb Code     6  stm32f10x_tim.o(.text)
    USART_DeInit                             0x0800abe5   Thumb Code   134  stm32f10x_usart.o(.text)
    USART_Init                               0x0800ac6b   Thumb Code   210  stm32f10x_usart.o(.text)
    USART_StructInit                         0x0800ad3d   Thumb Code    24  stm32f10x_usart.o(.text)
    USART_ClockInit                          0x0800ad55   Thumb Code    34  stm32f10x_usart.o(.text)
    USART_ClockStructInit                    0x0800ad77   Thumb Code    12  stm32f10x_usart.o(.text)
    USART_Cmd                                0x0800ad83   Thumb Code    24  stm32f10x_usart.o(.text)
    USART_ITConfig                           0x0800ad9b   Thumb Code    74  stm32f10x_usart.o(.text)
    USART_DMACmd                             0x0800ade5   Thumb Code    18  stm32f10x_usart.o(.text)
    USART_SetAddress                         0x0800adf7   Thumb Code    18  stm32f10x_usart.o(.text)
    USART_WakeUpConfig                       0x0800ae09   Thumb Code    18  stm32f10x_usart.o(.text)
    USART_ReceiverWakeUpCmd                  0x0800ae1b   Thumb Code    24  stm32f10x_usart.o(.text)
    USART_LINBreakDetectLengthConfig         0x0800ae33   Thumb Code    18  stm32f10x_usart.o(.text)
    USART_LINCmd                             0x0800ae45   Thumb Code    24  stm32f10x_usart.o(.text)
    USART_SendData                           0x0800ae5d   Thumb Code     8  stm32f10x_usart.o(.text)
    USART_ReceiveData                        0x0800ae65   Thumb Code    10  stm32f10x_usart.o(.text)
    USART_SendBreak                          0x0800ae6f   Thumb Code    10  stm32f10x_usart.o(.text)
    USART_SetGuardTime                       0x0800ae79   Thumb Code    16  stm32f10x_usart.o(.text)
    USART_SetPrescaler                       0x0800ae89   Thumb Code    16  stm32f10x_usart.o(.text)
    USART_SmartCardCmd                       0x0800ae99   Thumb Code    24  stm32f10x_usart.o(.text)
    USART_SmartCardNACKCmd                   0x0800aeb1   Thumb Code    24  stm32f10x_usart.o(.text)
    USART_HalfDuplexCmd                      0x0800aec9   Thumb Code    24  stm32f10x_usart.o(.text)
    USART_OverSampling8Cmd                   0x0800aee1   Thumb Code    22  stm32f10x_usart.o(.text)
    USART_OneBitMethodCmd                    0x0800aef7   Thumb Code    24  stm32f10x_usart.o(.text)
    USART_IrDAConfig                         0x0800af0f   Thumb Code    18  stm32f10x_usart.o(.text)
    USART_IrDACmd                            0x0800af21   Thumb Code    24  stm32f10x_usart.o(.text)
    USART_GetFlagStatus                      0x0800af39   Thumb Code    26  stm32f10x_usart.o(.text)
    USART_ClearFlag                          0x0800af53   Thumb Code    18  stm32f10x_usart.o(.text)
    USART_GetITStatus                        0x0800af65   Thumb Code    84  stm32f10x_usart.o(.text)
    USART_ClearITPendingBit                  0x0800afb9   Thumb Code    52  stm32f10x_usart.o(.text)
    filter                                   0x0800afed   Thumb Code   720  main.o(.text)
    $Super$$main                             0x0800ba0b   Thumb Code   186  main.o(.text)
    AngleCalibration                         0x0800bac5   Thumb Code  1330  main.o(.text)
    USART1_IRQHandler                        0x0800c03d   Thumb Code    26  stm32f10x_it.o(.text)
    rt_heap_begin_get                        0x0800c05d   Thumb Code     4  board.o(.text)
    rt_heap_end_get                          0x0800c061   Thumb Code     4  board.o(.text)
    rt_hw_board_init                         0x0800c065   Thumb Code   114  board.o(.text)
    SysTick_Handler                          0x0800c0d7   Thumb Code    16  board.o(.text)
    rt_hw_console_output                     0x0800c0e7   Thumb Code    88  board.o(.text)
    USART_Config                             0x0800c183   Thumb Code   174  bsp_usart.o(.text)
    USART_Config_1                           0x0800c231   Thumb Code    74  bsp_usart.o(.text)
    USARTx_DMA_Config                        0x0800c27b   Thumb Code    96  bsp_usart.o(.text)
    Uart_DMA_Rx_Data                         0x0800c2db   Thumb Code    44  bsp_usart.o(.text)
    Usart_SendByte                           0x0800c307   Thumb Code    30  bsp_usart.o(.text)
    Usart_SendArray                          0x0800c325   Thumb Code    48  bsp_usart.o(.text)
    Usart_SendString                         0x0800c355   Thumb Code    42  bsp_usart.o(.text)
    Usart_SendHalfWord                       0x0800c37f   Thumb Code    60  bsp_usart.o(.text)
    fputc                                    0x0800c3bb   Thumb Code    32  bsp_usart.o(.text)
    fgetc                                    0x0800c3db   Thumb Code    26  bsp_usart.o(.text)
    rt_system_tick_init                      0x0800c409   Thumb Code     2  clock.o(.text)
    rt_tick_get                              0x0800c40b   Thumb Code     6  clock.o(.text)
    rt_tick_set                              0x0800c411   Thumb Code    22  clock.o(.text)
    rt_tick_increase                         0x0800c427   Thumb Code    42  clock.o(.text)
    rt_tick_from_millisecond                 0x0800c451   Thumb Code    32  clock.o(.text)
    rt_components_board_init                 0x0800c485   Thumb Code    20  components.o(.text)
    rt_components_init                       0x0800c499   Thumb Code    20  components.o(.text)
    main_thread_entry                        0x0800c4ad   Thumb Code    14  components.o(.text)
    rt_application_init                      0x0800c4bb   Thumb Code    34  components.o(.text)
    rtthread_startup                         0x0800c4dd   Thumb Code    42  components.o(.text)
    main                                     0x0800c507   Thumb Code    14  components.o(.text)
    rt_thread_idle_excute                    0x0800c529   Thumb Code   128  idle.o(.text)
    rt_thread_idle_init                      0x0800c5b1   Thumb Code    38  idle.o(.text)
    rt_thread_idle_gethandler                0x0800c5d7   Thumb Code     4  idle.o(.text)
    rt_sem_init                              0x0800c6b1   Thumb Code    38  ipc.o(.text)
    rt_sem_detach                            0x0800c6d7   Thumb Code    22  ipc.o(.text)
    rt_sem_create                            0x0800c6ed   Thumb Code    42  ipc.o(.text)
    rt_sem_delete                            0x0800c717   Thumb Code    22  ipc.o(.text)
    rt_sem_take                              0x0800c72d   Thumb Code   116  ipc.o(.text)
    rt_sem_trytake                           0x0800c7a1   Thumb Code    14  ipc.o(.text)
    rt_sem_release                           0x0800c7af   Thumb Code    58  ipc.o(.text)
    rt_sem_control                           0x0800c7e9   Thumb Code    54  ipc.o(.text)
    rt_mutex_init                            0x0800c81f   Thumb Code    44  ipc.o(.text)
    rt_mutex_detach                          0x0800c84b   Thumb Code    22  ipc.o(.text)
    rt_mutex_create                          0x0800c861   Thumb Code    50  ipc.o(.text)
    rt_mutex_delete                          0x0800c893   Thumb Code    22  ipc.o(.text)
    rt_mutex_take                            0x0800c8a9   Thumb Code   192  ipc.o(.text)
    rt_mutex_release                         0x0800c969   Thumb Code   150  ipc.o(.text)
    rt_mutex_control                         0x0800c9ff   Thumb Code     8  ipc.o(.text)
    rt_event_init                            0x0800ca07   Thumb Code    32  ipc.o(.text)
    rt_event_detach                          0x0800ca27   Thumb Code    22  ipc.o(.text)
    rt_event_create                          0x0800ca3d   Thumb Code    38  ipc.o(.text)
    rt_event_delete                          0x0800ca63   Thumb Code    22  ipc.o(.text)
    rt_event_send                            0x0800ca79   Thumb Code   180  ipc.o(.text)
    rt_event_recv                            0x0800cb2d   Thumb Code   218  ipc.o(.text)
    rt_event_control                         0x0800cc07   Thumb Code    54  ipc.o(.text)
    rt_mb_init                               0x0800cc3d   Thumb Code    62  ipc.o(.text)
    rt_mb_detach                             0x0800cc7b   Thumb Code    30  ipc.o(.text)
    rt_mb_create                             0x0800cc99   Thumb Code    82  ipc.o(.text)
    rt_mb_delete                             0x0800cceb   Thumb Code    36  ipc.o(.text)
    rt_mb_send_wait                          0x0800cd0f   Thumb Code   246  ipc.o(.text)
    rt_mb_send                               0x0800ce05   Thumb Code    18  ipc.o(.text)
    rt_mb_recv                               0x0800ce17   Thumb Code   244  ipc.o(.text)
    rt_mb_control                            0x0800cf0b   Thumb Code    66  ipc.o(.text)
    rt_mq_init                               0x0800cf4d   Thumb Code   104  ipc.o(.text)
    rt_mq_detach                             0x0800cfb5   Thumb Code    22  ipc.o(.text)
    rt_mq_delete                             0x0800cfcb   Thumb Code    28  ipc.o(.text)
    rt_mq_create                             0x0800cfe7   Thumb Code   128  ipc.o(.text)
    rt_mq_send                               0x0800d067   Thumb Code   140  ipc.o(.text)
    rt_mq_urgent                             0x0800d0f3   Thumb Code   132  ipc.o(.text)
    rt_mq_recv                               0x0800d177   Thumb Code   252  ipc.o(.text)
    rt_mq_control                            0x0800d273   Thumb Code    82  ipc.o(.text)
    rt_interrupt_enter                       0x0800d301   Thumb Code    26  irq.o(.text)
    rt_interrupt_leave                       0x0800d31b   Thumb Code    26  irq.o(.text)
    rt_interrupt_get_nest                    0x0800d335   Thumb Code     6  irq.o(.text)
    rt_get_errno                             0x0800d341   Thumb Code    32  kservice.o(.text)
    rt_set_errno                             0x0800d361   Thumb Code    36  kservice.o(.text)
    _rt_errno                                0x0800d385   Thumb Code    30  kservice.o(.text)
    rt_memset                                0x0800d3a3   Thumb Code    72  kservice.o(.text)
    rt_memcpy                                0x0800d3eb   Thumb Code   124  kservice.o(.text)
    rt_memmove                               0x0800d467   Thumb Code    66  kservice.o(.text)
    rt_memcmp                                0x0800d4a9   Thumb Code    38  kservice.o(.text)
    rt_strlen                                0x0800d4cf   Thumb Code    18  kservice.o(.text)
    rt_strstr                                0x0800d4e1   Thumb Code    58  kservice.o(.text)
    rt_strcasecmp                            0x0800d51b   Thumb Code    48  kservice.o(.text)
    rt_strncpy                               0x0800d54b   Thumb Code    52  kservice.o(.text)
    rt_strncmp                               0x0800d57f   Thumb Code    40  kservice.o(.text)
    rt_strcmp                                0x0800d5a7   Thumb Code    28  kservice.o(.text)
    rt_strnlen                               0x0800d5c3   Thumb Code    24  kservice.o(.text)
    rt_strdup                                0x0800d5db   Thumb Code    40  kservice.o(.text)
    rt_show_version                          0x0800d603   Thumb Code     2  kservice.o(.text)
    rt_vsnprintf                             0x0800d7bb   Thumb Code   800  kservice.o(.text)
    rt_snprintf                              0x0800dadb   Thumb Code    38  kservice.o(.text)
    rt_vsprintf                              0x0800db01   Thumb Code    22  kservice.o(.text)
    rt_sprintf                               0x0800db17   Thumb Code    34  kservice.o(.text)
    rt_kputs                                 0x0800db3b   Thumb Code    18  kservice.o(.text)
    rt_kprintf                               0x0800db4d   Thumb Code    44  kservice.o(.text)
    rt_malloc_align                          0x0800db79   Thumb Code    66  kservice.o(.text)
    rt_free_align                            0x0800dbbb   Thumb Code    16  kservice.o(.text)
    __rt_ffs                                 0x0800dbcb   Thumb Code    70  kservice.o(.text)
    rt_system_heap_init                      0x0800dc8d   Thumb Code   160  mem.o(.text)
    rt_malloc                                0x0800dd2d   Thumb Code   336  mem.o(.text)
    rt_free                                  0x0800de7d   Thumb Code   128  mem.o(.text)
    rt_realloc                               0x0800defd   Thumb Code   448  mem.o(.text)
    rt_calloc                                0x0800e0bd   Thumb Code    34  mem.o(.text)
    rt_memory_info                           0x0800e0df   Thumb Code    26  mem.o(.text)
    rt_system_object_init                    0x0800e125   Thumb Code     2  object.o(.text)
    rt_object_get_information                0x0800e127   Thumb Code    36  object.o(.text)
    rt_object_init                           0x0800e14b   Thumb Code    60  object.o(.text)
    rt_object_detach                         0x0800e187   Thumb Code    26  object.o(.text)
    rt_object_allocate                       0x0800e1a1   Thumb Code    74  object.o(.text)
    rt_object_delete                         0x0800e1eb   Thumb Code    32  object.o(.text)
    rt_object_is_systemobject                0x0800e20b   Thumb Code    18  object.o(.text)
    rt_object_find                           0x0800e21d   Thumb Code    86  object.o(.text)
    rt_system_scheduler_init                 0x0800e279   Thumb Code    52  scheduler.o(.text)
    rt_system_scheduler_start                0x0800e2ad   Thumb Code    36  scheduler.o(.text)
    rt_schedule                              0x0800e2d1   Thumb Code   118  scheduler.o(.text)
    rt_schedule_insert_thread                0x0800e347   Thumb Code    72  scheduler.o(.text)
    rt_schedule_remove_thread                0x0800e38f   Thumb Code    76  scheduler.o(.text)
    rt_enter_critical                        0x0800e3db   Thumb Code    28  scheduler.o(.text)
    rt_exit_critical                         0x0800e3f7   Thumb Code    54  scheduler.o(.text)
    rt_critical_level                        0x0800e42d   Thumb Code     8  scheduler.o(.text)
    rt_thread_exit                           0x0800e479   Thumb Code    76  thread.o(.text)
    rt_thread_timeout                        0x0800e4c5   Thumb Code    32  thread.o(.text)
    rt_thread_init                           0x0800e565   Thumb Code    52  thread.o(.text)
    rt_thread_self                           0x0800e599   Thumb Code     6  thread.o(.text)
    rt_thread_resume                         0x0800e59f   Thumb Code    60  thread.o(.text)
    rt_thread_startup                        0x0800e5db   Thumb Code    44  thread.o(.text)
    rt_thread_detach                         0x0800e607   Thumb Code    70  thread.o(.text)
    rt_thread_create                         0x0800e64d   Thumb Code    80  thread.o(.text)
    rt_thread_delete                         0x0800e69d   Thumb Code    60  thread.o(.text)
    rt_thread_yield                          0x0800e6d9   Thumb Code    92  thread.o(.text)
    rt_thread_suspend                        0x0800e735   Thumb Code    68  thread.o(.text)
    rt_thread_sleep                          0x0800e779   Thumb Code    62  thread.o(.text)
    rt_thread_delay                          0x0800e7b7   Thumb Code    12  thread.o(.text)
    rt_thread_control                        0x0800e7c3   Thumb Code   118  thread.o(.text)
    rt_thread_find                           0x0800e839   Thumb Code    94  thread.o(.text)
    rt_timer_init                            0x0800e933   Thumb Code    46  timer.o(.text)
    rt_timer_detach                          0x0800e961   Thumb Code    32  timer.o(.text)
    rt_timer_create                          0x0800e981   Thumb Code    54  timer.o(.text)
    rt_timer_delete                          0x0800e9b7   Thumb Code    32  timer.o(.text)
    rt_timer_start                           0x0800e9d7   Thumb Code   238  timer.o(.text)
    rt_timer_stop                            0x0800eac5   Thumb Code    48  timer.o(.text)
    rt_timer_control                         0x0800eaf5   Thumb Code    56  timer.o(.text)
    rt_timer_check                           0x0800eb2d   Thumb Code   118  timer.o(.text)
    rt_timer_next_timeout_tick               0x0800eba3   Thumb Code    10  timer.o(.text)
    rt_system_timer_init                     0x0800ebad   Thumb Code    24  timer.o(.text)
    rt_system_timer_thread_init              0x0800ebc5   Thumb Code     2  timer.o(.text)
    rt_hw_interrupt_disable                  0x0800ebe5   Thumb Code     8  context_rvds.o(.text)
    rt_hw_interrupt_enable                   0x0800ebed   Thumb Code     6  context_rvds.o(.text)
    rt_hw_context_switch                     0x0800ebf3   Thumb Code    32  context_rvds.o(.text)
    rt_hw_context_switch_interrupt           0x0800ebf3   Thumb Code     0  context_rvds.o(.text)
    PendSV_Handler                           0x0800ec13   Thumb Code    60  context_rvds.o(.text)
    rt_hw_context_switch_to                  0x0800ec4f   Thumb Code    58  context_rvds.o(.text)
    rt_hw_interrupt_thread_switch            0x0800ec89   Thumb Code     2  context_rvds.o(.text)
    HardFault_Handler                        0x0800ec8b   Thumb Code    48  context_rvds.o(.text)
    rt_hw_stack_init                         0x0800ecd5   Thumb Code    70  cpuport.o(.text)
    rt_hw_exception_install                  0x0800ed1b   Thumb Code     6  cpuport.o(.text)
    rt_hw_hard_fault_exception               0x0800ed21   Thumb Code   190  cpuport.o(.text)
    rt_hw_cpu_shutdown                       0x0800eddf   Thumb Code    10  cpuport.o(.text)
    HexToAscii                               0x0800ef3d   Thumb Code    38  protocol.o(.text)
    AsciiToDecimalism                        0x0800ef63   Thumb Code    54  protocol.o(.text)
    Verification                             0x0800ef99   Thumb Code    92  protocol.o(.text)
    IDVerification                           0x0800eff5   Thumb Code    40  protocol.o(.text)
    CheckCode                                0x0800f01d   Thumb Code    84  protocol.o(.text)
    Parameter_Init                           0x0800f071   Thumb Code   260  protocol.o(.text)
    D01                                      0x0800f175   Thumb Code   222  protocol.o(.text)
    D11                                      0x0800f253   Thumb Code   130  protocol.o(.text)
    D21                                      0x0800f2d5   Thumb Code   130  protocol.o(.text)
    D25                                      0x0800f357   Thumb Code    86  protocol.o(.text)
    D26                                      0x0800f3ad   Thumb Code   216  protocol.o(.text)
    D31                                      0x0800f485   Thumb Code   144  protocol.o(.text)
    D41                                      0x0800f515   Thumb Code   252  protocol.o(.text)
    D51                                      0x0800f611   Thumb Code   428  protocol.o(.text)
    D61                                      0x0800f7bd   Thumb Code    84  protocol.o(.text)
    D71                                      0x0800f811   Thumb Code   586  protocol.o(.text)
    D81                                      0x0800fa5b   Thumb Code   188  protocol.o(.text)
    D91                                      0x0800fb17   Thumb Code   710  protocol.o(.text)
    PacketHandlingModule                     0x0800fddd   Thumb Code   278  protocol.o(.text)
    delay                                    0x0800ff35   Thumb Code    34  mpu6050.o(.text)
    MPU_Write_Byte                           0x0800ff57   Thumb Code    68  mpu6050.o(.text)
    MPU_Init                                 0x0800ff9b   Thumb Code    50  mpu6050.o(.text)
    MPU_Set_Gyro_Fsr                         0x0800ffcd   Thumb Code    16  mpu6050.o(.text)
    MPU_Set_Accel_Fsr                        0x0800ffdd   Thumb Code    16  mpu6050.o(.text)
    MPU_Set_LPF                              0x0800ffed   Thumb Code    58  mpu6050.o(.text)
    MPU_Set_Rate                             0x08010027   Thumb Code    58  mpu6050.o(.text)
    MPU_Read_Len                             0x08010061   Thumb Code   116  mpu6050.o(.text)
    MPU_Get_Temperature                      0x080100d5   Thumb Code    86  mpu6050.o(.text)
    MPU_Get_Gyroscope                        0x0801012b   Thumb Code    80  mpu6050.o(.text)
    MPU_Get_Accelerometer                    0x0801017b   Thumb Code    80  mpu6050.o(.text)
    MPU_Write_Len                            0x080101cb   Thumb Code    96  mpu6050.o(.text)
    MPU_Read_Byte                            0x0801022b   Thumb Code    58  mpu6050.o(.text)
    MPU6050_Get_Data                         0x08010265   Thumb Code    34  mpu6050.o(.text)
    MPU_IIC_Delay                            0x08010299   Thumb Code    16  simulateiic.o(.text)
    MPU_IIC_Init                             0x080102a9   Thumb Code    50  simulateiic.o(.text)
    MPU_IIC_Start                            0x080102db   Thumb Code    64  simulateiic.o(.text)
    MPU_IIC_Stop                             0x0801031b   Thumb Code    66  simulateiic.o(.text)
    MPU_IIC_Wait_Ack                         0x0801035d   Thumb Code    90  simulateiic.o(.text)
    MPU_IIC_Ack                              0x080103b7   Thumb Code    70  simulateiic.o(.text)
    MPU_IIC_NAck                             0x080103fd   Thumb Code    70  simulateiic.o(.text)
    MPU_IIC_Send_Byte                        0x08010443   Thumb Code    86  simulateiic.o(.text)
    MPU_IIC_Read_Byte                        0x08010499   Thumb Code   100  simulateiic.o(.text)
    ADC_DMA_Init                             0x08010509   Thumb Code    74  adc.o(.text)
    ADC_GPIO_Init                            0x08010553   Thumb Code    48  adc.o(.text)
    ADC_Configuration                        0x08010583   Thumb Code   144  adc.o(.text)
    delay2                                   0x08010625   Thumb Code    34  rtc.o(.text)
    RTC_Get_Week                             0x08010667   Thumb Code   116  rtc.o(.text)
    Is_Leap_Year                             0x080106db   Thumb Code    58  rtc.o(.text)
    RTC_Get                                  0x08010715   Thumb Code   240  rtc.o(.text)
    RTC_Set                                  0x08010805   Thumb Code   188  rtc.o(.text)
    RTC_Init                                 0x080108c1   Thumb Code   190  rtc.o(.text)
    RTC_IRQHandler                           0x0801097f   Thumb Code    40  rtc.o(.text)
    delay_3us                                0x080109c5   Thumb Code    16  flash_25q128.o(.text)
    SPI1_ReadWriteByte                       0x080109d5   Thumb Code    78  flash_25q128.o(.text)
    SPI1_Init                                0x08010a23   Thumb Code   118  flash_25q128.o(.text)
    SPI1_SetSpeed                            0x08010a99   Thumb Code    26  flash_25q128.o(.text)
    SPI_Flash_ReadID                         0x08010ab3   Thumb Code    64  flash_25q128.o(.text)
    SPI_Flash_Init                           0x08010af3   Thumb Code    68  flash_25q128.o(.text)
    SPI_Flash_ReadSR                         0x08010b37   Thumb Code    36  flash_25q128.o(.text)
    SPI_FLASH_Write_SR                       0x08010b5b   Thumb Code    32  flash_25q128.o(.text)
    SPI_FLASH_Write_Enable                   0x08010b7b   Thumb Code    24  flash_25q128.o(.text)
    SPI_FLASH_Write_Disable                  0x08010b93   Thumb Code    24  flash_25q128.o(.text)
    SPI_Flash_Read                           0x08010bab   Thumb Code    74  flash_25q128.o(.text)
    SPI_Flash_Wait_Busy                      0x08010bf5   Thumb Code    18  flash_25q128.o(.text)
    SPI_Flash_Write_Page                     0x08010c07   Thumb Code    80  flash_25q128.o(.text)
    SPI_Flash_Write_NoCheck                  0x08010c57   Thumb Code    70  flash_25q128.o(.text)
    SPI_Flash_Erase_Sector                   0x08010c9d   Thumb Code    62  flash_25q128.o(.text)
    SPI_Flash_Write                          0x08010cdb   Thumb Code   176  flash_25q128.o(.text)
    SPI_Flash_Erase_Chip                     0x08010d8b   Thumb Code    36  flash_25q128.o(.text)
    SPI_Flash_PowerDown                      0x08010daf   Thumb Code    58  flash_25q128.o(.text)
    SPI_Flash_WAKEUP                         0x08010de9   Thumb Code    28  flash_25q128.o(.text)
    Flash_Read_OneByte                       0x08010e0d   Thumb Code     6  flash_app.o(.text)
    Flash_Read_MultiBytes                    0x08010e13   Thumb Code    32  flash_app.o(.text)
    Flash_Write_OneByte                      0x08010e33   Thumb Code   122  flash_app.o(.text)
    Flash_Read_twoByte                       0x08010ead   Thumb Code     6  flash_app.o(.text)
    Flash_Write_MultiBytes                   0x08010eb3   Thumb Code   186  flash_app.o(.text)
    Flash_Write_twoByte                      0x08010f6d   Thumb Code    30  flash_app.o(.text)
    Flash_Read_fourByte                      0x08010f8b   Thumb Code     6  flash_app.o(.text)
    Flash_Write_fourByte                     0x08010f91   Thumb Code    52  flash_app.o(.text)
    TIM3_NVIC_Init                           0x08010fc9   Thumb Code    32  datatreating.o(.text)
    TIM3_Init                                0x08010fe9   Thumb Code    68  datatreating.o(.text)
    TIM3_IRQHandler                          0x0801102d   Thumb Code    32  datatreating.o(.text)
    D01_Dispose                              0x0801104d   Thumb Code   296  datatreating.o(.text)
    D81_Dispose                              0x08011175   Thumb Code   114  datatreating.o(.text)
    __aeabi_memcpy                           0x08011231   Thumb Code    36  memcpya.o(.text)
    __aeabi_memcpy4                          0x08011231   Thumb Code     0  memcpya.o(.text)
    __aeabi_memcpy8                          0x08011231   Thumb Code     0  memcpya.o(.text)
    __aeabi_memset                           0x08011255   Thumb Code    14  memseta.o(.text)
    __aeabi_memset4                          0x08011255   Thumb Code     0  memseta.o(.text)
    __aeabi_memset8                          0x08011255   Thumb Code     0  memseta.o(.text)
    __aeabi_memclr                           0x08011263   Thumb Code     4  memseta.o(.text)
    __aeabi_memclr4                          0x08011263   Thumb Code     0  memseta.o(.text)
    __aeabi_memclr8                          0x08011263   Thumb Code     0  memseta.o(.text)
    _memset$wrapper                          0x08011267   Thumb Code    18  memseta.o(.text)
    strncmp                                  0x08011279   Thumb Code    30  strncmp.o(.text)
    __aeabi_fadd                             0x08011297   Thumb Code   164  fadd.o(.text)
    __aeabi_fsub                             0x0801133b   Thumb Code     6  fadd.o(.text)
    __aeabi_frsub                            0x08011341   Thumb Code     6  fadd.o(.text)
    __aeabi_fmul                             0x08011347   Thumb Code   100  fmul.o(.text)
    __aeabi_fdiv                             0x080113ab   Thumb Code   124  fdiv.o(.text)
    __aeabi_dadd                             0x08011427   Thumb Code   322  dadd.o(.text)
    __aeabi_dsub                             0x08011569   Thumb Code     6  dadd.o(.text)
    __aeabi_drsub                            0x0801156f   Thumb Code     6  dadd.o(.text)
    __aeabi_dmul                             0x08011575   Thumb Code   228  dmul.o(.text)
    __aeabi_ddiv                             0x08011659   Thumb Code   222  ddiv.o(.text)
    __aeabi_i2f                              0x08011737   Thumb Code    18  fflti.o(.text)
    __aeabi_ui2f                             0x08011749   Thumb Code    10  ffltui.o(.text)
    __aeabi_i2d                              0x08011753   Thumb Code    34  dflti.o(.text)
    __aeabi_ui2d                             0x08011775   Thumb Code    26  dfltui.o(.text)
    __aeabi_f2iz                             0x0801178f   Thumb Code    50  ffixi.o(.text)
    __aeabi_f2uiz                            0x080117c1   Thumb Code    40  ffixui.o(.text)
    __aeabi_d2iz                             0x080117e9   Thumb Code    62  dfixi.o(.text)
    __aeabi_d2uiz                            0x08011827   Thumb Code    50  dfixui.o(.text)
    __aeabi_f2d                              0x08011859   Thumb Code    38  f2d.o(.text)
    __aeabi_cdcmpeq                          0x08011881   Thumb Code     0  cdcmple.o(.text)
    __aeabi_cdcmple                          0x08011881   Thumb Code    48  cdcmple.o(.text)
    __aeabi_cdrcmple                         0x080118b1   Thumb Code    48  cdrcmple.o(.text)
    __aeabi_d2f                              0x080118e1   Thumb Code    56  d2f.o(.text)
    __aeabi_uidiv                            0x08011919   Thumb Code     0  uidiv.o(.text)
    __aeabi_uidivmod                         0x08011919   Thumb Code    44  uidiv.o(.text)
    __aeabi_llsl                             0x08011945   Thumb Code    30  llshl.o(.text)
    _ll_shift_l                              0x08011945   Thumb Code     0  llshl.o(.text)
    __aeabi_llsr                             0x08011963   Thumb Code    32  llushr.o(.text)
    _ll_ushift_r                             0x08011963   Thumb Code     0  llushr.o(.text)
    __aeabi_lasr                             0x08011983   Thumb Code    36  llsshr.o(.text)
    _ll_sshift_r                             0x08011983   Thumb Code     0  llsshr.o(.text)
    __I$use$fp                               0x080119a7   Thumb Code     0  iusefp.o(.text)
    _float_round                             0x080119a7   Thumb Code    18  fepilogue.o(.text)
    _float_epilogue                          0x080119b9   Thumb Code    92  fepilogue.o(.text)
    _double_round                            0x08011a15   Thumb Code    30  depilogue.o(.text)
    _double_epilogue                         0x08011a33   Thumb Code   156  depilogue.o(.text)
    __ARM_scalbn                             0x08011acf   Thumb Code    46  dscalb.o(.text)
    scalbn                                   0x08011acf   Thumb Code     0  dscalb.o(.text)
    __scatterload                            0x08011afd   Thumb Code    28  init.o(.text)
    __scatterload_rt2                        0x08011afd   Thumb Code     0  init.o(.text)
    _dsqrt                                   0x08011b21   Thumb Code   162  dsqrt.o(.text)
    __decompress                             0x08011bc3   Thumb Code     0  __dczerorl2.o(.text)
    __decompress1                            0x08011bc3   Thumb Code    86  __dczerorl2.o(.text)
    WeightProcessing                         0x08011c19   Thumb Code  4242  calculate.o(.text.WeightProcessing)
    WeightProcessing_init                    0x08012cad   Thumb Code  1092  calculate.o(.text.WeightProcessing_init)
    __0sprintf$6                             0x080130f1   Thumb Code    34  printf6.o(i.__0sprintf$6)
    __1sprintf$6                             0x080130f1   Thumb Code     0  printf6.o(i.__0sprintf$6)
    __2sprintf                               0x080130f1   Thumb Code     0  printf6.o(i.__0sprintf$6)
    __kernel_poly                            0x08013119   Thumb Code   170  poly.o(i.__kernel_poly)
    __mathlib_dbl_infnan                     0x080131c3   Thumb Code     6  dunder.o(i.__mathlib_dbl_infnan)
    __mathlib_dbl_invalid                    0x080131c9   Thumb Code    12  dunder.o(i.__mathlib_dbl_invalid)
    __scatterload_copy                       0x080131d5   Thumb Code    14  handlers.o(i.__scatterload_copy)
    __scatterload_null                       0x080131e3   Thumb Code     2  handlers.o(i.__scatterload_null)
    __scatterload_zeroinit                   0x080131e5   Thumb Code    14  handlers.o(i.__scatterload_zeroinit)
    __set_errno                              0x080131f5   Thumb Code     6  errno.o(i.__set_errno)
    acos                                     0x0801354d   Thumb Code   574  acos.o(i.acos)
    sqrt                                     0x080137c9   Thumb Code    76  sqrt.o(i.sqrt)
    __lowest_bit_bitmap                      0x08013814   Data         256  kservice.o(.constdata)
    table_week                               0x08013936   Data          12  rtc.o(.constdata)
    mon_table                                0x08013942   Data          12  rtc.o(.constdata)
    __rt_init_rti_start                      0x080139a0   Data           4  components.o(.rti_fn.0)
    __rt_init_rti_board_start                0x080139a4   Data           4  components.o(.rti_fn.0.end)
    __rt_init_rti_board_end                  0x080139a8   Data           4  components.o(.rti_fn.1.end)
    __rt_init_rti_end                        0x080139ac   Data           4  components.o(.rti_fn.6.end)
    Region$$Table$$Base                      0x080139b0   Number         0  anon$$obj.o(Region$$Table)
    Region$$Table$$Limit                     0x080139d0   Number         0  anon$$obj.o(Region$$Table)
    SystemCoreClock                          0x20000000   Data           4  system_stm32f10x.o(.data)
    AHBPrescTable                            0x20000004   Data          16  system_stm32f10x.o(.data)
    test_sem                                 0x20000034   Data           4  main.o(.data)
    X_ACCEL_OFFSET                           0x20000038   Data           4  main.o(.data)
    Y_ACCEL_OFFSET                           0x2000003c   Data           4  main.o(.data)
    Z_ACCEL_OFFSET                           0x20000040   Data           4  main.o(.data)
    X_G_OFFSET                               0x20000044   Data           4  main.o(.data)
    Y_G_OFFSET                               0x20000048   Data           4  main.o(.data)
    Z_G_OFFSET                               0x2000004c   Data           4  main.o(.data)
    ADC0_filter                              0x20000050   Data           2  main.o(.data)
    FLASH_SIZE                               0x20000054   Data           4  main.o(.data)
    FlashCount                               0x20000058   Data           4  main.o(.data)
    aacx                                     0x2000005c   Data           2  main.o(.data)
    aacy                                     0x2000005e   Data           2  main.o(.data)
    aacz                                     0x20000060   Data           2  main.o(.data)
    gyrox                                    0x20000062   Data           2  main.o(.data)
    gyroy                                    0x20000064   Data           2  main.o(.data)
    gyroz                                    0x20000066   Data           2  main.o(.data)
    X_G                                      0x20000068   Data           4  main.o(.data)
    Y_G                                      0x2000006c   Data           4  main.o(.data)
    Z_G                                      0x20000070   Data           4  main.o(.data)
    X_Angle                                  0x20000078   Data           8  main.o(.data)
    Y_Angle                                  0x20000080   Data           8  main.o(.data)
    Z_Angle                                  0x20000088   Data           8  main.o(.data)
    rt_interrupt_nest                        0x2000009c   Data           1  irq.o(.data)
    rt_current_thread                        0x20000130   Data           4  scheduler.o(.data)
    rt_current_priority                      0x20000134   Data           1  scheduler.o(.data)
    rt_thread_ready_priority_group           0x20000138   Data           4  scheduler.o(.data)
    rt_thread_defunct                        0x2000013c   Data           8  scheduler.o(.data)
    rt_interrupt_from_thread                 0x20000150   Data           4  cpuport.o(.data)
    rt_interrupt_to_thread                   0x20000154   Data           4  cpuport.o(.data)
    rt_thread_switch_interrupt_flag          0x20000158   Data           4  cpuport.o(.data)
    NullCalibrat                             0x20000160   Data           2  protocol.o(.data)
    FullCalibrat                             0x20000162   Data           2  protocol.o(.data)
    ID                                       0x20000164   Data           3  protocol.o(.data)
    Threshold                                0x20000167   Data           1  protocol.o(.data)
    DampTime                                 0x20000168   Data           1  protocol.o(.data)
    Null_Ad                                  0x2000016a   Data           2  protocol.o(.data)
    Reload_Ad                                0x2000016c   Data           2  protocol.o(.data)
    Overload_Ad                              0x2000016e   Data           2  protocol.o(.data)
    D01_sign                                 0x20000170   Data           2  protocol.o(.data)
    ton                                      0x20000172   Data           2  protocol.o(.data)
    ADC_DMA_IN0                              0x20000174   Data           2  adc.o(.data)
    SPI_FLASH_TYPE                           0x20000178   Data           2  flash_25q128.o(.data)
    datatemp                                 0x2000018c   Data        1024  main.o(.bss)
    Buffer                                   0x2000058c   Data        1024  main.o(.bss)
    Usart_Rx_Buf                             0x200019f4   Data         200  bsp_usart.o(.bss)
    rt_thread_priority_table                 0x20001cdc   Data          64  scheduler.o(.bss)
    TX_buf                                   0x20001d1c   Data         200  protocol.o(.bss)
    calendar                                 0x20001de4   Data          10  rtc.o(.bss)
    SPI_InitStructure                        0x20001dee   Data          18  flash_25q128.o(.bss)
    SPI_FLASH_BUF                            0x20001e00   Data        4096  flash_25q128.o(.bss)
    ratio                                    0x200036ac   Data          80  calculate.o(.bss.ratio)
    __initial_sp                             0x20003b28   Data           0  startup_stm32f10x_hd.o(STACK)



==============================================================================

Memory Map of the image

  Image Entry point : 0x08008131

  Load Region LR_IROM1 (Base: 0x08008000, Size: 0x0000bb5c, Max: 0x00020000, ABSOLUTE, COMPRESSED[0x0000ba3c])

    Execution Region ER_IROM1 (Exec base: 0x08008000, Load base: 0x08008000, Size: 0x0000b9d0, Max: 0x00020000, ABSOLUTE)

    Exec Addr    Load Addr    Size         Type   Attr      Idx    E Section Name        Object

    0x08008000   0x08008000   0x00000130   Data   RO            3    RESET               startup_stm32f10x_hd.o
    0x08008130   0x08008130   0x00000000   Code   RO         1130  * .ARM.Collect$$$$00000000  mc_w.l(entry.o)
    0x08008130   0x08008130   0x00000004   Code   RO         1462    .ARM.Collect$$$$00000001  mc_w.l(entry2.o)
    0x08008134   0x08008134   0x00000004   Code   RO         1465    .ARM.Collect$$$$00000004  mc_w.l(entry5.o)
    0x08008138   0x08008138   0x00000000   Code   RO         1467    .ARM.Collect$$$$00000008  mc_w.l(entry7b.o)
    0x08008138   0x08008138   0x00000000   Code   RO         1469    .ARM.Collect$$$$0000000A  mc_w.l(entry8b.o)
    0x08008138   0x08008138   0x00000008   Code   RO         1470    .ARM.Collect$$$$0000000B  mc_w.l(entry9a.o)
    0x08008140   0x08008140   0x00000000   Code   RO         1472    .ARM.Collect$$$$0000000D  mc_w.l(entry10a.o)
    0x08008140   0x08008140   0x00000000   Code   RO         1474    .ARM.Collect$$$$0000000F  mc_w.l(entry11a.o)
    0x08008140   0x08008140   0x00000004   Code   RO         1463    .ARM.Collect$$$$00002712  mc_w.l(entry2.o)
    0x08008144   0x08008144   0x00000024   Code   RO            4    .text               startup_stm32f10x_hd.o
    0x08008168   0x08008168   0x00000240   Code   RO           24    .text               system_stm32f10x.o
    0x080083a8   0x080083a8   0x000000dc   Code   RO          121    .text               misc.o
    0x08008484   0x08008484   0x0000044e   Code   RO          137    .text               stm32f10x_adc.o
    0x080088d2   0x080088d2   0x00000002   PAD
    0x080088d4   0x080088d4   0x000000c4   Code   RO          149    .text               stm32f10x_bkp.o
    0x08008998   0x08008998   0x00000254   Code   RO          221    .text               stm32f10x_dma.o
    0x08008bec   0x08008bec   0x000005bc   Code   RO          245    .text               stm32f10x_flash.o
    0x080091a8   0x080091a8   0x0000035c   Code   RO          269    .text               stm32f10x_gpio.o
    0x08009504   0x08009504   0x000000cc   Code   RO          305    .text               stm32f10x_pwr.o
    0x080095d0   0x080095d0   0x000003a4   Code   RO          317    .text               stm32f10x_rcc.o
    0x08009974   0x08009974   0x00000148   Code   RO          331    .text               stm32f10x_rtc.o
    0x08009abc   0x08009abc   0x0000030c   Code   RO          355    .text               stm32f10x_spi.o
    0x08009dc8   0x08009dc8   0x00000e1a   Code   RO          367    .text               stm32f10x_tim.o
    0x0800abe2   0x0800abe2   0x00000002   PAD
    0x0800abe4   0x0800abe4   0x00000408   Code   RO          379    .text               stm32f10x_usart.o
    0x0800afec   0x0800afec   0x00001050   Code   RO          403    .text               main.o
    0x0800c03c   0x0800c03c   0x00000020   Code   RO          607    .text               stm32f10x_it.o
    0x0800c05c   0x0800c05c   0x00000100   Code   RO          670    .text               board.o
    0x0800c15c   0x0800c15c   0x000002ac   Code   RO          691    .text               bsp_usart.o
    0x0800c408   0x0800c408   0x0000006c   Code   RO          707    .text               clock.o
    0x0800c474   0x0800c474   0x000000b4   Code   RO          727    .text               components.o
    0x0800c528   0x0800c528   0x000000dc   Code   RO          751    .text               idle.o
    0x0800c604   0x0800c604   0x00000cfa   Code   RO          769    .text               ipc.o
    0x0800d2fe   0x0800d2fe   0x00000002   PAD
    0x0800d300   0x0800d300   0x00000040   Code   RO          784    .text               irq.o
    0x0800d340   0x0800d340   0x000008e0   Code   RO          799    .text               kservice.o
    0x0800dc20   0x0800dc20   0x000004e4   Code   RO          816    .text               mem.o
    0x0800e104   0x0800e104   0x00000174   Code   RO          843    .text               object.o
    0x0800e278   0x0800e278   0x000001e0   Code   RO          860    .text               scheduler.o
    0x0800e458   0x0800e458   0x0000043e   Code   RO          895    .text               thread.o
    0x0800e896   0x0800e896   0x00000002   PAD
    0x0800e898   0x0800e898   0x0000034c   Code   RO          911    .text               timer.o
    0x0800ebe4   0x0800ebe4   0x000000f0   Code   RO          928    .text               context_rvds.o
    0x0800ecd4   0x0800ecd4   0x00000268   Code   RO          932    .text               cpuport.o
    0x0800ef3c   0x0800ef3c   0x00000ff8   Code   RO          947    .text               protocol.o
    0x0800ff34   0x0800ff34   0x00000364   Code   RO          992    .text               mpu6050.o
    0x08010298   0x08010298   0x00000270   Code   RO         1004    .text               simulateiic.o
    0x08010508   0x08010508   0x0000011c   Code   RO         1016    .text               adc.o
    0x08010624   0x08010624   0x000003a0   Code   RO         1031    .text               rtc.o
    0x080109c4   0x080109c4   0x00000448   Code   RO         1051    .text               flash_25q128.o
    0x08010e0c   0x08010e0c   0x000001bc   Code   RO         1070    .text               flash_app.o
    0x08010fc8   0x08010fc8   0x00000268   Code   RO         1084    .text               datatreating.o
    0x08011230   0x08011230   0x00000024   Code   RO         1133    .text               mc_w.l(memcpya.o)
    0x08011254   0x08011254   0x00000024   Code   RO         1135    .text               mc_w.l(memseta.o)
    0x08011278   0x08011278   0x0000001e   Code   RO         1137    .text               mc_w.l(strncmp.o)
    0x08011296   0x08011296   0x000000b0   Code   RO         1402    .text               mf_w.l(fadd.o)
    0x08011346   0x08011346   0x00000064   Code   RO         1404    .text               mf_w.l(fmul.o)
    0x080113aa   0x080113aa   0x0000007c   Code   RO         1406    .text               mf_w.l(fdiv.o)
    0x08011426   0x08011426   0x0000014e   Code   RO         1408    .text               mf_w.l(dadd.o)
    0x08011574   0x08011574   0x000000e4   Code   RO         1410    .text               mf_w.l(dmul.o)
    0x08011658   0x08011658   0x000000de   Code   RO         1412    .text               mf_w.l(ddiv.o)
    0x08011736   0x08011736   0x00000012   Code   RO         1414    .text               mf_w.l(fflti.o)
    0x08011748   0x08011748   0x0000000a   Code   RO         1416    .text               mf_w.l(ffltui.o)
    0x08011752   0x08011752   0x00000022   Code   RO         1418    .text               mf_w.l(dflti.o)
    0x08011774   0x08011774   0x0000001a   Code   RO         1420    .text               mf_w.l(dfltui.o)
    0x0801178e   0x0801178e   0x00000032   Code   RO         1422    .text               mf_w.l(ffixi.o)
    0x080117c0   0x080117c0   0x00000028   Code   RO         1424    .text               mf_w.l(ffixui.o)
    0x080117e8   0x080117e8   0x0000003e   Code   RO         1426    .text               mf_w.l(dfixi.o)
    0x08011826   0x08011826   0x00000032   Code   RO         1428    .text               mf_w.l(dfixui.o)
    0x08011858   0x08011858   0x00000026   Code   RO         1430    .text               mf_w.l(f2d.o)
    0x0801187e   0x0801187e   0x00000002   PAD
    0x08011880   0x08011880   0x00000030   Code   RO         1432    .text               mf_w.l(cdcmple.o)
    0x080118b0   0x080118b0   0x00000030   Code   RO         1434    .text               mf_w.l(cdrcmple.o)
    0x080118e0   0x080118e0   0x00000038   Code   RO         1436    .text               mf_w.l(d2f.o)
    0x08011918   0x08011918   0x0000002c   Code   RO         1477    .text               mc_w.l(uidiv.o)
    0x08011944   0x08011944   0x0000001e   Code   RO         1481    .text               mc_w.l(llshl.o)
    0x08011962   0x08011962   0x00000020   Code   RO         1483    .text               mc_w.l(llushr.o)
    0x08011982   0x08011982   0x00000024   Code   RO         1485    .text               mc_w.l(llsshr.o)
    0x080119a6   0x080119a6   0x00000000   Code   RO         1494    .text               mc_w.l(iusefp.o)
    0x080119a6   0x080119a6   0x0000006e   Code   RO         1495    .text               mf_w.l(fepilogue.o)
    0x08011a14   0x08011a14   0x000000ba   Code   RO         1497    .text               mf_w.l(depilogue.o)
    0x08011ace   0x08011ace   0x0000002e   Code   RO         1499    .text               mf_w.l(dscalb.o)
    0x08011afc   0x08011afc   0x00000024   Code   RO         1503    .text               mc_w.l(init.o)
    0x08011b20   0x08011b20   0x000000a2   Code   RO         1505    .text               mf_w.l(dsqrt.o)
    0x08011bc2   0x08011bc2   0x00000056   Code   RO         1515    .text               mc_w.l(__dczerorl2.o)
    0x08011c18   0x08011c18   0x00001092   Code   RO         1105    .text.WeightProcessing  calculate.lib(calculate.o)
    0x08012caa   0x08012caa   0x00000002   PAD
    0x08012cac   0x08012cac   0x00000444   Code   RO         1103    .text.WeightProcessing_init  calculate.lib(calculate.o)
    0x080130f0   0x080130f0   0x00000028   Code   RO         1298    i.__0sprintf$6      mc_w.l(printf6.o)
    0x08013118   0x08013118   0x000000aa   Code   RO         1452    i.__kernel_poly     m_ws.l(poly.o)
    0x080131c2   0x080131c2   0x00000006   Code   RO         1439    i.__mathlib_dbl_infnan  m_ws.l(dunder.o)
    0x080131c8   0x080131c8   0x0000000c   Code   RO         1441    i.__mathlib_dbl_invalid  m_ws.l(dunder.o)
    0x080131d4   0x080131d4   0x0000000e   Code   RO         1509    i.__scatterload_copy  mc_w.l(handlers.o)
    0x080131e2   0x080131e2   0x00000002   Code   RO         1510    i.__scatterload_null  mc_w.l(handlers.o)
    0x080131e4   0x080131e4   0x0000000e   Code   RO         1511    i.__scatterload_zeroinit  mc_w.l(handlers.o)
    0x080131f2   0x080131f2   0x00000002   PAD
    0x080131f4   0x080131f4   0x0000000c   Code   RO         1489    i.__set_errno       mc_w.l(errno.o)
    0x08013200   0x08013200   0x000002f0   Code   RO         1303    i._printf_core      mc_w.l(printf6.o)
    0x080134f0   0x080134f0   0x00000024   Code   RO         1304    i._printf_post_padding  mc_w.l(printf6.o)
    0x08013514   0x08013514   0x0000002e   Code   RO         1305    i._printf_pre_padding  mc_w.l(printf6.o)
    0x08013542   0x08013542   0x0000000a   Code   RO         1307    i._sputc            mc_w.l(printf6.o)
    0x0801354c   0x0801354c   0x0000027c   Code   RO         1121    i.acos              m_ws.l(acos.o)
    0x080137c8   0x080137c8   0x0000004c   Code   RO         1455    i.sqrt              m_ws.l(sqrt.o)
    0x08013814   0x08013814   0x00000122   Data   RO          801    .constdata          kservice.o
    0x08013936   0x08013936   0x00000018   Data   RO         1033    .constdata          rtc.o
    0x0801394e   0x0801394e   0x00000002   PAD
    0x08013950   0x08013950   0x00000050   Data   RO         1122    .constdata          m_ws.l(acos.o)
    0x080139a0   0x080139a0   0x00000004   Data   RO          728    .rti_fn.0           components.o
    0x080139a4   0x080139a4   0x00000004   Data   RO          729    .rti_fn.0.end       components.o
    0x080139a8   0x080139a8   0x00000004   Data   RO          730    .rti_fn.1.end       components.o
    0x080139ac   0x080139ac   0x00000004   Data   RO          731    .rti_fn.6.end       components.o
    0x080139b0   0x080139b0   0x00000020   Data   RO         1507    Region$$Table       anon$$obj.o


    Execution Region RW_IRAM1 (Exec base: 0x20000000, Load base: 0x080139d0, Size: 0x00003b28, Max: 0x00005000, ABSOLUTE, COMPRESSED[0x0000006c])

    Exec Addr    Load Addr    Size         Type   Attr      Idx    E Section Name        Object

    0x20000000   COMPRESSED   0x00000014   Data   RW           25    .data               system_stm32f10x.o
    0x20000014   COMPRESSED   0x00000014   Data   RW          318    .data               stm32f10x_rcc.o
    0x20000028   COMPRESSED   0x0000006e   Data   RW          405    .data               main.o
    0x20000096   COMPRESSED   0x00000002   PAD
    0x20000098   COMPRESSED   0x00000004   Data   RW          708    .data               clock.o
    0x2000009c   COMPRESSED   0x00000001   Data   RW          785    .data               irq.o
    0x2000009d   COMPRESSED   0x00000003   PAD
    0x200000a0   COMPRESSED   0x00000004   Data   RW          802    .data               kservice.o
    0x200000a4   COMPRESSED   0x00000018   Data   RW          818    .data               mem.o
    0x200000bc   COMPRESSED   0x00000070   Data   RW          844    .data               object.o
    0x2000012c   COMPRESSED   0x00000018   Data   RW          862    .data               scheduler.o
    0x20000144   COMPRESSED   0x0000000c   Data   RW          912    .data               timer.o
    0x20000150   COMPRESSED   0x00000010   Data   RW          933    .data               cpuport.o
    0x20000160   COMPRESSED   0x00000014   Data   RW          949    .data               protocol.o
    0x20000174   COMPRESSED   0x00000002   Data   RW         1017    .data               adc.o
    0x20000176   COMPRESSED   0x00000002   Data   RW         1034    .data               rtc.o
    0x20000178   COMPRESSED   0x00000002   Data   RW         1053    .data               flash_25q128.o
    0x2000017a   COMPRESSED   0x00000002   PAD
    0x2000017c   COMPRESSED   0x0000000a   Data   RW         1086    .data               datatreating.o
    0x20000186   COMPRESSED   0x00000002   PAD
    0x20000188   COMPRESSED   0x00000004   Data   RW         1490    .data               mc_w.l(errno.o)
    0x2000018c        -       0x00000868   Zero   RW          404    .bss                main.o
    0x200009f4        -       0x00001000   Zero   RW          671    .bss                board.o
    0x200019f4        -       0x000000c8   Zero   RW          692    .bss                bsp_usart.o
    0x20001abc        -       0x00000180   Zero   RW          752    .bss                idle.o
    0x20001c3c        -       0x00000080   Zero   RW          800    .bss                kservice.o
    0x20001cbc        -       0x00000020   Zero   RW          817    .bss                mem.o
    0x20001cdc        -       0x00000040   Zero   RW          861    .bss                scheduler.o
    0x20001d1c        -       0x000000c8   Zero   RW          948    .bss                protocol.o
    0x20001de4        -       0x0000000a   Zero   RW         1032    .bss                rtc.o
    0x20001dee        -       0x00001012   Zero   RW         1052    .bss                flash_25q128.o
    0x20002e00        -       0x00000800   Zero   RW         1071    .bss                flash_app.o
    0x20003600        -       0x00000054   Zero   RW         1085    .bss                datatreating.o
    0x20003654        -       0x0000002c   Zero   RW         1108    .bss.adc_buf        calculate.lib(calculate.o)
    0x20003680        -       0x00000028   Zero   RW         1109    .bss.adc_buf1       calculate.lib(calculate.o)
    0x200036a8        -       0x00000002   Zero   RW         1110    .bss.buf1           calculate.lib(calculate.o)
    0x200036aa        -       0x00000001   Zero   RW         1107    .bss.count_buf      calculate.lib(calculate.o)
    0x200036ab   COMPRESSED   0x00000001   PAD
    0x200036ac        -       0x00000050   Zero   RW         1112    .bss.ratio          calculate.lib(calculate.o)
    0x200036fc        -       0x00000028   Zero   RW         1111    .bss.weight_buf     calculate.lib(calculate.o)
    0x20003724   COMPRESSED   0x00000004   PAD
    0x20003728        -       0x00000400   Zero   RW            1    STACK               startup_stm32f10x_hd.o


==============================================================================

Image component sizes


      Code (inc. data)   RO Data    RW Data    ZI Data      Debug   Object Name

       284         18          0          2          0       1265   adc.o
       256         30          0          0       4096      17097   board.o
       684         20          0          0        200       3746   bsp_usart.o
       108          4          0          4          0       1484   clock.o
       180         20         16          0          0       2622   components.o
       240         26          0          0          0        808   context_rvds.o
         0          0          0          0          0       4508   core_cm3.o
       616        340          0         16          0       3255   cpuport.o
       616         74          0         10         84       1687   datatreating.o
      1096         38          0          2       4114       5432   flash_25q128.o
       444          4          0          0       2048       3774   flash_app.o
       220         26          0          0        384       4294   idle.o
      3322          0          0          0          0      18251   ipc.o
        64          6          0          1          0       1482   irq.o
      2272         28        290          4        128      11104   kservice.o
      4176        644          0        110       2152     252646   main.o
      1252        186          0         24         32       4068   mem.o
       220         22          0          0          0       1853   misc.o
       868         18          0          0          0       4674   mpu6050.o
       372          6          0        112          0       6087   object.o
      4088        222          0         20        200       6691   protocol.o
       928         30         24          2         10       3915   rtc.o
       480         30          0         24         64       5636   scheduler.o
       624         12          0          0          0       2138   simulateiic.o
        36          8        304          0       1024        884   startup_stm32f10x_hd.o
      1102         26          0          0          0      11089   stm32f10x_adc.o
       196          8          0          0          0       3552   stm32f10x_bkp.o
       596          8          0          0          0       4418   stm32f10x_dma.o
      1468         34          0          0          0       8258   stm32f10x_flash.o
       860         38          0          0          0       5781   stm32f10x_gpio.o
        32          6          0          0          0       5932   stm32f10x_it.o
       204         14          0          0          0       1975   stm32f10x_pwr.o
       932         36          0         20          0       8980   stm32f10x_rcc.o
       328          4          0          0          0       2750   stm32f10x_rtc.o
       780         14          0          0          0       6666   stm32f10x_spi.o
      3610         88          0          0          0      22892   stm32f10x_tim.o
      1032         22          0          0          0       8512   stm32f10x_usart.o
       576         42          0         20          0     282787   system_stm32f10x.o
      1086         12          0          0          0       8697   thread.o
       844          8          0         12          0       7657   timer.o

    ----------------------------------------------------------------------
     37100       2172        668        392      14536     759347   Object Totals
         0          0         32          0          0          0   (incl. Generated)
         8          0          2          9          0          0   (incl. Padding)

    ----------------------------------------------------------------------

      Code (inc. data)   RO Data    RW Data    ZI Data      Debug   Library Member Name

      5334         40          0          0        207       6204   calculate.o
       636         62         80          0          0        188   acos.o
        18          0          0          0          0        136   dunder.o
       170          0          0          0          0         96   poly.o
        76          0          0          0          0         84   sqrt.o
        86          0          0          0          0          0   __dczerorl2.o
         0          0          0          0          0          0   entry.o
         0          0          0          0          0          0   entry10a.o
         0          0          0          0          0          0   entry11a.o
         8          4          0          0          0          0   entry2.o
         4          0          0          0          0          0   entry5.o
         0          0          0          0          0          0   entry7b.o
         0          0          0          0          0          0   entry8b.o
         8          4          0          0          0          0   entry9a.o
        12          6          0          4          0         68   errno.o
        30          0          0          0          0          0   handlers.o
        36          8          0          0          0         68   init.o
         0          0          0          0          0          0   iusefp.o
        30          0          0          0          0         68   llshl.o
        36          0          0          0          0         68   llsshr.o
        32          0          0          0          0         68   llushr.o
        36          0          0          0          0         68   memcpya.o
        36          0          0          0          0        108   memseta.o
       884         10          0          0          0        420   printf6.o
        30          0          0          0          0         80   strncmp.o
        44          0          0          0          0         80   uidiv.o
        48          0          0          0          0         68   cdcmple.o
        48          0          0          0          0         68   cdrcmple.o
        56          0          0          0          0         88   d2f.o
       334          0          0          0          0        148   dadd.o
       222          0          0          0          0        100   ddiv.o
       186          0          0          0          0        176   depilogue.o
        62          0          0          0          0         80   dfixi.o
        50          0          0          0          0         76   dfixui.o
        34          0          0          0          0         76   dflti.o
        26          0          0          0          0         76   dfltui.o
       228          0          0          0          0         96   dmul.o
        46          0          0          0          0         80   dscalb.o
       162          0          0          0          0        100   dsqrt.o
        38          0          0          0          0         68   f2d.o
       176          0          0          0          0        140   fadd.o
       124          0          0          0          0         88   fdiv.o
       110          0          0          0          0        168   fepilogue.o
        50          0          0          0          0         68   ffixi.o
        40          0          0          0          0         68   ffixui.o
        18          0          0          0          0         68   fflti.o
        10          0          0          0          0         68   ffltui.o
       100          0          0          0          0         76   fmul.o

    ----------------------------------------------------------------------
      9720        134         80          4        212       9848   Library Totals
         6          0          0          0          5          0   (incl. Padding)

    ----------------------------------------------------------------------

      Code (inc. data)   RO Data    RW Data    ZI Data      Debug   Library Name

      5334         40          0          0        207       6204   calculate.lib
       900         62         80          0          0        504   m_ws.l
      1312         32          0          4          0       1096   mc_w.l
      2168          0          0          0          0       2044   mf_w.l

    ----------------------------------------------------------------------
      9720        134         80          4        212       9848   Library Totals

    ----------------------------------------------------------------------

==============================================================================


      Code (inc. data)   RO Data    RW Data    ZI Data      Debug   

     46820       2306        748        396      14748     763239   Grand Totals
     46820       2306        748        108      14748     763239   ELF Image Totals (compressed)
     46820       2306        748        108          0          0   ROM Totals

==============================================================================

    Total RO  Size (Code + RO Data)                47568 (  46.45kB)
    Total RW  Size (RW Data + ZI Data)             15144 (  14.79kB)
    Total ROM Size (Code + RO Data + RW Data)      47676 (  46.56kB)

==============================================================================

