Component: ARM Compiler 5.06 update 6 (build 750) Tool: armlink [4d35ed]

==============================================================================

Section Cross References

    startup_stm32f10x_md.o(STACK) refers (Special) to heapauxi.o(.text) for __use_two_region_memory
    startup_stm32f10x_md.o(HEAP) refers (Special) to heapauxi.o(.text) for __use_two_region_memory
    startup_stm32f10x_md.o(RESET) refers (Special) to heapauxi.o(.text) for __use_two_region_memory
    startup_stm32f10x_md.o(RESET) refers to startup_stm32f10x_md.o(STACK) for __initial_sp
    startup_stm32f10x_md.o(RESET) refers to startup_stm32f10x_md.o(.text) for Reset_Handler
    startup_stm32f10x_md.o(RESET) refers to context_rvds.o(.text) for HardFault_Handler
    startup_stm32f10x_md.o(RESET) refers to board.o(.text) for SysTick_Handler
    startup_stm32f10x_md.o(RESET) refers to mb_bsp.o(.text) for TIM4_IRQHandler
    startup_stm32f10x_md.o(.text) refers (Special) to heapauxi.o(.text) for __use_two_region_memory
    startup_stm32f10x_md.o(.text) refers to system_stm32f10x.o(.text) for SystemInit
    startup_stm32f10x_md.o(.text) refers to __main.o(!!!main) for __main
    startup_stm32f10x_md.o(.text) refers to startup_stm32f10x_md.o(HEAP) for Heap_Mem
    startup_stm32f10x_md.o(.text) refers to startup_stm32f10x_md.o(STACK) for Stack_Mem
    main.o(.text) refers to task.o(.text) for task_init
    main.o(.text) refers to stm32f10x_rcc.o(.text) for RCC_GetClocksFreq
    ads1256.o(.text) refers to stm32f10x_rcc.o(.text) for RCC_APB2PeriphClockCmd
    ads1256.o(.text) refers to stm32f10x_gpio.o(.text) for GPIO_Init
    ads1256.o(.text) refers to stm32f10x_spi.o(.text) for SPI_Init
    board.o(.text) refers to system_stm32f10x.o(.text) for SystemCoreClockUpdate
    board.o(.text) refers to components.o(.text) for rt_components_board_init
    board.o(.text) refers to irq.o(.text) for rt_interrupt_enter
    board.o(.text) refers to clock.o(.text) for rt_tick_increase
    board.o(.text) refers to system_stm32f10x.o(.data) for SystemCoreClock
    task.o(.text) refers to stm32f10x_rcc.o(.text) for RCC_APB2PeriphClockCmd
    task.o(.text) refers to stm32f10x_gpio.o(.text) for GPIO_Init
    task.o(.text) refers to mb.o(.text) for MB_CfgCh
    task.o(.text) refers to main.o(.text) for Target_Init
    task.o(.text) refers to dataprocessing.o(.text) for Channel_0
    task.o(.text) refers to thread.o(.text) for rt_thread_mdelay
    task.o(.text) refers to flash.o(.text) for Flash_Read_fourByte
    task.o(.text) refers to mb_app.o(.text) for MB_OS_RxTask
    task.o(.text) refers to ads1256.o(.text) for ADS_sum
    task.o(.text) refers to task.o(.bss) for ldVolutag
    task.o(.text) refers to mb_data.o(.bss) for MB_DATA_04
    task.o(.text) refers to task.o(.data) for ulResult
    task.o(.text) refers to dflt_clz.o(x$fpl$dflt) for __aeabi_i2d
    task.o(.text) refers to dmul.o(x$fpl$dmul) for __aeabi_dmul
    task.o(.text) refers to dfixu.o(x$fpl$dfixu) for __aeabi_d2uiz
    flash.o(.text) refers to stm32f10x_flash.o(.text) for FLASH_Unlock
    flash.o(.text) refers to flash.o(.bss) for Flash_Buf
    dataprocessing.o(.text) refers to fflt_clz.o(x$fpl$ffltu) for __aeabi_ui2f
    dataprocessing.o(.text) refers to fdiv.o(x$fpl$fdiv) for __aeabi_fdiv
    dataprocessing.o(.text) refers to rt_memclr_w.o(.text) for __aeabi_memclr4
    dataprocessing.o(.text) refers to dflt_clz.o(x$fpl$dfltu) for __aeabi_ui2d
    dataprocessing.o(.text) refers to ddiv.o(x$fpl$ddiv) for __aeabi_ddiv
    dataprocessing.o(.text) refers to dfixu.o(x$fpl$dfixu) for __aeabi_d2uiz
    dataprocessing.o(.text) refers to dataprocessing.o(.data) for ch0
    dataprocessing.o(.text) refers to dataprocessing.o(.bss) for ch0_f
    dataprocessing.o(.text) refers to fmul.o(x$fpl$fmul) for __aeabi_fmul
    dataprocessing.o(.text) refers to ffixu.o(x$fpl$ffixu) for __aeabi_f2uiz
    dataprocessing.o(.text) refers to faddsub_clz.o(x$fpl$fadd) for __aeabi_fadd
    system_stm32f10x.o(.text) refers to system_stm32f10x.o(.data) for SystemCoreClock
    stm32f10x_rcc.o(.text) refers to stm32f10x_rcc.o(.data) for APBAHBPrescTable
    stm32f10x_usart.o(.text) refers to stm32f10x_rcc.o(.text) for RCC_APB2PeriphResetCmd
    stm32f10x_tim.o(.text) refers to stm32f10x_rcc.o(.text) for RCC_APB2PeriphResetCmd
    stm32f10x_spi.o(.text) refers to stm32f10x_rcc.o(.text) for RCC_APB2PeriphResetCmd
    stm32f10x_gpio.o(.text) refers to stm32f10x_rcc.o(.text) for RCC_APB2PeriphResetCmd
    mb_app.o(.text) refers to mb.o(.text) for MB_RxTask
    mb_app.o(.text) refers to mb_app.o(.data) for Queue
    mb_app.o(.text) refers to mb.o(.bss) for MB_ChTbl
    mb_bsp.o(.text) refers to stm32f10x_usart.o(.text) for USART_StructInit
    mb_bsp.o(.text) refers to misc.o(.text) for NVIC_PriorityGroupConfig
    mb_bsp.o(.text) refers to mb.o(.text) for MB_RxByte
    mb_bsp.o(.text) refers to stm32f10x_rcc.o(.text) for RCC_APB1PeriphClockCmd
    mb_bsp.o(.text) refers to stm32f10x_tim.o(.text) for TIM_TimeBaseInit
[...]
    .rti_fn.1.end                            0x0800a05c   Section        4  components.o(.rti_fn.1.end)
    __tagsym$$used                           0x0800a05c   Number         0  components.o(.rti_fn.1.end)
    .rti_fn.6.end                            0x0800a060   Section        4  components.o(.rti_fn.6.end)
    __tagsym$$used                           0x0800a060   Number         0  components.o(.rti_fn.6.end)
    .data                                    0x20000000   Section       12  task.o(.data)
    .data                                    0x2000000c   Section       96  dataprocessing.o(.data)
    signs                                    0x2000002c   Data           1  dataprocessing.o(.data)
    buf2                                     0x20000030   Data           4  dataprocessing.o(.data)
    signs                                    0x20000034   Data           1  dataprocessing.o(.data)
    buf2                                     0x20000038   Data           4  dataprocessing.o(.data)
    signs                                    0x2000003c   Data           1  dataprocessing.o(.data)
    buf2                                     0x20000040   Data           4  dataprocessing.o(.data)
    signs                                    0x20000044   Data           1  dataprocessing.o(.data)
    buf2                                     0x20000048   Data           4  dataprocessing.o(.data)
    signs                                    0x2000004c   Data           1  dataprocessing.o(.data)
    buf2                                     0x20000050   Data           4  dataprocessing.o(.data)
    signs                                    0x20000054   Data           1  dataprocessing.o(.data)
    buf2                                     0x20000058   Data           4  dataprocessing.o(.data)
    signs                                    0x2000005c   Data           1  dataprocessing.o(.data)
    buf2                                     0x20000060   Data           4  dataprocessing.o(.data)
    signs                                    0x20000064   Data           1  dataprocessing.o(.data)
    buf2                                     0x20000068   Data           4  dataprocessing.o(.data)
    .data                                    0x2000006c   Section       20  system_stm32f10x.o(.data)
    .data                                    0x20000080   Section       20  stm32f10x_rcc.o(.data)
    APBAHBPrescTable                         0x20000080   Data          16  stm32f10x_rcc.o(.data)
    ADCPrescTable                            0x20000090   Data           4  stm32f10x_rcc.o(.data)
    .data                                    0x20000094   Section        3  mb_app.o(.data)
    .data                                    0x20000097   Section        1  mb_bsp.o(.data)
    a                                        0x20000097   Data           1  mb_bsp.o(.data)
    .data                                    0x20000098   Section        8  mb_data.o(.data)
    .data                                    0x200000a0   Section        9  mb.o(.data)
    .data                                    0x200000a9   Section        8  mbs_core.o(.data)
    ch0_sing                                 0x200000a9   Data           1  mbs_core.o(.data)
    ch1_sing                                 0x200000aa   Data           1  mbs_core.o(.data)
    ch2_sing                                 0x200000ab   Data           1  mbs_core.o(.data)
    ch3_sing                                 0x200000ac   Data           1  mbs_core.o(.data)
    ch4_sing                                 0x200000ad   Data           1  mbs_core.o(.data)
    ch5_sing                                 0x200000ae   Data           1  mbs_core.o(.data)
    ch6_sing                                 0x200000af   Data           1  mbs_core.o(.data)
    ch7_sing                                 0x200000b0   Data           1  mbs_core.o(.data)
    .data                                    0x200000b4   Section        4  clock.o(.data)
    rt_tick                                  0x200000b4   Data           4  clock.o(.data)
    .data                                    0x200000b8   Section        1  irq.o(.data)
    .data                                    0x200000bc   Section        4  kservice.o(.data)
    __rt_errno                               0x200000bc   Data           4  kservice.o(.data)
    .data                                    0x200000c0   Section       64  object.o(.data)
    rt_object_container                      0x200000c0   Data          64  object.o(.data)
    .data                                    0x20000100   Section       24  scheduler.o(.data)
    rt_scheduler_lock_nest                   0x20000100   Data           2  scheduler.o(.data)
    .data                                    0x20000118   Section       12  timer.o(.data)
    rt_timer_list                            0x20000118   Data           8  timer.o(.data)
    random_nr                                0x20000120   Data           4  timer.o(.data)
    .data                                    0x20000124   Section       16  cpuport.o(.data)
    rt_exception_hook                        0x20000130   Data           4  cpuport.o(.data)
    .bss                                     0x20000134   Section     3868  task.o(.bss)
    task1_thread                             0x200002e8   Data         120  task.o(.bss)
    rt_task1_thread_stack                    0x20000360   Data        1024  task.o(.bss)
    task2_thread                             0x20000760   Data         120  task.o(.bss)
    rt_task2_thread_stack                    0x200007d8   Data        1024  task.o(.bss)
    task3_thread                             0x20000bd8   Data         120  task.o(.bss)
    rt_task3_thread_stack                    0x20000c50   Data        1024  task.o(.bss)
    .bss                                     0x20001050   Section     2048  flash.o(.bss)
    Flash_Buf                                0x20001050   Data        2048  flash.o(.bss)
    .bss                                     0x20001850   Section      576  dataprocessing.o(.bss)
    vol                                      0x20001990   Data          32  dataprocessing.o(.bss)
    vol                                      0x200019b0   Data          32  dataprocessing.o(.bss)
    vol                                      0x200019d0   Data          32  dataprocessing.o(.bss)
    vol                                      0x200019f0   Data          32  dataprocessing.o(.bss)
    vol                                      0x20001a10   Data          32  dataprocessing.o(.bss)
    vol                                      0x20001a30   Data          32  dataprocessing.o(.bss)
    vol                                      0x20001a50   Data          32  dataprocessing.o(.bss)
    vol                                      0x20001a70   Data          32  dataprocessing.o(.bss)
    .bss                                     0x20001a90   Section     1470  mb_data.o(.bss)
    .bss                                     0x20002050   Section     3300  mb.o(.bss)
    .bss                                     0x20002d38   Section      376  components.o(.bss)
    main_stack                               0x20002d38   Data         256  components.o(.bss)
    .bss                                     0x20002eb0   Section      248  idle.o(.bss)
    idle                                     0x20002eb0   Data         120  idle.o(.bss)
    rt_thread_stack                          0x20002f28   Data         128  idle.o(.bss)
    .bss                                     0x20002fa8   Section      128  kservice.o(.bss)
    rt_log_buf                               0x20002fa8   Data         128  kservice.o(.bss)
    .bss                                     0x20003028   Section       64  scheduler.o(.bss)
    .bss                                     0x20003068   Section       96  libspace.o(.bss)
    HEAP                                     0x200030c8   Section      512  startup_stm32f10x_md.o(HEAP)
    Heap_Mem                                 0x200030c8   Data         512  startup_stm32f10x_md.o(HEAP)
    STACK                                    0x200032c8   Section     1024  startup_stm32f10x_md.o(STACK)
    Stack_Mem                                0x200032c8   Data        1024  startup_stm32f10x_md.o(STACK)
    __initial_sp                             0x200036c8   Data           0  startup_stm32f10x_md.o(STACK)

    Global Symbols

    Symbol Name                              Value     Ov Type        Size  Object(Section)

    BuildAttributes$$THM_ISAv4$P$D$K$B$S$PE$A:L22UL41UL21$X:L11$S22US41US21$IEEE1$IW$USESV6$~STKCKD$USESV7$~SHL$OSPACE$ROPI$EBA8$UX$STANDARDLIB$REQ8$PRES8$EABIv2 0x00000000   Number         0  anon$$obj.o ABSOLUTE
    __ARM_use_no_argv                        0x00000000   Number         0  main.o ABSOLUTE
    __ARM_exceptions_init                     - Undefined Weak Reference
    __alloca_initialize                       - Undefined Weak Reference
    __arm_preinit_                            - Undefined Weak Reference
    __cpp_initialize__aeabi_                  - Undefined Weak Reference
    __cxa_finalize                            - Undefined Weak Reference
    __rt_locale                               - Undefined Weak Reference
    __sigvec_lookup                           - Undefined Weak Reference
    _atexit_init                              - Undefined Weak Reference
    _call_atexit_fns                          - Undefined Weak Reference
    _clock_init                               - Undefined Weak Reference
    _fp_trap_init                             - Undefined Weak Reference
    _fp_trap_shutdown                         - Undefined Weak Reference
    _get_lc_collate                           - Undefined Weak Reference
    _get_lc_ctype                             - Undefined Weak Reference
    _get_lc_monetary                          - Undefined Weak Reference
    _get_lc_numeric                           - Undefined Weak Reference
    _get_lc_time                              - Undefined Weak Reference
    _getenv_init                              - Undefined Weak Reference
    _handle_redirection                       - Undefined Weak Reference
    _init_alloc                               - Undefined Weak Reference
    _init_user_alloc                          - Undefined Weak Reference
    _initio                                   - Undefined Weak Reference
    _rand_init                                - Undefined Weak Reference
    _signal_finish                            - Undefined Weak Reference
    _signal_init                              - Undefined Weak Reference
    _terminate_alloc                          - Undefined Weak Reference
    _terminate_user_alloc                     - Undefined Weak Reference
    _terminateio                              - Undefined Weak Reference
    __Vectors_Size                           0x000000ec   Number         0  startup_stm32f10x_md.o ABSOLUTE
    __Vectors                                0x08000000   Data           4  startup_stm32f10x_md.o(RESET)
    __Vectors_End                            0x080000ec   Data           0  startup_stm32f10x_md.o(RESET)
    __main                                   0x080000ed   Thumb Code     8  __main.o(!!!main)
    __scatterload                            0x080000f5   Thumb Code     0  __scatter.o(!!!scatter)
    __scatterload_rt2                        0x080000f5   Thumb Code    44  __scatter.o(!!!scatter)
    __scatterload_rt2_thumb_only             0x080000f5   Thumb Code     0  __scatter.o(!!!scatter)
    __scatterload_null                       0x08000103   Thumb Code     0  __scatter.o(!!!scatter)
    __decompress                             0x08000129   Thumb Code    90  __dczerorl2.o(!!dczerorl2)
    __decompress1                            0x08000129   Thumb Code     0  __dczerorl2.o(!!dczerorl2)
    __scatterload_zeroinit                   0x08000185   Thumb Code    28  __scatter_zi.o(!!handler_zi)
    __rt_lib_init                            0x080001a1   Thumb Code     0  libinit.o(.ARM.Collect$$libinit$$00000000)
    __rt_lib_init_alloca_1                   0x080001a3   Thumb Code     0  libinit2.o(.ARM.Collect$$libinit$$0000002E)
    __rt_lib_init_argv_1                     0x080001a3   Thumb Code     0  libinit2.o(.ARM.Collect$$libinit$$0000002C)
    __rt_lib_init_atexit_1                   0x080001a3   Thumb Code     0  libinit2.o(.ARM.Collect$$libinit$$0000001B)
    __rt_lib_init_clock_1                    0x080001a3   Thumb Code     0  libinit2.o(.ARM.Collect$$libinit$$00000021)
    __rt_lib_init_cpp_1                      0x080001a3   Thumb Code     0  libinit2.o(.ARM.Collect$$libinit$$00000032)
    __rt_lib_init_exceptions_1               0x080001a3   Thumb Code     0  libinit2.o(.ARM.Collect$$libinit$$00000030)
    __rt_lib_init_fp_1                       0x080001a3   Thumb Code     0  libinit2.o(.ARM.Collect$$libinit$$00000002)
    __rt_lib_init_fp_trap_1                  0x080001a3   Thumb Code     0  libinit2.o(.ARM.Collect$$libinit$$0000001F)
    __rt_lib_init_getenv_1                   0x080001a3   Thumb Code     0  libinit2.o(.ARM.Collect$$libinit$$00000023)
    __rt_lib_init_heap_1                     0x080001a3   Thumb Code     0  libinit2.o(.ARM.Collect$$libinit$$0000000A)
    __rt_lib_init_lc_collate_1               0x080001a3   Thumb Code     0  libinit2.o(.ARM.Collect$$libinit$$00000011)
    __rt_lib_init_lc_ctype_1                 0x080001a3   Thumb Code     0  libinit2.o(.ARM.Collect$$libinit$$00000013)
    __rt_lib_init_lc_monetary_1              0x080001a3   Thumb Code     0  libinit2.o(.ARM.Collect$$libinit$$00000015)
    __rt_lib_init_lc_numeric_1               0x080001a3   Thumb Code     0  libinit2.o(.ARM.Collect$$libinit$$00000017)
    __rt_lib_init_lc_time_1                  0x080001a3   Thumb Code     0  libinit2.o(.ARM.Collect$$libinit$$00000019)
    __rt_lib_init_preinit_1                  0x080001a3   Thumb Code     0  libinit2.o(.ARM.Collect$$libinit$$00000004)
    __rt_lib_init_rand_1                     0x080001a3   Thumb Code     0  libinit2.o(.ARM.Collect$$libinit$$0000000E)
    __rt_lib_init_return                     0x080001a3   Thumb Code     0  libinit2.o(.ARM.Collect$$libinit$$00000033)
    __rt_lib_init_signal_1                   0x080001a3   Thumb Code     0  libinit2.o(.ARM.Collect$$libinit$$0000001D)
    __rt_lib_init_stdio_1                    0x080001a3   Thumb Code     0  libinit2.o(.ARM.Collect$$libinit$$00000025)
    __rt_lib_init_user_alloc_1               0x080001a3   Thumb Code     0  libinit2.o(.ARM.Collect$$libinit$$0000000C)
    __rt_lib_shutdown                        0x080001a5   Thumb Code     0  libshutdown.o(.ARM.Collect$$libshutdown$$00000000)
    __rt_lib_shutdown_cpp_1                  0x080001a7   Thumb Code     0  libshutdown2.o(.ARM.Collect$$libshutdown$$00000002)
    __rt_lib_shutdown_fp_trap_1              0x080001a7   Thumb Code     0  libshutdown2.o(.ARM.Collect$$libshutdown$$00000007)
    __rt_lib_shutdown_heap_1                 0x080001a7   Thumb Code     0  libshutdown2.o(.ARM.Collect$$libshutdown$$0000000F)
    __rt_lib_shutdown_return                 0x080001a7   Thumb Code     0  libshutdown2.o(.ARM.Collect$$libshutdown$$00000010)
    __rt_lib_shutdown_signal_1               0x080001a7   Thumb Code     0  libshutdown2.o(.ARM.Collect$$libshutdown$$0000000A)
    __rt_lib_shutdown_stdio_1                0x080001a7   Thumb Code     0  libshutdown2.o(.ARM.Collect$$libshutdown$$00000004)
    __rt_lib_shutdown_user_alloc_1           0x080001a7   Thumb Code     0  libshutdown2.o(.ARM.Collect$$libshutdown$$0000000C)
    __rt_entry                               0x080001a9   Thumb Code     0  __rtentry.o(.ARM.Collect$$rtentry$$00000000)
    __rt_entry_presh_1                       0x080001a9   Thumb Code     0  __rtentry2.o(.ARM.Collect$$rtentry$$00000002)
    __rt_entry_sh                            0x080001a9   Thumb Code     0  __rtentry4.o(.ARM.Collect$$rtentry$$00000004)
    __rt_entry_li                            0x080001af   Thumb Code     0  __rtentry2.o(.ARM.Collect$$rtentry$$0000000A)
    __rt_entry_postsh_1                      0x080001af   Thumb Code     0  __rtentry2.o(.ARM.Collect$$rtentry$$00000009)
    __rt_entry_main                          0x080001b3   Thumb Code     0  __rtentry2.o(.ARM.Collect$$rtentry$$0000000D)
    __rt_entry_postli_1                      0x080001b3   Thumb Code     0  __rtentry2.o(.ARM.Collect$$rtentry$$0000000C)
    __rt_exit                                0x080001bb   Thumb Code     0  rtexit.o(.ARM.Collect$$rtexit$$00000000)
    __rt_exit_ls                             0x080001bd   Thumb Code     0  rtexit2.o(.ARM.Collect$$rtexit$$00000003)
    __rt_exit_prels_1                        0x080001bd   Thumb Code     0  rtexit2.o(.ARM.Collect$$rtexit$$00000002)
    __rt_exit_exit                           0x080001c1   Thumb Code     0  rtexit2.o(.ARM.Collect$$rtexit$$00000004)
    Reset_Handler                            0x080001c9   Thumb Code     8  startup_stm32f10x_md.o(.text)
    NMI_Handler                              0x080001d1   Thumb Code     2  startup_stm32f10x_md.o(.text)
    MemManage_Handler                        0x080001d5   Thumb Code     2  startup_stm32f10x_md.o(.text)
    BusFault_Handler                         0x080001d7   Thumb Code     2  startup_stm32f10x_md.o(.text)
    UsageFault_Handler                       0x080001d9   Thumb Code     2  startup_stm32f10x_md.o(.text)
    SVC_Handler                              0x080001db   Thumb Code     2  startup_stm32f10x_md.o(.text)
    DebugMon_Handler                         0x080001dd   Thumb Code     2  startup_stm32f10x_md.o(.text)
    ADC1_2_IRQHandler                        0x080001e3   Thumb Code     0  startup_stm32f10x_md.o(.text)
    CAN1_RX1_IRQHandler                      0x080001e3   Thumb Code     0  startup_stm32f10x_md.o(.text)
    CAN1_SCE_IRQHandler                      0x080001e3   Thumb Code     0  startup_stm32f10x_md.o(.text)
    DMA1_Channel1_IRQHandler                 0x080001e3   Thumb Code     0  startup_stm32f10x_md.o(.text)
    DMA1_Channel2_IRQHandler                 0x080001e3   Thumb Code     0  startup_stm32f10x_md.o(.text)
    DMA1_Channel3_IRQHandler                 0x080001e3   Thumb Code     0  startup_stm32f10x_md.o(.text)
    DMA1_Channel4_IRQHandler                 0x080001e3   Thumb Code     0  startup_stm32f10x_md.o(.text)
    DMA1_Channel5_IRQHandler                 0x080001e3   Thumb Code     0  startup_stm32f10x_md.o(.text)
    DMA1_Channel6_IRQHandler                 0x080001e3   Thumb Code     0  startup_stm32f10x_md.o(.text)
    DMA1_Channel7_IRQHandler                 0x080001e3   Thumb Code     0  startup_stm32f10x_md.o(.text)
    EXTI0_IRQHandler                         0x080001e3   Thumb Code     0  startup_stm32f10x_md.o(.text)
    EXTI15_10_IRQHandler                     0x080001e3   Thumb Code     0  startup_stm32f10x_md.o(.text)
    EXTI1_IRQHandler                         0x080001e3   Thumb Code     0  startup_stm32f10x_md.o(.text)
    EXTI2_IRQHandler                         0x080001e3   Thumb Code     0  startup_stm32f10x_md.o(.text)
    EXTI3_IRQHandler                         0x080001e3   Thumb Code     0  startup_stm32f10x_md.o(.text)
    EXTI4_IRQHandler                         0x080001e3   Thumb Code     0  startup_stm32f10x_md.o(.text)
    EXTI9_5_IRQHandler                       0x080001e3   Thumb Code     0  startup_stm32f10x_md.o(.text)
    FLASH_IRQHandler                         0x080001e3   Thumb Code     0  startup_stm32f10x_md.o(.text)
    I2C1_ER_IRQHandler                       0x080001e3   Thumb Code     0  startup_stm32f10x_md.o(.text)
    I2C1_EV_IRQHandler                       0x080001e3   Thumb Code     0  startup_stm32f10x_md.o(.text)
    I2C2_ER_IRQHandler                       0x080001e3   Thumb Code     0  startup_stm32f10x_md.o(.text)
    I2C2_EV_IRQHandler                       0x080001e3   Thumb Code     0  startup_stm32f10x_md.o(.text)
    PVD_IRQHandler                           0x080001e3   Thumb Code     0  startup_stm32f10x_md.o(.text)
    RCC_IRQHandler                           0x080001e3   Thumb Code     0  startup_stm32f10x_md.o(.text)
    RTCAlarm_IRQHandler                      0x080001e3   Thumb Code     0  startup_stm32f10x_md.o(.text)
    RTC_IRQHandler                           0x080001e3   Thumb Code     0  startup_stm32f10x_md.o(.text)
    SPI1_IRQHandler                          0x080001e3   Thumb Code     0  startup_stm32f10x_md.o(.text)
    SPI2_IRQHandler                          0x080001e3   Thumb Code     0  startup_stm32f10x_md.o(.text)
    TAMPER_IRQHandler                        0x080001e3   Thumb Code     0  startup_stm32f10x_md.o(.text)
    TIM1_BRK_IRQHandler                      0x080001e3   Thumb Code     0  startup_stm32f10x_md.o(.text)
    TIM1_CC_IRQHandler                       0x080001e3   Thumb Code     0  startup_stm32f10x_md.o(.text)
    TIM1_TRG_COM_IRQHandler                  0x080001e3   Thumb Code     0  startup_stm32f10x_md.o(.text)
    TIM1_UP_IRQHandler                       0x080001e3   Thumb Code     0  startup_stm32f10x_md.o(.text)
    TIM2_IRQHandler                          0x080001e3   Thumb Code     0  startup_stm32f10x_md.o(.text)
    TIM3_IRQHandler                          0x080001e3   Thumb Code     0  startup_stm32f10x_md.o(.text)
    USART2_IRQHandler                        0x080001e3   Thumb Code     0  startup_stm32f10x_md.o(.text)
    USART3_IRQHandler                        0x080001e3   Thumb Code     0  startup_stm32f10x_md.o(.text)
    USBWakeUp_IRQHandler                     0x080001e3   Thumb Code     0  startup_stm32f10x_md.o(.text)
    USB_HP_CAN1_TX_IRQHandler                0x080001e3   Thumb Code     0  startup_stm32f10x_md.o(.text)
    USB_LP_CAN1_RX0_IRQHandler               0x080001e3   Thumb Code     0  startup_stm32f10x_md.o(.text)
    WWDG_IRQHandler                          0x080001e3   Thumb Code     0  startup_stm32f10x_md.o(.text)
    __user_initial_stackheap                 0x080001e5   Thumb Code     0  startup_stm32f10x_md.o(.text)
    $Super$$main                             0x08000209   Thumb Code    10  main.o(.text)
    Target_Init                              0x08000213   Thumb Code    92  main.o(.text)
    SPI2_Init                                0x08000279   Thumb Code   160  ads1256.o(.text)
    Init_ADS1256_GPIO                        0x08000319   Thumb Code    82  ads1256.o(.text)
    SPI_WriteByte                            0x0800036b   Thumb Code    54  ads1256.o(.text)
    ADS1256WREG                              0x080003a1   Thumb Code    68  ads1256.o(.text)
    ADS1256_Init                             0x080003e5   Thumb Code    36  ads1256.o(.text)
    ADS1256ReadData                          0x08000409   Thumb Code    90  ads1256.o(.text)
    ADS_sum                                  0x08000463   Thumb Code    18  ads1256.o(.text)
    rt_hw_board_init                         0x080004a9   Thumb Code    30  board.o(.text)
    SysTick_Handler                          0x080004c7   Thumb Code    16  board.o(.text)
    ConfigurationGpioInit                    0x080004e1   Thumb Code   110  task.o(.text)
    ReadsTheStatus                           0x0800054f   Thumb Code   222  task.o(.text)
    task_init                                0x080009cd   Thumb Code   154  task.o(.text)
    Flash_Read_OneByte                       0x08000ab9   Thumb Code     6  flash.o(.text)
    Flash_Read_MultiBytes                    0x08000abf   Thumb Code    32  flash.o(.text)
    Flash_Write_OneByte                      0x08000adf   Thumb Code   122  flash.o(.text)
    Flash_Read_twoByte                       0x08000b59   Thumb Code     6  flash.o(.text)
    Flash_Write_MultiBytes                   0x08000b5f   Thumb Code   186  flash.o(.text)
    Flash_Write_twoByte                      0x08000c19   Thumb Code    30  flash.o(.text)
    Flash_Read_fourByte                      0x08000c37   Thumb Code     6  flash.o(.text)
    Flash_Write_fourByte                     0x08000c3d   Thumb Code    52  flash.o(.text)
    FLASH_R                                  0x08000c71   Thumb Code     6  flash.o(.text)
    FLASH_W                                  0x08000c77   Thumb Code   336  flash.o(.text)
    parameter_init                           0x08000dd1   Thumb Code   430  dataprocessing.o(.text)
    CH0_filter                               0x08000f7f   Thumb Code   234  dataprocessing.o(.text)
    CH1_filter                               0x08001069   Thumb Code   234  dataprocessing.o(.text)
    CH2_filter                               0x08001153   Thumb Code   338  dataprocessing.o(.text)
    CH3_filter                               0x080012a5   Thumb Code   234  dataprocessing.o(.text)
    CH4_filter                               0x0800138f   Thumb Code   234  dataprocessing.o(.text)
    CH5_filter                               0x08001479   Thumb Code   234  dataprocessing.o(.text)
    CH6_filter                               0x08001563   Thumb Code   290  dataprocessing.o(.text)
    CH7_filter                               0x08001685   Thumb Code   234  dataprocessing.o(.text)
    Channel_0                                0x0800176f   Thumb Code   616  dataprocessing.o(.text)
    Channel_1                                0x080019d7   Thumb Code   688  dataprocessing.o(.text)
    Channel_2                                0x08001c87   Thumb Code   670  dataprocessing.o(.text)
    Channel_3                                0x08001f25   Thumb Code   616  dataprocessing.o(.text)
    Channel_4                                0x0800218d   Thumb Code   670  dataprocessing.o(.text)
    Channel_5                                0x0800242b   Thumb Code   616  dataprocessing.o(.text)
    Channel_6                                0x08002693   Thumb Code   676  dataprocessing.o(.text)
    Channel_7                                0x08002937   Thumb Code   670  dataprocessing.o(.text)
    NVIC_PriorityGroupConfig                 0x08002bd5   Thumb Code    10  misc.o(.text)
    NVIC_Init                                0x08002bdf   Thumb Code   100  misc.o(.text)
    NVIC_SetVectorTable                      0x08002c43   Thumb Code    14  misc.o(.text)
    NVIC_SystemLPConfig                      0x08002c51   Thumb Code    34  misc.o(.text)
    SysTick_CLKSourceConfig                  0x08002c73   Thumb Code    40  misc.o(.text)
    SystemInit                               0x08002d59   Thumb Code    78  system_stm32f10x.o(.text)
    SystemCoreClockUpdate                    0x08002da7   Thumb Code   142  system_stm32f10x.o(.text)
    RCC_DeInit                               0x08002e59   Thumb Code    64  stm32f10x_rcc.o(.text)
    RCC_HSEConfig                            0x08002e99   Thumb Code    70  stm32f10x_rcc.o(.text)
    RCC_GetFlagStatus                        0x08002edf   Thumb Code    56  stm32f10x_rcc.o(.text)
    RCC_WaitForHSEStartUp                    0x08002f17   Thumb Code    56  stm32f10x_rcc.o(.text)
    RCC_AdjustHSICalibrationValue            0x08002f4f   Thumb Code    20  stm32f10x_rcc.o(.text)
    RCC_HSICmd                               0x08002f63   Thumb Code     6  stm32f10x_rcc.o(.text)
    RCC_PLLConfig                            0x08002f69   Thumb Code    24  stm32f10x_rcc.o(.text)
    RCC_PLLCmd                               0x08002f81   Thumb Code     6  stm32f10x_rcc.o(.text)
    RCC_SYSCLKConfig                         0x08002f87   Thumb Code    18  stm32f10x_rcc.o(.text)
    RCC_GetSYSCLKSource                      0x08002f99   Thumb Code    10  stm32f10x_rcc.o(.text)
    RCC_HCLKConfig                           0x08002fa3   Thumb Code    18  stm32f10x_rcc.o(.text)
    RCC_PCLK1Config                          0x08002fb5   Thumb Code    18  stm32f10x_rcc.o(.text)
    RCC_PCLK2Config                          0x08002fc7   Thumb Code    20  stm32f10x_rcc.o(.text)
    RCC_ITConfig                             0x08002fdb   Thumb Code    26  stm32f10x_rcc.o(.text)
    RCC_USBCLKConfig                         0x08002ff5   Thumb Code     8  stm32f10x_rcc.o(.text)
    RCC_ADCCLKConfig                         0x08002ffd   Thumb Code    18  stm32f10x_rcc.o(.text)
    RCC_LSEConfig                            0x0800300f   Thumb Code    50  stm32f10x_rcc.o(.text)
    RCC_LSICmd                               0x08003041   Thumb Code     6  stm32f10x_rcc.o(.text)
    RCC_RTCCLKConfig                         0x08003047   Thumb Code    12  stm32f10x_rcc.o(.text)
    RCC_RTCCLKCmd                            0x08003053   Thumb Code     8  stm32f10x_rcc.o(.text)
    RCC_GetClocksFreq                        0x0800305b   Thumb Code   192  stm32f10x_rcc.o(.text)
    RCC_AHBPeriphClockCmd                    0x0800311b   Thumb Code    26  stm32f10x_rcc.o(.text)
    RCC_APB2PeriphClockCmd                   0x08003135   Thumb Code    26  stm32f10x_rcc.o(.text)
    RCC_APB1PeriphClockCmd                   0x0800314f   Thumb Code    26  stm32f10x_rcc.o(.text)
    RCC_APB2PeriphResetCmd                   0x08003169   Thumb Code    26  stm32f10x_rcc.o(.text)
    RCC_APB1PeriphResetCmd                   0x08003183   Thumb Code    26  stm32f10x_rcc.o(.text)
    RCC_BackupResetCmd                       0x0800319d   Thumb Code     8  stm32f10x_rcc.o(.text)
    RCC_ClockSecuritySystemCmd               0x080031a5   Thumb Code     6  stm32f10x_rcc.o(.text)
    RCC_MCOConfig                            0x080031ab   Thumb Code     6  stm32f10x_rcc.o(.text)
    RCC_ClearFlag                            0x080031b1   Thumb Code    14  stm32f10x_rcc.o(.text)
    RCC_GetITStatus                          0x080031bf   Thumb Code    20  stm32f10x_rcc.o(.text)
    RCC_ClearITPendingBit                    0x080031d3   Thumb Code     6  stm32f10x_rcc.o(.text)
    USART_DeInit                             0x080031fd   Thumb Code   134  stm32f10x_usart.o(.text)
    USART_Init                               0x08003283   Thumb Code   210  stm32f10x_usart.o(.text)
    USART_StructInit                         0x08003355   Thumb Code    24  stm32f10x_usart.o(.text)
    USART_ClockInit                          0x0800336d   Thumb Code    34  stm32f10x_usart.o(.text)
    USART_ClockStructInit                    0x0800338f   Thumb Code    12  stm32f10x_usart.o(.text)
    USART_Cmd                                0x0800339b   Thumb Code    24  stm32f10x_usart.o(.text)
    USART_ITConfig                           0x080033b3   Thumb Code    74  stm32f10x_usart.o(.text)
    USART_DMACmd                             0x080033fd   Thumb Code    18  stm32f10x_usart.o(.text)
    USART_SetAddress                         0x0800340f   Thumb Code    18  stm32f10x_usart.o(.text)
    USART_WakeUpConfig                       0x08003421   Thumb Code    18  stm32f10x_usart.o(.text)
    USART_ReceiverWakeUpCmd                  0x08003433   Thumb Code    24  stm32f10x_usart.o(.text)
    USART_LINBreakDetectLengthConfig         0x0800344b   Thumb Code    18  stm32f10x_usart.o(.text)
    USART_LINCmd                             0x0800345d   Thumb Code    24  stm32f10x_usart.o(.text)
    USART_SendData                           0x08003475   Thumb Code     8  stm32f10x_usart.o(.text)
    USART_ReceiveData                        0x0800347d   Thumb Code    10  stm32f10x_usart.o(.text)
    USART_SendBreak                          0x08003487   Thumb Code    10  stm32f10x_usart.o(.text)
    USART_SetGuardTime                       0x08003491   Thumb Code    16  stm32f10x_usart.o(.text)
    USART_SetPrescaler                       0x080034a1   Thumb Code    16  stm32f10x_usart.o(.text)
    USART_SmartCardCmd                       0x080034b1   Thumb Code    24  stm32f10x_usart.o(.text)
    USART_SmartCardNACKCmd                   0x080034c9   Thumb Code    24  stm32f10x_usart.o(.text)
    USART_HalfDuplexCmd                      0x080034e1   Thumb Code    24  stm32f10x_usart.o(.text)
    USART_OverSampling8Cmd                   0x080034f9   Thumb Code    22  stm32f10x_usart.o(.text)
    USART_OneBitMethodCmd                    0x0800350f   Thumb Code    24  stm32f10x_usart.o(.text)
    USART_IrDAConfig                         0x08003527   Thumb Code    18  stm32f10x_usart.o(.text)
    USART_IrDACmd                            0x08003539   Thumb Code    24  stm32f10x_usart.o(.text)
    USART_GetFlagStatus                      0x08003551   Thumb Code    26  stm32f10x_usart.o(.text)
    USART_ClearFlag                          0x0800356b   Thumb Code    18  stm32f10x_usart.o(.text)
    USART_GetITStatus                        0x0800357d   Thumb Code    84  stm32f10x_usart.o(.text)
    USART_ClearITPendingBit                  0x080035d1   Thumb Code    52  stm32f10x_usart.o(.text)
    TIM_DeInit                               0x08003605   Thumb Code   424  stm32f10x_tim.o(.text)
    TIM_TimeBaseInit                         0x080037ad   Thumb Code   122  stm32f10x_tim.o(.text)
    TIM_OC1Init                              0x08003827   Thumb Code   132  stm32f10x_tim.o(.text)
    TIM_OC2Init                              0x080038ab   Thumb Code   154  stm32f10x_tim.o(.text)
    TIM_OC3Init                              0x08003945   Thumb Code   150  stm32f10x_tim.o(.text)
    TIM_OC4Init                              0x080039db   Thumb Code   182  stm32f10x_tim.o(.text)
    TIM_SetIC4Prescaler                      0x08003a91   Thumb Code    26  stm32f10x_tim.o(.text)
    TIM_SetIC3Prescaler                      0x08003b2d   Thumb Code    18  stm32f10x_tim.o(.text)
    TIM_SetIC2Prescaler                      0x08003bb9   Thumb Code    26  stm32f10x_tim.o(.text)
    TIM_SetIC1Prescaler                      0x08003c55   Thumb Code    18  stm32f10x_tim.o(.text)
    TIM_ICInit                               0x08003cd3   Thumb Code   150  stm32f10x_tim.o(.text)
    TIM_PWMIConfig                           0x08003d69   Thumb Code   124  stm32f10x_tim.o(.text)
    TIM_BDTRConfig                           0x08003de5   Thumb Code    32  stm32f10x_tim.o(.text)
    TIM_TimeBaseStructInit                   0x08003e05   Thumb Code    18  stm32f10x_tim.o(.text)
    TIM_OCStructInit                         0x08003e17   Thumb Code    20  stm32f10x_tim.o(.text)
    TIM_ICStructInit                         0x08003e2b   Thumb Code    18  stm32f10x_tim.o(.text)
    TIM_BDTRStructInit                       0x08003e3d   Thumb Code    40  stm32f10x_tim.o(.text)
    TIM_Cmd                                  0x08003e65   Thumb Code    24  stm32f10x_tim.o(.text)
    TIM_CtrlPWMOutputs                       0x08003e7d   Thumb Code    30  stm32f10x_tim.o(.text)
    TIM_ITConfig                             0x08003e9b   Thumb Code    18  stm32f10x_tim.o(.text)
    TIM_GenerateEvent                        0x08003ead   Thumb Code     4  stm32f10x_tim.o(.text)
    TIM_DMAConfig                            0x08003eb1   Thumb Code    10  stm32f10x_tim.o(.text)
    TIM_DMACmd                               0x08003ebb   Thumb Code    18  stm32f10x_tim.o(.text)
    TIM_InternalClockConfig                  0x08003ecd   Thumb Code    12  stm32f10x_tim.o(.text)
    TIM_SelectInputTrigger                   0x08003ed9   Thumb Code    18  stm32f10x_tim.o(.text)
    TIM_ITRxExternalClockConfig              0x08003eeb   Thumb Code    24  stm32f10x_tim.o(.text)
    TIM_TIxExternalClockConfig               0x08003f03   Thumb Code    62  stm32f10x_tim.o(.text)
    TIM_ETRConfig                            0x08003f41   Thumb Code    28  stm32f10x_tim.o(.text)
    TIM_ETRClockMode1Config                  0x08003f5d   Thumb Code    54  stm32f10x_tim.o(.text)
    TIM_ETRClockMode2Config                  0x08003f93   Thumb Code    32  stm32f10x_tim.o(.text)
    TIM_PrescalerConfig                      0x08003fb3   Thumb Code     6  stm32f10x_tim.o(.text)
    TIM_CounterModeConfig                    0x08003fb9   Thumb Code    18  stm32f10x_tim.o(.text)
    TIM_EncoderInterfaceConfig               0x08003fcb   Thumb Code    66  stm32f10x_tim.o(.text)
    TIM_ForcedOC1Config                      0x0800400d   Thumb Code    18  stm32f10x_tim.o(.text)
    TIM_ForcedOC2Config                      0x0800401f   Thumb Code    26  stm32f10x_tim.o(.text)
    TIM_ForcedOC3Config                      0x08004039   Thumb Code    18  stm32f10x_tim.o(.text)
    TIM_ForcedOC4Config                      0x0800404b   Thumb Code    26  stm32f10x_tim.o(.text)
    TIM_ARRPreloadConfig                     0x08004065   Thumb Code    24  stm32f10x_tim.o(.text)
    TIM_SelectCOM                            0x0800407d   Thumb Code    24  stm32f10x_tim.o(.text)
    TIM_SelectCCDMA                          0x08004095   Thumb Code    24  stm32f10x_tim.o(.text)
    TIM_CCPreloadControl                     0x080040ad   Thumb Code    24  stm32f10x_tim.o(.text)
    TIM_OC1PreloadConfig                     0x080040c5   Thumb Code    18  stm32f10x_tim.o(.text)
    TIM_OC2PreloadConfig                     0x080040d7   Thumb Code    26  stm32f10x_tim.o(.text)
    TIM_OC3PreloadConfig                     0x080040f1   Thumb Code    18  stm32f10x_tim.o(.text)
    TIM_OC4PreloadConfig                     0x08004103   Thumb Code    26  stm32f10x_tim.o(.text)
    TIM_OC1FastConfig                        0x0800411d   Thumb Code    18  stm32f10x_tim.o(.text)
    TIM_OC2FastConfig                        0x0800412f   Thumb Code    26  stm32f10x_tim.o(.text)
    TIM_OC3FastConfig                        0x08004149   Thumb Code    18  stm32f10x_tim.o(.text)
    TIM_OC4FastConfig                        0x0800415b   Thumb Code    26  stm32f10x_tim.o(.text)
    TIM_ClearOC1Ref                          0x08004175   Thumb Code    18  stm32f10x_tim.o(.text)
    TIM_ClearOC2Ref                          0x08004187   Thumb Code    24  stm32f10x_tim.o(.text)
    TIM_ClearOC3Ref                          0x0800419f   Thumb Code    18  stm32f10x_tim.o(.text)
    TIM_ClearOC4Ref                          0x080041b1   Thumb Code    24  stm32f10x_tim.o(.text)
    TIM_OC1PolarityConfig                    0x080041c9   Thumb Code    18  stm32f10x_tim.o(.text)
    TIM_OC1NPolarityConfig                   0x080041db   Thumb Code    18  stm32f10x_tim.o(.text)
    TIM_OC2PolarityConfig                    0x080041ed   Thumb Code    26  stm32f10x_tim.o(.text)
    TIM_OC2NPolarityConfig                   0x08004207   Thumb Code    26  stm32f10x_tim.o(.text)
    TIM_OC3PolarityConfig                    0x08004221   Thumb Code    26  stm32f10x_tim.o(.text)
    TIM_OC3NPolarityConfig                   0x0800423b   Thumb Code    26  stm32f10x_tim.o(.text)
    TIM_OC4PolarityConfig                    0x08004255   Thumb Code    26  stm32f10x_tim.o(.text)
    TIM_CCxCmd                               0x0800426f   Thumb Code    30  stm32f10x_tim.o(.text)
    TIM_CCxNCmd                              0x0800428d   Thumb Code    30  stm32f10x_tim.o(.text)
    TIM_SelectOCxM                           0x080042ab   Thumb Code    82  stm32f10x_tim.o(.text)
    TIM_UpdateDisableConfig                  0x080042fd   Thumb Code    24  stm32f10x_tim.o(.text)
    TIM_UpdateRequestConfig                  0x08004315   Thumb Code    24  stm32f10x_tim.o(.text)
    TIM_SelectHallSensor                     0x0800432d   Thumb Code    24  stm32f10x_tim.o(.text)
    TIM_SelectOnePulseMode                   0x08004345   Thumb Code    18  stm32f10x_tim.o(.text)
    TIM_SelectOutputTrigger                  0x08004357   Thumb Code    18  stm32f10x_tim.o(.text)
    TIM_SelectSlaveMode                      0x08004369   Thumb Code    18  stm32f10x_tim.o(.text)
    TIM_SelectMasterSlaveMode                0x0800437b   Thumb Code    18  stm32f10x_tim.o(.text)
    TIM_SetCounter                           0x0800438d   Thumb Code     4  stm32f10x_tim.o(.text)
    TIM_SetAutoreload                        0x08004391   Thumb Code     4  stm32f10x_tim.o(.text)
    TIM_SetCompare1                          0x08004395   Thumb Code     4  stm32f10x_tim.o(.text)
    TIM_SetCompare2                          0x08004399   Thumb Code     4  stm32f10x_tim.o(.text)
    TIM_SetCompare3                          0x0800439d   Thumb Code     4  stm32f10x_tim.o(.text)
    TIM_SetCompare4                          0x080043a1   Thumb Code     6  stm32f10x_tim.o(.text)
    TIM_SetClockDivision                     0x080043a7   Thumb Code    18  stm32f10x_tim.o(.text)
    TIM_GetCapture1                          0x080043b9   Thumb Code     6  stm32f10x_tim.o(.text)
    TIM_GetCapture2                          0x080043bf   Thumb Code     6  stm32f10x_tim.o(.text)
    TIM_GetCapture3                          0x080043c5   Thumb Code     6  stm32f10x_tim.o(.text)
    TIM_GetCapture4                          0x080043cb   Thumb Code     8  stm32f10x_tim.o(.text)
    TIM_GetCounter                           0x080043d3   Thumb Code     6  stm32f10x_tim.o(.text)
    TIM_GetPrescaler                         0x080043d9   Thumb Code     6  stm32f10x_tim.o(.text)
    TIM_GetFlagStatus                        0x080043df   Thumb Code    18  stm32f10x_tim.o(.text)
    TIM_ClearFlag                            0x080043f1   Thumb Code     6  stm32f10x_tim.o(.text)
    TIM_GetITStatus                          0x080043f7   Thumb Code    34  stm32f10x_tim.o(.text)
    TIM_ClearITPendingBit                    0x08004419   Thumb Code     6  stm32f10x_tim.o(.text)
    SPI_I2S_DeInit                           0x08004421   Thumb Code    76  stm32f10x_spi.o(.text)
    SPI_Init                                 0x0800446d   Thumb Code    60  stm32f10x_spi.o(.text)
    I2S_Init                                 0x080044a9   Thumb Code   226  stm32f10x_spi.o(.text)
    SPI_StructInit                           0x0800458b   Thumb Code    24  stm32f10x_spi.o(.text)
    I2S_StructInit                           0x080045a3   Thumb Code    20  stm32f10x_spi.o(.text)
    SPI_Cmd                                  0x080045b7   Thumb Code    24  stm32f10x_spi.o(.text)
    I2S_Cmd                                  0x080045cf   Thumb Code    24  stm32f10x_spi.o(.text)
    SPI_I2S_ITConfig                         0x080045e7   Thumb Code    32  stm32f10x_spi.o(.text)
    SPI_I2S_DMACmd                           0x08004607   Thumb Code    18  stm32f10x_spi.o(.text)
    SPI_I2S_SendData                         0x08004619   Thumb Code     4  stm32f10x_spi.o(.text)
    SPI_I2S_ReceiveData                      0x0800461d   Thumb Code     6  stm32f10x_spi.o(.text)
    SPI_NSSInternalSoftwareConfig            0x08004623   Thumb Code    30  stm32f10x_spi.o(.text)
    SPI_SSOutputCmd                          0x08004641   Thumb Code    24  stm32f10x_spi.o(.text)
    SPI_DataSizeConfig                       0x08004659   Thumb Code    18  stm32f10x_spi.o(.text)
    SPI_TransmitCRC                          0x0800466b   Thumb Code    10  stm32f10x_spi.o(.text)
    SPI_CalculateCRC                         0x08004675   Thumb Code    24  stm32f10x_spi.o(.text)
    SPI_GetCRC                               0x0800468d   Thumb Code    16  stm32f10x_spi.o(.text)
    SPI_GetCRCPolynomial                     0x0800469d   Thumb Code     6  stm32f10x_spi.o(.text)
    SPI_BiDirectionalLineConfig              0x080046a3   Thumb Code    28  stm32f10x_spi.o(.text)
    SPI_I2S_GetFlagStatus                    0x080046bf   Thumb Code    18  stm32f10x_spi.o(.text)
    SPI_I2S_ClearFlag                        0x080046d1   Thumb Code     6  stm32f10x_spi.o(.text)
    SPI_I2S_GetITStatus                      0x080046d7   Thumb Code    52  stm32f10x_spi.o(.text)
    SPI_I2S_ClearITPendingBit                0x0800470b   Thumb Code    20  stm32f10x_spi.o(.text)
    GPIO_DeInit                              0x0800472d   Thumb Code   172  stm32f10x_gpio.o(.text)
    GPIO_AFIODeInit                          0x080047d9   Thumb Code    20  stm32f10x_gpio.o(.text)
    GPIO_Init                                0x080047ed   Thumb Code   278  stm32f10x_gpio.o(.text)
    GPIO_StructInit                          0x08004903   Thumb Code    16  stm32f10x_gpio.o(.text)
    GPIO_ReadInputDataBit                    0x08004913   Thumb Code    18  stm32f10x_gpio.o(.text)
    GPIO_ReadInputData                       0x08004925   Thumb Code     8  stm32f10x_gpio.o(.text)
    GPIO_ReadOutputDataBit                   0x0800492d   Thumb Code    18  stm32f10x_gpio.o(.text)
    GPIO_ReadOutputData                      0x0800493f   Thumb Code     8  stm32f10x_gpio.o(.text)
    GPIO_SetBits                             0x08004947   Thumb Code     4  stm32f10x_gpio.o(.text)
    GPIO_ResetBits                           0x0800494b   Thumb Code     4  stm32f10x_gpio.o(.text)
    GPIO_WriteBit                            0x0800494f   Thumb Code    10  stm32f10x_gpio.o(.text)
    GPIO_Write                               0x08004959   Thumb Code     4  stm32f10x_gpio.o(.text)
    GPIO_PinLockConfig                       0x0800495d   Thumb Code    18  stm32f10x_gpio.o(.text)
    GPIO_EventOutputConfig                   0x0800496f   Thumb Code    26  stm32f10x_gpio.o(.text)
    GPIO_EventOutputCmd                      0x08004989   Thumb Code     6  stm32f10x_gpio.o(.text)
    GPIO_PinRemapConfig                      0x0800498f   Thumb Code   138  stm32f10x_gpio.o(.text)
    GPIO_EXTILineConfig                      0x08004a19   Thumb Code    66  stm32f10x_gpio.o(.text)
    GPIO_ETH_MediaInterfaceConfig            0x08004a5b   Thumb Code     8  stm32f10x_gpio.o(.text)
    FLASH_SetLatency                         0x08004a89   Thumb Code    18  stm32f10x_flash.o(.text)
    FLASH_HalfCycleAccessCmd                 0x08004a9b   Thumb Code    22  stm32f10x_flash.o(.text)
    FLASH_PrefetchBufferCmd                  0x08004ab1   Thumb Code    22  stm32f10x_flash.o(.text)
    FLASH_Unlock                             0x08004ac7   Thumb Code    12  stm32f10x_flash.o(.text)
    FLASH_UnlockBank1                        0x08004ad3   Thumb Code    12  stm32f10x_flash.o(.text)
    FLASH_Lock                               0x08004adf   Thumb Code    14  stm32f10x_flash.o(.text)
    FLASH_LockBank1                          0x08004aed   Thumb Code    14  stm32f10x_flash.o(.text)
    FLASH_GetBank1Status                     0x08004afb   Thumb Code    48  stm32f10x_flash.o(.text)
    FLASH_WaitForLastOperation               0x08004b2b   Thumb Code    38  stm32f10x_flash.o(.text)
    FLASH_ErasePage                          0x08004b51   Thumb Code    72  stm32f10x_flash.o(.text)
    FLASH_EraseAllPages                      0x08004b99   Thumb Code    68  stm32f10x_flash.o(.text)
    FLASH_WaitForLastBank1Operation          0x08004bdd   Thumb Code    38  stm32f10x_flash.o(.text)
    FLASH_EraseAllBank1Pages                 0x08004c03   Thumb Code    68  stm32f10x_flash.o(.text)
    FLASH_GetReadOutProtectionStatus         0x08004c47   Thumb Code    20  stm32f10x_flash.o(.text)
    FLASH_EraseOptionBytes                   0x08004c5b   Thumb Code   150  stm32f10x_flash.o(.text)
    FLASH_ProgramWord                        0x08004cf1   Thumb Code   102  stm32f10x_flash.o(.text)
    FLASH_ProgramHalfWord                    0x08004d57   Thumb Code    60  stm32f10x_flash.o(.text)
    FLASH_ProgramOptionByteData              0x08004d93   Thumb Code    72  stm32f10x_flash.o(.text)
    FLASH_EnableWriteProtection              0x08004ddb   Thumb Code   200  stm32f10x_flash.o(.text)
    FLASH_ReadOutProtection                  0x08004ea3   Thumb Code   156  stm32f10x_flash.o(.text)
    FLASH_UserOptionByteConfig               0x08004f3f   Thumb Code    88  stm32f10x_flash.o(.text)
    FLASH_GetUserOptionByte                  0x08004f97   Thumb Code     8  stm32f10x_flash.o(.text)
    FLASH_GetWriteProtectionOptionByte       0x08004f9f   Thumb Code     6  stm32f10x_flash.o(.text)
    FLASH_GetPrefetchBufferStatus            0x08004fa5   Thumb Code    20  stm32f10x_flash.o(.text)
    FLASH_ITConfig                           0x08004fb9   Thumb Code    26  stm32f10x_flash.o(.text)
    FLASH_GetFlagStatus                      0x08004fd3   Thumb Code    42  stm32f10x_flash.o(.text)
    FLASH_ClearFlag                          0x08004ffd   Thumb Code     6  stm32f10x_flash.o(.text)
    FLASH_GetStatus                          0x08005003   Thumb Code    48  stm32f10x_flash.o(.text)
    MB_OS_Init                               0x08005049   Thumb Code    12  mb_app.o(.text)
    MB_OS_Exit                               0x08005059   Thumb Code    12  mb_app.o(.text)
    MB_OS_RxSignal                           0x08005065   Thumb Code    28  mb_app.o(.text)
    MB_OS_RxTask                             0x08005081   Thumb Code    46  mb_app.o(.text)
    MB_CommPortCfg                           0x080050b9   Thumb Code   340  mb_bsp.o(.text)
    MB_CommRxTxISR_1_Handler                 0x0800520d   Thumb Code   106  mb_bsp.o(.text)
    USART1_IRQHandler                        0x08005277   Thumb Code     8  mb_bsp.o(.text)
    MB_CommTx1                               0x0800527f   Thumb Code    28  mb_bsp.o(.text)
    MB_CommTxIntEn                           0x0800529b   Thumb Code    28  mb_bsp.o(.text)
    MB_CommRxIntEn                           0x080052b7   Thumb Code    28  mb_bsp.o(.text)
    MB_CommTxIntDis                          0x080052d3   Thumb Code    30  mb_bsp.o(.text)
    MB_CommRxIntDis                          0x080052f1   Thumb Code    30  mb_bsp.o(.text)
    MB_RTU_TmrInit                           0x0800530f   Thumb Code   114  mb_bsp.o(.text)
    MB_RTU_TmrExit                           0x08005381   Thumb Code     2  mb_bsp.o(.text)
    MB_RTU_TmrISR_Handler                    0x08005383   Thumb Code    18  mb_bsp.o(.text)
    TIM4_IRQHandler                          0x08005395   Thumb Code    26  mb_bsp.o(.text)
    MB_CoilRd                                0x080053d1   Thumb Code    12  mb_data.o(.text)
    MB_CoilWr                                0x080053dd   Thumb Code     8  mb_data.o(.text)
    MB_DIRd                                  0x080053e5   Thumb Code    12  mb_data.o(.text)
    MB_InRegRd                               0x080053f1   Thumb Code    36  mb_data.o(.text)
    MB_InRegRdFP                             0x08005415   Thumb Code    12  mb_data.o(.text)
    MB_HoldingRegRd                          0x08005421   Thumb Code    36  mb_data.o(.text)
    MB_HoldingRegRdFP                        0x08005445   Thumb Code    12  mb_data.o(.text)
    MB_HoldingRegWr                          0x08005451   Thumb Code    92  mb_data.o(.text)
    MB_HoldingRegWrFP                        0x080054ad   Thumb Code     8  mb_data.o(.text)
    MB_FileRd                                0x080054b5   Thumb Code    12  mb_data.o(.text)
    MB_FileWr                                0x080054c1   Thumb Code    12  mb_data.o(.text)
    MB_Init                                  0x080054d5   Thumb Code    84  mb.o(.text)
    MB_Exit                                  0x08005529   Thumb Code    12  mb.o(.text)
    MB_ChToPortMap                           0x08005535   Thumb Code     6  mb.o(.text)
    MB_WrEnSet                               0x0800553b   Thumb Code     6  mb.o(.text)
    MB_ModeSet                               0x08005541   Thumb Code    52  mb.o(.text)
    MB_NodeAddrSet                           0x08005575   Thumb Code     6  mb.o(.text)
    MB_MasterTimeoutSet                      0x0800557b   Thumb Code     6  mb.o(.text)
    MB_CfgCh                                 0x08005581   Thumb Code   162  mb.o(.text)
    MB_RTU_TmrReset                          0x08005623   Thumb Code     6  mb.o(.text)
    MB_RTU_RxByte                            0x08005629   Thumb Code    48  mb.o(.text)
    MB_ASCII_RxByte                          0x08005659   Thumb Code    94  mb.o(.text)
    MB_RxByte                                0x080056b7   Thumb Code    42  mb.o(.text)
    MB_RxTask                                0x080056e1   Thumb Code    18  mb.o(.text)
    MB_TxByte                                0x080056f3   Thumb Code    84  mb.o(.text)
    MB_Tx                                    0x08005747   Thumb Code    32  mb.o(.text)
    MB_ASCII_Rx                              0x08005767   Thumb Code   124  mb.o(.text)
    MB_ASCII_Tx                              0x080057e3   Thumb Code   136  mb.o(.text)
    MB_RTU_Rx                                0x0800586b   Thumb Code   122  mb.o(.text)
    MB_RTU_Tx                                0x080058e5   Thumb Code    92  mb.o(.text)
    MB_RTU_TmrResetAll                       0x08005941   Thumb Code    32  mb.o(.text)
    MB_RTU_TmrUpdate                         0x08005961   Thumb Code    70  mb.o(.text)
    MB_ASCII_BinToHex                        0x080059ad   Thumb Code    56  mb_util.o(.text)
    MB_ASCII_HexToBin                        0x080059e5   Thumb Code    82  mb_util.o(.text)
    MB_ASCII_RxCalcLRC                       0x08005a37   Thumb Code    56  mb_util.o(.text)
    MB_ASCII_TxCalcLRC                       0x08005a6f   Thumb Code    64  mb_util.o(.text)
    MB_RTU_RxCalcCRC                         0x08005aaf   Thumb Code    68  mb_util.o(.text)
    MB_RTU_TxCalcCRC                         0x08005af3   Thumb Code    64  mb_util.o(.text)
    MBS_StatInit                             0x080060cd   Thumb Code    14  mbs_core.o(.text)
    MBS_FCxx_Handler                         0x0800781b   Thumb Code   256  mbs_core.o(.text)
    MBS_RxTask                               0x08007b0d   Thumb Code    30  mbs_core.o(.text)
    rt_system_tick_init                      0x08007b2d   Thumb Code     2  clock.o(.text)
    rt_tick_get                              0x08007b2f   Thumb Code     6  clock.o(.text)
    rt_tick_set                              0x08007b35   Thumb Code    22  clock.o(.text)
    rt_tick_increase                         0x08007b4b   Thumb Code    42  clock.o(.text)
    rt_tick_from_millisecond                 0x08007b75   Thumb Code    56  clock.o(.text)
    rt_components_board_init                 0x08007bc1   Thumb Code    20  components.o(.text)
    rt_components_init                       0x08007bd5   Thumb Code    20  components.o(.text)
    main_thread_entry                        0x08007be9   Thumb Code    14  components.o(.text)
    rt_application_init                      0x08007bf7   Thumb Code    44  components.o(.text)
    rtthread_startup                         0x08007c23   Thumb Code    42  components.o(.text)
    main                                     0x08007c4d   Thumb Code    10  components.o(.text)
    rt_thread_idle_excute                    0x08007c75   Thumb Code   122  idle.o(.text)
    rt_thread_idle_init                      0x08007cf7   Thumb Code    38  idle.o(.text)
    rt_thread_idle_gethandler                0x08007d1d   Thumb Code     4  idle.o(.text)
    rt_interrupt_enter                       0x08007d49   Thumb Code    26  irq.o(.text)
    rt_interrupt_leave                       0x08007d63   Thumb Code    26  irq.o(.text)
    rt_interrupt_get_nest                    0x08007d7d   Thumb Code     6  irq.o(.text)
    rt_get_errno                             0x08007d89   Thumb Code    32  kservice.o(.text)
    rt_set_errno                             0x08007da9   Thumb Code    36  kservice.o(.text)
    _rt_errno                                0x08007dcd   Thumb Code    30  kservice.o(.text)
    rt_memset                                0x08007deb   Thumb Code    72  kservice.o(.text)
    rt_memcpy                                0x08007e33   Thumb Code   124  kservice.o(.text)
    rt_memmove                               0x08007eaf   Thumb Code    66  kservice.o(.text)
    rt_memcmp                                0x08007ef1   Thumb Code    38  kservice.o(.text)
    rt_strlen                                0x08007f17   Thumb Code    18  kservice.o(.text)
    rt_strstr                                0x08007f29   Thumb Code    58  kservice.o(.text)
    rt_strcasecmp                            0x08007f63   Thumb Code    48  kservice.o(.text)
    rt_strncpy                               0x08007f93   Thumb Code    52  kservice.o(.text)
    rt_strncmp                               0x08007fc7   Thumb Code    40  kservice.o(.text)
    rt_strcmp                                0x08007fef   Thumb Code    28  kservice.o(.text)
    rt_strnlen                               0x0800800b   Thumb Code    24  kservice.o(.text)
    rt_hw_console_output                     0x08008023   Thumb Code     2  kservice.o(.text)
    rt_vsnprintf                             0x080081e9   Thumb Code   808  kservice.o(.text)
    rt_kprintf                               0x08008511   Thumb Code    44  kservice.o(.text)
    rt_show_version                          0x0800853d   Thumb Code    38  kservice.o(.text)
    rt_snprintf                              0x08008563   Thumb Code    38  kservice.o(.text)
    rt_vsprintf                              0x08008589   Thumb Code    22  kservice.o(.text)
    rt_sprintf                               0x0800859f   Thumb Code    34  kservice.o(.text)
    rt_kputs                                 0x080085c1   Thumb Code    18  kservice.o(.text)
    __rt_ffs                                 0x080085d3   Thumb Code    70  kservice.o(.text)
    rt_system_object_init                    0x080086b1   Thumb Code     2  object.o(.text)
    rt_object_get_information                0x080086b3   Thumb Code    36  object.o(.text)
    rt_object_init                           0x080086d7   Thumb Code    96  object.o(.text)
    rt_object_detach                         0x08008737   Thumb Code    44  object.o(.text)
    rt_object_is_systemobject                0x08008763   Thumb Code    18  object.o(.text)
    rt_object_get_type                       0x08008775   Thumb Code    10  object.o(.text)
    rt_object_find                           0x0800877f   Thumb Code    86  object.o(.text)
    rt_system_scheduler_init                 0x080087d9   Thumb Code    52  scheduler.o(.text)
    rt_system_scheduler_start                0x0800880d   Thumb Code    36  scheduler.o(.text)
    rt_schedule                              0x08008831   Thumb Code   106  scheduler.o(.text)
    rt_schedule_insert_thread                0x0800889b   Thumb Code    72  scheduler.o(.text)
    rt_schedule_remove_thread                0x080088e3   Thumb Code    76  scheduler.o(.text)
    rt_enter_critical                        0x0800892f   Thumb Code    28  scheduler.o(.text)
    rt_exit_critical                         0x0800894b   Thumb Code    60  scheduler.o(.text)
    rt_critical_level                        0x08008987   Thumb Code     8  scheduler.o(.text)
    rt_thread_exit                           0x080089d1   Thumb Code    76  thread.o(.text)
    rt_thread_timeout                        0x08008a1d   Thumb Code    32  thread.o(.text)
    rt_thread_init                           0x08008abd   Thumb Code    52  thread.o(.text)
    rt_thread_self                           0x08008af1   Thumb Code     6  thread.o(.text)
    rt_thread_resume                         0x08008af7   Thumb Code    60  thread.o(.text)
    rt_thread_startup                        0x08008b33   Thumb Code    44  thread.o(.text)
    rt_thread_detach                         0x08008b5f   Thumb Code    82  thread.o(.text)
    rt_thread_yield                          0x08008bb1   Thumb Code    92  thread.o(.text)
    rt_thread_suspend                        0x08008c0d   Thumb Code    68  thread.o(.text)
    rt_thread_sleep                          0x08008c51   Thumb Code    62  thread.o(.text)
    rt_thread_delay                          0x08008c8f   Thumb Code    12  thread.o(.text)
    rt_thread_mdelay                         0x08008c9b   Thumb Code    20  thread.o(.text)
    rt_thread_control                        0x08008caf   Thumb Code   106  thread.o(.text)
    rt_thread_find                           0x08008d19   Thumb Code    82  thread.o(.text)
    rt_timer_init                            0x08008e13   Thumb Code    46  timer.o(.text)
    rt_timer_detach                          0x08008e41   Thumb Code    32  timer.o(.text)
    rt_timer_start                           0x08008e61   Thumb Code   238  timer.o(.text)
    rt_timer_stop                            0x08008f4f   Thumb Code    48  timer.o(.text)
    rt_timer_control                         0x08008f7f   Thumb Code    56  timer.o(.text)
    rt_timer_check                           0x08008fb7   Thumb Code   118  timer.o(.text)
    rt_timer_next_timeout_tick               0x0800902d   Thumb Code    10  timer.o(.text)
    rt_system_timer_init                     0x08009037   Thumb Code    24  timer.o(.text)
    rt_system_timer_thread_init              0x0800904f   Thumb Code     2  timer.o(.text)
    rt_hw_stack_init                         0x08009071   Thumb Code    70  cpuport.o(.text)
    rt_hw_exception_install                  0x080090b7   Thumb Code     6  cpuport.o(.text)
    rt_hw_hard_fault_exception               0x080090bd   Thumb Code   190  cpuport.o(.text)
    rt_hw_cpu_shutdown                       0x0800917b   Thumb Code    10  cpuport.o(.text)
    rt_hw_cpu_reset                          0x08009185   Thumb Code     8  cpuport.o(.text)
    rt_hw_interrupt_disable                  0x080092e9   Thumb Code     8  context_rvds.o(.text)
    rt_hw_interrupt_enable                   0x080092f1   Thumb Code     6  context_rvds.o(.text)
    rt_hw_context_switch                     0x080092f7   Thumb Code    32  context_rvds.o(.text)
    rt_hw_context_switch_interrupt           0x080092f7   Thumb Code     0  context_rvds.o(.text)
    PendSV_Handler                           0x08009317   Thumb Code    60  context_rvds.o(.text)
    rt_hw_context_switch_to                  0x08009353   Thumb Code    58  context_rvds.o(.text)
    rt_hw_interrupt_thread_switch            0x0800938d   Thumb Code     2  context_rvds.o(.text)
    HardFault_Handler                        0x0800938f   Thumb Code    52  context_rvds.o(.text)
    __aeabi_memclr4                          0x080093dd   Thumb Code     0  rt_memclr_w.o(.text)
    __aeabi_memclr8                          0x080093dd   Thumb Code     0  rt_memclr_w.o(.text)
    __rt_memclr_w                            0x080093dd   Thumb Code    78  rt_memclr_w.o(.text)
    _memset_w                                0x080093e1   Thumb Code     0  rt_memclr_w.o(.text)
    __use_two_region_memory                  0x0800942b   Thumb Code     2  heapauxi.o(.text)
    __rt_heap_escrow$2region                 0x0800942d   Thumb Code     2  heapauxi.o(.text)
    __rt_heap_expand$2region                 0x0800942f   Thumb Code     2  heapauxi.o(.text)
    __user_setup_stackheap                   0x08009431   Thumb Code    74  sys_stackheap_outer.o(.text)
    exit                                     0x0800947b   Thumb Code    18  exit.o(.text)
    __user_libspace                          0x0800948d   Thumb Code     8  libspace.o(.text)
    __user_perproc_libspace                  0x0800948d   Thumb Code     0  libspace.o(.text)
    __user_perthread_libspace                0x0800948d   Thumb Code     0  libspace.o(.text)
    _sys_exit                                0x08009495   Thumb Code     8  sys_exit.o(.text)
    __I$use$semihosting                      0x080094a1   Thumb Code     0  use_no_semi.o(.text)
    __use_no_semihosting_swi                 0x080094a1   Thumb Code     2  use_no_semi.o(.text)
    __semihosting_library_function           0x080094a3   Thumb Code     0  indicate_semi.o(.text)
    __aeabi_ddiv                             0x080094a5   Thumb Code     0  ddiv.o(x$fpl$ddiv)
    _ddiv                                    0x080094a5   Thumb Code   552  ddiv.o(x$fpl$ddiv)
    __aeabi_d2uiz                            0x08009755   Thumb Code     0  dfixu.o(x$fpl$dfixu)
    _dfixu                                   0x08009755   Thumb Code    90  dfixu.o(x$fpl$dfixu)
    __aeabi_i2d                              0x080097af   Thumb Code     0  dflt_clz.o(x$fpl$dflt)
    _dflt                                    0x080097af   Thumb Code    46  dflt_clz.o(x$fpl$dflt)
    __aeabi_ui2d                             0x080097dd   Thumb Code     0  dflt_clz.o(x$fpl$dfltu)
    _dfltu                                   0x080097dd   Thumb Code    38  dflt_clz.o(x$fpl$dfltu)
    __aeabi_dmul                             0x08009805   Thumb Code     0  dmul.o(x$fpl$dmul)
    _dmul                                    0x08009805   Thumb Code   332  dmul.o(x$fpl$dmul)
    __fpl_dnaninf                            0x08009959   Thumb Code   156  dnaninf.o(x$fpl$dnaninf)
    __fpl_dretinf                            0x080099f5   Thumb Code    12  dretinf.o(x$fpl$dretinf)
    __aeabi_fadd                             0x08009a01   Thumb Code     0  faddsub_clz.o(x$fpl$fadd)
    _fadd                                    0x08009a01   Thumb Code   196  faddsub_clz.o(x$fpl$fadd)
    __aeabi_fdiv                             0x08009ac5   Thumb Code     0  fdiv.o(x$fpl$fdiv)
    _fdiv                                    0x08009ac5   Thumb Code   384  fdiv.o(x$fpl$fdiv)
    __aeabi_f2uiz                            0x08009c49   Thumb Code     0  ffixu.o(x$fpl$ffixu)
    _ffixu                                   0x08009c49   Thumb Code    62  ffixu.o(x$fpl$ffixu)
    __aeabi_ui2f                             0x08009c89   Thumb Code     0  fflt_clz.o(x$fpl$ffltu)
    _ffltu                                   0x08009c89   Thumb Code    38  fflt_clz.o(x$fpl$ffltu)
    __aeabi_fmul                             0x08009cb1   Thumb Code     0  fmul.o(x$fpl$fmul)
    _fmul                                    0x08009cb1   Thumb Code   258  fmul.o(x$fpl$fmul)
    __fpl_fnaninf                            0x08009db3   Thumb Code   140  fnaninf.o(x$fpl$fnaninf)
    __fpl_fretinf                            0x08009e3f   Thumb Code    10  fretinf.o(x$fpl$fretinf)
    __aeabi_fsub                             0x08009e49   Thumb Code     0  faddsub_clz.o(x$fpl$fsub)
    _fsub                                    0x08009e49   Thumb Code   234  faddsub_clz.o(x$fpl$fsub)
    __I$use$fp                               0x08009f32   Number         0  usenofp.o(x$fpl$usenofp)
    __lowest_bit_bitmap                      0x08009f32   Data         256  kservice.o(.constdata)
    __rt_init_rti_start                      0x0800a054   Data           4  components.o(.rti_fn.0)
    __rt_init_rti_board_start                0x0800a058   Data           4  components.o(.rti_fn.0.end)
    __rt_init_rti_board_end                  0x0800a05c   Data           4  components.o(.rti_fn.1.end)
    __rt_init_rti_end                        0x0800a060   Data           4  components.o(.rti_fn.6.end)
    Region$$Table$$Base                      0x0800a064   Number         0  anon$$obj.o(Region$$Table)
    Region$$Table$$Limit                     0x0800a084   Number         0  anon$$obj.o(Region$$Table)
    ldVolutage                               0x20000000   Data           4  task.o(.data)
    ulResult                                 0x20000004   Data           4  task.o(.data)
    buf1                                     0x20000008   Data           4  task.o(.data)
    ch0                                      0x2000000c   Data           4  dataprocessing.o(.data)
    ch1                                      0x20000010   Data           4  dataprocessing.o(.data)
    ch2                                      0x20000014   Data           4  dataprocessing.o(.data)
    ch3                                      0x20000018   Data           4  dataprocessing.o(.data)
    ch4                                      0x2000001c   Data           4  dataprocessing.o(.data)
    ch5                                      0x20000020   Data           4  dataprocessing.o(.data)
    ch6                                      0x20000024   Data           4  dataprocessing.o(.data)
    ch7                                      0x20000028   Data           4  dataprocessing.o(.data)
    SystemCoreClock                          0x2000006c   Data           4  system_stm32f10x.o(.data)
    AHBPrescTable                            0x20000070   Data          16  system_stm32f10x.o(.data)
    Queue                                    0x20000094   Data           3  mb_app.o(.data)
    Ptr                                      0x20000098   Data           4  mb_data.o(.data)
    Ptr_04                                   0x2000009c   Data           4  mb_data.o(.data)
    MB_RTU_Freq                              0x200000a0   Data           2  mb.o(.data)
    MB_RTU_TmrCtr                            0x200000a4   Data           4  mb.o(.data)
    MB_ChCtr                                 0x200000a8   Data           1  mb.o(.data)
    rt_interrupt_nest                        0x200000b8   Data           1  irq.o(.data)
    rt_current_thread                        0x20000104   Data           4  scheduler.o(.data)
    rt_current_priority                      0x20000108   Data           1  scheduler.o(.data)
    rt_thread_ready_priority_group           0x2000010c   Data           4  scheduler.o(.data)
    rt_thread_defunct                        0x20000110   Data           8  scheduler.o(.data)
    rt_interrupt_from_thread                 0x20000124   Data           4  cpuport.o(.data)
    rt_interrupt_to_thread                   0x20000128   Data           4  cpuport.o(.data)
    rt_thread_switch_interrupt_flag          0x2000012c   Data           4  cpuport.o(.data)
    ldVolutag                                0x20000134   Data          32  task.o(.bss)
    redeeming                                0x20000154   Data          18  task.o(.bss)
    v_buf                                    0x20000168   Data          32  task.o(.bss)
    CalibrationValue                         0x20000188   Data         352  task.o(.bss)
    ch0_f                                    0x20001850   Data          40  dataprocessing.o(.bss)
    ch1_f                                    0x20001878   Data          40  dataprocessing.o(.bss)
    ch2_f                                    0x200018a0   Data          40  dataprocessing.o(.bss)
    ch3_f                                    0x200018c8   Data          40  dataprocessing.o(.bss)
    ch4_f                                    0x200018f0   Data          40  dataprocessing.o(.bss)
    ch5_f                                    0x20001918   Data          40  dataprocessing.o(.bss)
    ch6_f                                    0x20001940   Data          40  dataprocessing.o(.bss)
    ch7_f                                    0x20001968   Data          40  dataprocessing.o(.bss)
    MB_DATA                                  0x20001a90   Data         250  mb_data.o(.bss)
    MB_DATA_04                               0x20001b8a   Data        1220  mb_data.o(.bss)
    MB_ChTbl                                 0x20002050   Data        3300  mb.o(.bss)
    main_thread                              0x20002e38   Data         120  components.o(.bss)
    rt_thread_priority_table                 0x20003028   Data          64  scheduler.o(.bss)
    __libspace_start                         0x20003068   Data          96  libspace.o(.bss)
    __temporary_stack_top$libspace           0x200030c8   Data           0  libspace.o(.bss)



==============================================================================

Memory Map of the image

  Image Entry point : 0x080000ed

  Load Region LR_IROM1 (Base: 0x08000000, Size: 0x0000a1b8, Max: 0x00010000, ABSOLUTE, COMPRESSED[0x0000a0cc])

    Execution Region ER_IROM1 (Exec base: 0x08000000, Load base: 0x08000000, Size: 0x0000a084, Max: 0x00010000, ABSOLUTE)

    Exec Addr    Load Addr    Size         Type   Attr      Idx    E Section Name        Object

    0x08000000   0x08000000   0x000000ec   Data   RO            3    RESET               startup_stm32f10x_md.o
    0x080000ec   0x080000ec   0x00000008   Code   RO          682  * !!!main             c_w.l(__main.o)
    0x080000f4   0x080000f4   0x00000034   Code   RO          888    !!!scatter          c_w.l(__scatter.o)
    0x08000128   0x08000128   0x0000005a   Code   RO          886    !!dczerorl2         c_w.l(__dczerorl2.o)
    0x08000182   0x08000182   0x00000002   PAD
    0x08000184   0x08000184   0x0000001c   Code   RO          890    !!handler_zi        c_w.l(__scatter_zi.o)
    0x080001a0   0x080001a0   0x00000002   Code   RO          756    .ARM.Collect$$libinit$$00000000  c_w.l(libinit.o)
    0x080001a2   0x080001a2   0x00000000   Code   RO          763    .ARM.Collect$$libinit$$00000002  c_w.l(libinit2.o)
    0x080001a2   0x080001a2   0x00000000   Code   RO          765    .ARM.Collect$$libinit$$00000004  c_w.l(libinit2.o)
    0x080001a2   0x080001a2   0x00000000   Code   RO          768    .ARM.Collect$$libinit$$0000000A  c_w.l(libinit2.o)
    0x080001a2   0x080001a2   0x00000000   Code   RO          770    .ARM.Collect$$libinit$$0000000C  c_w.l(libinit2.o)
    0x080001a2   0x080001a2   0x00000000   Code   RO          772    .ARM.Collect$$libinit$$0000000E  c_w.l(libinit2.o)
    0x080001a2   0x080001a2   0x00000000   Code   RO          775    .ARM.Collect$$libinit$$00000011  c_w.l(libinit2.o)
    0x080001a2   0x080001a2   0x00000000   Code   RO          777    .ARM.Collect$$libinit$$00000013  c_w.l(libinit2.o)
    0x080001a2   0x080001a2   0x00000000   Code   RO          779    .ARM.Collect$$libinit$$00000015  c_w.l(libinit2.o)
    0x080001a2   0x080001a2   0x00000000   Code   RO          781    .ARM.Collect$$libinit$$00000017  c_w.l(libinit2.o)
    0x080001a2   0x080001a2   0x00000000   Code   RO          783    .ARM.Collect$$libinit$$00000019  c_w.l(libinit2.o)
    0x080001a2   0x080001a2   0x00000000   Code   RO          785    .ARM.Collect$$libinit$$0000001B  c_w.l(libinit2.o)
    0x080001a2   0x080001a2   0x00000000   Code   RO          787    .ARM.Collect$$libinit$$0000001D  c_w.l(libinit2.o)
    0x080001a2   0x080001a2   0x00000000   Code   RO          789    .ARM.Collect$$libinit$$0000001F  c_w.l(libinit2.o)
    0x080001a2   0x080001a2   0x00000000   Code   RO          791    .ARM.Collect$$libinit$$00000021  c_w.l(libinit2.o)
    0x080001a2   0x080001a2   0x00000000   Code   RO          793    .ARM.Collect$$libinit$$00000023  c_w.l(libinit2.o)
    0x080001a2   0x080001a2   0x00000000   Code   RO          795    .ARM.Collect$$libinit$$00000025  c_w.l(libinit2.o)
    0x080001a2   0x080001a2   0x00000000   Code   RO          799    .ARM.Collect$$libinit$$0000002C  c_w.l(libinit2.o)
    0x080001a2   0x080001a2   0x00000000   Code   RO          801    .ARM.Collect$$libinit$$0000002E  c_w.l(libinit2.o)
    0x080001a2   0x080001a2   0x00000000   Code   RO          803    .ARM.Collect$$libinit$$00000030  c_w.l(libinit2.o)
    0x080001a2   0x080001a2   0x00000000   Code   RO          805    .ARM.Collect$$libinit$$00000032  c_w.l(libinit2.o)
    0x080001a2   0x080001a2   0x00000002   Code   RO          806    .ARM.Collect$$libinit$$00000033  c_w.l(libinit2.o)
    0x080001a4   0x080001a4   0x00000002   Code   RO          826    .ARM.Collect$$libshutdown$$00000000  c_w.l(libshutdown.o)
    0x080001a6   0x080001a6   0x00000000   Code   RO          839    .ARM.Collect$$libshutdown$$00000002  c_w.l(libshutdown2.o)
    0x080001a6   0x080001a6   0x00000000   Code   RO          841    .ARM.Collect$$libshutdown$$00000004  c_w.l(libshutdown2.o)
    0x080001a6   0x080001a6   0x00000000   Code   RO          844    .ARM.Collect$$libshutdown$$00000007  c_w.l(libshutdown2.o)
    0x080001a6   0x080001a6   0x00000000   Code   RO          847    .ARM.Collect$$libshutdown$$0000000A  c_w.l(libshutdown2.o)
    0x080001a6   0x080001a6   0x00000000   Code   RO          849    .ARM.Collect$$libshutdown$$0000000C  c_w.l(libshutdown2.o)
    0x080001a6   0x080001a6   0x00000000   Code   RO          852    .ARM.Collect$$libshutdown$$0000000F  c_w.l(libshutdown2.o)
    0x080001a6   0x080001a6   0x00000002   Code   RO          853    .ARM.Collect$$libshutdown$$00000010  c_w.l(libshutdown2.o)
    0x080001a8   0x080001a8   0x00000000   Code   RO          722    .ARM.Collect$$rtentry$$00000000  c_w.l(__rtentry.o)
    0x080001a8   0x080001a8   0x00000000   Code   RO          733    .ARM.Collect$$rtentry$$00000002  c_w.l(__rtentry2.o)
    0x080001a8   0x080001a8   0x00000006   Code   RO          745    .ARM.Collect$$rtentry$$00000004  c_w.l(__rtentry4.o)
    0x080001ae   0x080001ae   0x00000000   Code   RO          735    .ARM.Collect$$rtentry$$00000009  c_w.l(__rtentry2.o)
    0x080001ae   0x080001ae   0x00000004   Code   RO          736    .ARM.Collect$$rtentry$$0000000A  c_w.l(__rtentry2.o)
    0x080001b2   0x080001b2   0x00000000   Code   RO          738    .ARM.Collect$$rtentry$$0000000C  c_w.l(__rtentry2.o)
    0x080001b2   0x080001b2   0x00000008   Code   RO          739    .ARM.Collect$$rtentry$$0000000D  c_w.l(__rtentry2.o)
    0x080001ba   0x080001ba   0x00000002   Code   RO          760    .ARM.Collect$$rtexit$$00000000  c_w.l(rtexit.o)
    0x080001bc   0x080001bc   0x00000000   Code   RO          808    .ARM.Collect$$rtexit$$00000002  c_w.l(rtexit2.o)
    0x080001bc   0x080001bc   0x00000004   Code   RO          809    .ARM.Collect$$rtexit$$00000003  c_w.l(rtexit2.o)
    0x080001c0   0x080001c0   0x00000006   Code   RO          810    .ARM.Collect$$rtexit$$00000004  c_w.l(rtexit2.o)
    0x080001c6   0x080001c6   0x00000002   PAD
    0x080001c8   0x080001c8   0x00000040   Code   RO            4    .text               startup_stm32f10x_md.o
    0x08000208   0x08000208   0x00000070   Code   RO           10    .text               main.o
    0x08000278   0x08000278   0x00000204   Code   RO          126    .text               ads1256.o
    0x0800047c   0x0800047c   0x00000064   Code   RO          142    .text               board.o
    0x080004e0   0x080004e0   0x000005d8   Code   RO          158    .text               task.o
    0x08000ab8   0x08000ab8   0x00000318   Code   RO          188    .text               flash.o
    0x08000dd0   0x08000dd0   0x00001e04   Code   RO          205    .text               dataprocessing.o
    0x08002bd4   0x08002bd4   0x000000dc   Code   RO          221    .text               misc.o
    0x08002cb0   0x08002cb0   0x000001a8   Code   RO          233    .text               system_stm32f10x.o
    0x08002e58   0x08002e58   0x000003a4   Code   RO          261    .text               stm32f10x_rcc.o
    0x080031fc   0x080031fc   0x00000408   Code   RO          275    .text               stm32f10x_usart.o
    0x08003604   0x08003604   0x00000e1a   Code   RO          287    .text               stm32f10x_tim.o
    0x0800441e   0x0800441e   0x00000002   PAD
    0x08004420   0x08004420   0x0000030c   Code   RO          302    .text               stm32f10x_spi.o
    0x0800472c   0x0800472c   0x0000035c   Code   RO          314    .text               stm32f10x_gpio.o
    0x08004a88   0x08004a88   0x000005bc   Code   RO          326    .text               stm32f10x_flash.o
    0x08005044   0x08005044   0x00000074   Code   RO          353    .text               mb_app.o
    0x080050b8   0x080050b8   0x00000318   Code   RO          371    .text               mb_bsp.o
    0x080053d0   0x080053d0   0x00000104   Code   RO          384    .text               mb_data.o
    0x080054d4   0x080054d4   0x000004d8   Code   RO          406    .text               mb.o
    0x080059ac   0x080059ac   0x00000186   Code   RO          426    .text               mb_util.o
    0x08005b32   0x08005b32   0x00000002   PAD
    0x08005b34   0x08005b34   0x00001ff6   Code   RO          438    .text               mbs_core.o
    0x08007b2a   0x08007b2a   0x00000002   PAD
    0x08007b2c   0x08007b2c   0x00000084   Code   RO          459    .text               clock.o
    0x08007bb0   0x08007bb0   0x000000c4   Code   RO          473    .text               components.o
    0x08007c74   0x08007c74   0x000000d4   Code   RO          498    .text               idle.o
    0x08007d48   0x08007d48   0x00000040   Code   RO          531    .text               irq.o
    0x08007d88   0x08007d88   0x00000928   Code   RO          546    .text               kservice.o
    0x080086b0   0x080086b0   0x00000128   Code   RO          581    .text               object.o
    0x080087d8   0x080087d8   0x000001d8   Code   RO          598    .text               scheduler.o
    0x080089b0   0x080089b0   0x000003c8   Code   RO          624    .text               thread.o
    0x08008d78   0x08008d78   0x000002f8   Code   RO          640    .text               timer.o
    0x08009070   0x08009070   0x00000278   Code   RO          657    .text               cpuport.o
    0x080092e8   0x080092e8   0x000000f4   Code   RO          672    .text               context_rvds.o
    0x080093dc   0x080093dc   0x0000004e   Code   RO          678    .text               c_w.l(rt_memclr_w.o)
    0x0800942a   0x0800942a   0x00000006   Code   RO          680    .text               c_w.l(heapauxi.o)
    0x08009430   0x08009430   0x0000004a   Code   RO          747    .text               c_w.l(sys_stackheap_outer.o)
    0x0800947a   0x0800947a   0x00000012   Code   RO          749    .text               c_w.l(exit.o)
    0x0800948c   0x0800948c   0x00000008   Code   RO          757    .text               c_w.l(libspace.o)
    0x08009494   0x08009494   0x0000000c   Code   RO          818    .text               c_w.l(sys_exit.o)
    0x080094a0   0x080094a0   0x00000002   Code   RO          829    .text               c_w.l(use_no_semi.o)
    0x080094a2   0x080094a2   0x00000000   Code   RO          831    .text               c_w.l(indicate_semi.o)
    0x080094a2   0x080094a2   0x00000002   PAD
    0x080094a4   0x080094a4   0x000002b0   Code   RO          685    x$fpl$ddiv          fz_ws.l(ddiv.o)
    0x08009754   0x08009754   0x0000005a   Code   RO          688    x$fpl$dfixu         fz_ws.l(dfixu.o)
    0x080097ae   0x080097ae   0x0000002e   Code   RO          693    x$fpl$dflt          fz_ws.l(dflt_clz.o)
    0x080097dc   0x080097dc   0x00000026   Code   RO          692    x$fpl$dfltu         fz_ws.l(dflt_clz.o)
    0x08009802   0x08009802   0x00000002   PAD
    0x08009804   0x08009804   0x00000154   Code   RO          698    x$fpl$dmul          fz_ws.l(dmul.o)
    0x08009958   0x08009958   0x0000009c   Code   RO          723    x$fpl$dnaninf       fz_ws.l(dnaninf.o)
    0x080099f4   0x080099f4   0x0000000c   Code   RO          725    x$fpl$dretinf       fz_ws.l(dretinf.o)
    0x08009a00   0x08009a00   0x000000c4   Code   RO          700    x$fpl$fadd          fz_ws.l(faddsub_clz.o)
    0x08009ac4   0x08009ac4   0x00000184   Code   RO          707    x$fpl$fdiv          fz_ws.l(fdiv.o)
    0x08009c48   0x08009c48   0x0000003e   Code   RO          710    x$fpl$ffixu         fz_ws.l(ffixu.o)
    0x08009c86   0x08009c86   0x00000002   PAD
    0x08009c88   0x08009c88   0x00000026   Code   RO          714    x$fpl$ffltu         fz_ws.l(fflt_clz.o)
    0x08009cae   0x08009cae   0x00000002   PAD
    0x08009cb0   0x08009cb0   0x00000102   Code   RO          720    x$fpl$fmul          fz_ws.l(fmul.o)
    0x08009db2   0x08009db2   0x0000008c   Code   RO          727    x$fpl$fnaninf       fz_ws.l(fnaninf.o)
    0x08009e3e   0x08009e3e   0x0000000a   Code   RO          729    x$fpl$fretinf       fz_ws.l(fretinf.o)
    0x08009e48   0x08009e48   0x000000ea   Code   RO          702    x$fpl$fsub          fz_ws.l(faddsub_clz.o)
    0x08009f32   0x08009f32   0x00000000   Code   RO          731    x$fpl$usenofp       fz_ws.l(usenofp.o)
    0x08009f32   0x08009f32   0x00000122   Data   RO          548    .constdata          kservice.o
    0x0800a054   0x0800a054   0x00000004   Data   RO          475    .rti_fn.0           components.o
    0x0800a058   0x0800a058   0x00000004   Data   RO          476    .rti_fn.0.end       components.o
    0x0800a05c   0x0800a05c   0x00000004   Data   RO          477    .rti_fn.1.end       components.o
    0x0800a060   0x0800a060   0x00000004   Data   RO          478    .rti_fn.6.end       components.o
    0x0800a064   0x0800a064   0x00000020   Data   RO          884    Region$$Table       anon$$obj.o


    Execution Region RW_IRAM1 (Exec base: 0x20000000, Load base: 0x0800a084, Size: 0x000036c8, Max: 0x00005000, ABSOLUTE, COMPRESSED[0x00000048])

    Exec Addr    Load Addr    Size         Type   Attr      Idx    E Section Name        Object

    0x20000000   COMPRESSED   0x0000000c   Data   RW          160    .data               task.o
    0x2000000c   COMPRESSED   0x00000060   Data   RW          207    .data               dataprocessing.o
    0x2000006c   COMPRESSED   0x00000014   Data   RW          234    .data               system_stm32f10x.o
    0x20000080   COMPRESSED   0x00000014   Data   RW          262    .data               stm32f10x_rcc.o
    0x20000094   COMPRESSED   0x00000003   Data   RW          354    .data               mb_app.o
    0x20000097   COMPRESSED   0x00000001   Data   RW          372    .data               mb_bsp.o
    0x20000098   COMPRESSED   0x00000008   Data   RW          386    .data               mb_data.o
    0x200000a0   COMPRESSED   0x00000009   Data   RW          409    .data               mb.o
    0x200000a9   COMPRESSED   0x00000008   Data   RW          439    .data               mbs_core.o
    0x200000b1   COMPRESSED   0x00000003   PAD
    0x200000b4   COMPRESSED   0x00000004   Data   RW          460    .data               clock.o
    0x200000b8   COMPRESSED   0x00000001   Data   RW          532    .data               irq.o
    0x200000b9   COMPRESSED   0x00000003   PAD
    0x200000bc   COMPRESSED   0x00000004   Data   RW          549    .data               kservice.o
    0x200000c0   COMPRESSED   0x00000040   Data   RW          582    .data               object.o
    0x20000100   COMPRESSED   0x00000018   Data   RW          600    .data               scheduler.o
    0x20000118   COMPRESSED   0x0000000c   Data   RW          641    .data               timer.o
    0x20000124   COMPRESSED   0x00000010   Data   RW          658    .data               cpuport.o
    0x20000134        -       0x00000f1c   Zero   RW          159    .bss                task.o
    0x20001050        -       0x00000800   Zero   RW          189    .bss                flash.o
    0x20001850        -       0x00000240   Zero   RW          206    .bss                dataprocessing.o
    0x20001a90        -       0x000005be   Zero   RW          385    .bss                mb_data.o
    0x2000204e   COMPRESSED   0x00000002   PAD
    0x20002050        -       0x00000ce4   Zero   RW          407    .bss                mb.o
    0x20002d34   COMPRESSED   0x00000004   PAD
    0x20002d38        -       0x00000178   Zero   RW          474    .bss                components.o
    0x20002eb0        -       0x000000f8   Zero   RW          499    .bss                idle.o
    0x20002fa8        -       0x00000080   Zero   RW          547    .bss                kservice.o
    0x20003028        -       0x00000040   Zero   RW          599    .bss                scheduler.o
    0x20003068        -       0x00000060   Zero   RW          758    .bss                c_w.l(libspace.o)
    0x200030c8        -       0x00000200   Zero   RW            2    HEAP                startup_stm32f10x_md.o
    0x200032c8        -       0x00000400   Zero   RW            1    STACK               startup_stm32f10x_md.o


==============================================================================

Image component sizes


      Code (inc. data)   RO Data    RW Data    ZI Data      Debug   Object Name

       516          8          0          0          0       1797   ads1256.o
       100         10          0          0          0        783   board.o
       132          4          0          4          0       1380   clock.o
       196         30         16          0        376       2602   components.o
       244         26          0          0          0        760   context_rvds.o
       632        348          0         16          0       3275   cpuport.o
      7684        446          0         96        576       9867   dataprocessing.o
       792         10          0          0       2048       4218   flash.o
       212         24          0          0        248       4578   idle.o
        64          6          0          1          0       1310   irq.o
      2344        166        290          4        128      10148   kservice.o
       112         10          0          0          0     262106   main.o
      1240         20          0          9       3300       7793   mb.o
       116         10          0          3          0       1640   mb_app.o
       792         34          0          1          0       3489   mb_bsp.o
       260         26          0          8       1470       3618   mb_data.o
       390          0          0          0          0       2490   mb_util.o
      8182        132          0          8          0      16582   mbs_core.o
       220         22          0          0          0       1833   misc.o
       296          4          0         64          0       5898   object.o
       472         28          0         24         64       5944   scheduler.o
        64         26        236          0       1536        820   startup_stm32f10x_md.o
      1468         34          0          0          0       8242   stm32f10x_flash.o
       860         38          0          0          0       5765   stm32f10x_gpio.o
       932         36          0         20          0       8932   stm32f10x_rcc.o
       780         14          0          0          0       6646   stm32f10x_spi.o
      3610         88          0          0          0      43248   stm32f10x_tim.o
      1032         22          0          0          0       8492   stm32f10x_usart.o
       424         36          0         20          0       1755   system_stm32f10x.o
      1496        126          0         12       3868       9596   task.o
       968         14          0          0          0       8372   thread.o
       760         10          0         12          0       7249   timer.o

    ----------------------------------------------------------------------
     37396       1808        574        308      13620     461228   Object Totals
         0          0         32          0          0          0   (incl. Generated)
         6          0          0          6          6          0   (incl. Padding)

    ----------------------------------------------------------------------

      Code (inc. data)   RO Data    RW Data    ZI Data      Debug   Library Member Name

        90          0          0          0          0          0   __dczerorl2.o
         8          0          0          0          0         68   __main.o
         0          0          0          0          0          0   __rtentry.o
        12          0          0          0          0          0   __rtentry2.o
         6          0          0          0          0          0   __rtentry4.o
        52          8          0          0          0          0   __scatter.o
        28          0          0          0          0          0   __scatter_zi.o
        18          0          0          0          0         80   exit.o
         6          0          0          0          0        152   heapauxi.o
         0          0          0          0          0          0   indicate_semi.o
         2          0          0          0          0          0   libinit.o
         2          0          0          0          0          0   libinit2.o
         2          0          0          0          0          0   libshutdown.o
         2          0          0          0          0          0   libshutdown2.o
         8          4          0          0         96         68   libspace.o
        78          0          0          0          0         80   rt_memclr_w.o
         2          0          0          0          0          0   rtexit.o
        10          0          0          0          0          0   rtexit2.o
        12          4          0          0          0         68   sys_exit.o
        74          0          0          0          0         80   sys_stackheap_outer.o
         2          0          0          0          0         68   use_no_semi.o
       688        140          0          0          0        208   ddiv.o
        90          4          0          0          0         92   dfixu.o
        84          0          0          0          0        136   dflt_clz.o
       340         12          0          0          0        104   dmul.o
       156          4          0          0          0         92   dnaninf.o
        12          0          0          0          0         68   dretinf.o
       430          8          0          0          0        168   faddsub_clz.o
       388         76          0          0          0         96   fdiv.o
        62          4          0          0          0         84   ffixu.o
        38          0          0          0          0         68   fflt_clz.o
       258          4          0          0          0         84   fmul.o
       140          4          0          0          0         84   fnaninf.o
        10          0          0          0          0         68   fretinf.o
         0          0          0          0          0          0   usenofp.o

    ----------------------------------------------------------------------
      3122        272          0          0         96       2016   Library Totals
        12          0          0          0          0          0   (incl. Padding)

    ----------------------------------------------------------------------

      Code (inc. data)   RO Data    RW Data    ZI Data      Debug   Library Name

       414         16          0          0         96        664   c_w.l
      2696        256          0          0          0       1352   fz_ws.l

    ----------------------------------------------------------------------
      3122        272          0          0         96       2016   Library Totals

    ----------------------------------------------------------------------

==============================================================================


      Code (inc. data)   RO Data    RW Data    ZI Data      Debug   

     40518       2080        574        308      13716     459236   Grand Totals
     40518       2080        574         72      13716     459236   ELF Image Totals (compressed)
     40518       2080        574         72          0          0   ROM Totals

==============================================================================

    Total RO  Size (Code + RO Data)                41092 (  40.13kB)
    Total RW  Size (RW Data + ZI Data)             14024 (  13.70kB)
    Total ROM Size (Code + RO Data + RW Data)      41164 (  40.20kB)

==============================================================================

