Component: ARM Compiler 5.06 update 6 (build 750) Tool: armlink [4d35ed]

==============================================================================

Section Cross References

    startup_stm32f10x_md.o(STACK) refers (Special) to heapauxi.o(.text) for __use_two_region_memory
    startup_stm32f10x_md.o(HEAP) refers (Special) to heapauxi.o(.text) for __use_two_region_memory
    startup_stm32f10x_md.o(RESET) refers (Special) to heapauxi.o(.text) for __use_two_region_memory
    startup_stm32f10x_md.o(RESET) refers to startup_stm32f10x_md.o(STACK) for __initial_sp
    startup_stm32f10x_md.o(RESET) refers to startup_stm32f10x_md.o(.text) for Reset_Handler
    startup_stm32f10x_md.o(RESET) refers to context_rvds.o(.text) for HardFault_Handler
    startup_stm32f10x_md.o(RESET) refers to board.o(.text) for SysTick_Handler
    startup_stm32f10x_md.o(RESET) refers to rtc.o(.text) for RTC_IRQHandler
    startup_stm32f10x_md.o(RESET) refers to mb_bsp.o(.text) for TIM4_IRQHandler
    startup_stm32f10x_md.o(.text) refers (Special) to heapauxi.o(.text) for __use_two_region_memory
    startup_stm32f10x_md.o(.text) refers to system_stm32f10x.o(.text) for SystemInit
    startup_stm32f10x_md.o(.text) refers to __main.o(!!!main) for __main
    startup_stm32f10x_md.o(.text) refers to startup_stm32f10x_md.o(HEAP) for Heap_Mem
    startup_stm32f10x_md.o(.text) refers to startup_stm32f10x_md.o(STACK) for Stack_Mem
    main.o(.text) refers to task.o(.text) for task_init
    main.o(.text) refers to stm32f10x_rcc.o(.text) for RCC_GetClocksFreq
    board.o(.text) refers to system_stm32f10x.o(.text) for SystemCoreClockUpdate
    board.o(.text) refers to components.o(.text) for rt_components_board_init
    board.o(.text) refers to irq.o(.text) for rt_interrupt_enter
    board.o(.text) refers to clock.o(.text) for rt_tick_increase
    board.o(.text) refers to system_stm32f10x.o(.data) for SystemCoreClock
    task.o(.text) refers to _printf_percent.o(.ARM.Collect$$_printf_percent$$00000000) for _printf_percent
    task.o(.text) refers to _printf_d.o(.ARM.Collect$$_printf_percent$$00000009) for _printf_d
    task.o(.text) refers to _printf_c.o(.ARM.Collect$$_printf_percent$$00000013) for _printf_c
    task.o(.text) refers to _printf_dec.o(.text) for _printf_int_dec
    task.o(.text) refers to _printf_str.o(.text) for _printf_str
    task.o(.text) refers to stm32f10x_rcc.o(.text) for RCC_APB2PeriphClockCmd
    task.o(.text) refers to stm32f10x_gpio.o(.text) for GPIO_Init
    task.o(.text) refers to thread.o(.text) for rt_thread_mdelay
    task.o(.text) refers to adxl345.o(.text) for ADXL345_IIC_Init
    task.o(.text) refers to flash.o(.text) for SPI_Flash_Init
    task.o(.text) refers to rtc.o(.text) for RTC_Init
    task.o(.text) refers to __2sprintf.o(.text) for __2sprintf
    task.o(.text) refers to mb_app.o(.text) for MB_OS_RxTask
    task.o(.text) refers to analog.o(.text) for App_ADC_Task
    task.o(.text) refers to main.o(.text) for Target_Init
    task.o(.text) refers to mb.o(.text) for MB_Init
    task.o(.text) refers to at24cxx.o(.text) for EEProm_Init
    task.o(.text) refers to stm32f10x_usart.o(.text) for USART_SendData
    task.o(.text) refers to task.o(.data) for rd485t
    task.o(.text) refers to rtc.o(.bss) for calendar
    task.o(.text) refers to adxl345.o(.data) for ADXL345_BUF
    task.o(.text) refers to task.o(.bss) for buf12
    flash_app.o(.text) refers to stm32f10x_flash.o(.text) for FLASH_Unlock
    flash_app.o(.text) refers to flash_app.o(.bss) for Flash_Buf
    system_stm32f10x.o(.text) refers to system_stm32f10x.o(.data) for SystemCoreClock
    stm32f10x_rcc.o(.text) refers to stm32f10x_rcc.o(.data) for APBAHBPrescTable
    stm32f10x_usart.o(.text) refers to stm32f10x_rcc.o(.text) for RCC_APB2PeriphResetCmd
    stm32f10x_tim.o(.text) refers to stm32f10x_rcc.o(.text) for RCC_APB2PeriphResetCmd
    stm32f10x_spi.o(.text) refers to stm32f10x_rcc.o(.text) for RCC_APB2PeriphResetCmd
    stm32f10x_gpio.o(.text) refers to stm32f10x_rcc.o(.text) for RCC_APB2PeriphResetCmd
    stm32f10x_adc.o(.text) refers to stm32f10x_rcc.o(.text) for RCC_APB2PeriphResetCmd
    stm32f10x_pwr.o(.text) refers to stm32f10x_rcc.o(.text) for RCC_APB1PeriphResetCmd
    stm32f10x_bkp.o(.text) refers to stm32f10x_rcc.o(.text) for RCC_BackupResetCmd
    mb_app.o(.text) refers to mb.o(.text) for MB_RxTask
    mb_app.o(.text) refers to mb_app.o(.data) for Queue
    mb_app.o(.text) refers to mb.o(.bss) for MB_ChTbl
    mb_bsp.o(.text) refers to stm32f10x_usart.o(.text) for USART_ITConfig
    mb_bsp.o(.text) refers to misc.o(.text) for NVIC_PriorityGroupConfig
    mb_bsp.o(.text) refers to mb.o(.text) for MB_RxByte
    mb_bsp.o(.text) refers to mb.o(.bss) for MB_ChTbl
    mb_bsp.o(.text) refers to stm32f10x_gpio.o(.text) for GPIO_ReadInputDataBit
    mb_bsp.o(.text) refers to stm32f10x_rcc.o(.text) for RCC_APB1PeriphClockCmd
    mb_bsp.o(.text) refers to stm32f10x_tim.o(.text) for TIM_TimeBaseInit
[...]
    EXTI0_IRQHandler                         0x080001f3   Thumb Code     0  startup_stm32f10x_md.o(.text)
    EXTI15_10_IRQHandler                     0x080001f3   Thumb Code     0  startup_stm32f10x_md.o(.text)
    EXTI1_IRQHandler                         0x080001f3   Thumb Code     0  startup_stm32f10x_md.o(.text)
    EXTI2_IRQHandler                         0x080001f3   Thumb Code     0  startup_stm32f10x_md.o(.text)
    EXTI3_IRQHandler                         0x080001f3   Thumb Code     0  startup_stm32f10x_md.o(.text)
    EXTI4_IRQHandler                         0x080001f3   Thumb Code     0  startup_stm32f10x_md.o(.text)
    EXTI9_5_IRQHandler                       0x080001f3   Thumb Code     0  startup_stm32f10x_md.o(.text)
    FLASH_IRQHandler                         0x080001f3   Thumb Code     0  startup_stm32f10x_md.o(.text)
    I2C1_ER_IRQHandler                       0x080001f3   Thumb Code     0  startup_stm32f10x_md.o(.text)
    I2C1_EV_IRQHandler                       0x080001f3   Thumb Code     0  startup_stm32f10x_md.o(.text)
    I2C2_ER_IRQHandler                       0x080001f3   Thumb Code     0  startup_stm32f10x_md.o(.text)
    I2C2_EV_IRQHandler                       0x080001f3   Thumb Code     0  startup_stm32f10x_md.o(.text)
    PVD_IRQHandler                           0x080001f3   Thumb Code     0  startup_stm32f10x_md.o(.text)
    RCC_IRQHandler                           0x080001f3   Thumb Code     0  startup_stm32f10x_md.o(.text)
    RTCAlarm_IRQHandler                      0x080001f3   Thumb Code     0  startup_stm32f10x_md.o(.text)
    SPI1_IRQHandler                          0x080001f3   Thumb Code     0  startup_stm32f10x_md.o(.text)
    SPI2_IRQHandler                          0x080001f3   Thumb Code     0  startup_stm32f10x_md.o(.text)
    TAMPER_IRQHandler                        0x080001f3   Thumb Code     0  startup_stm32f10x_md.o(.text)
    TIM1_BRK_IRQHandler                      0x080001f3   Thumb Code     0  startup_stm32f10x_md.o(.text)
    TIM1_CC_IRQHandler                       0x080001f3   Thumb Code     0  startup_stm32f10x_md.o(.text)
    TIM1_TRG_COM_IRQHandler                  0x080001f3   Thumb Code     0  startup_stm32f10x_md.o(.text)
    TIM1_UP_IRQHandler                       0x080001f3   Thumb Code     0  startup_stm32f10x_md.o(.text)
    TIM2_IRQHandler                          0x080001f3   Thumb Code     0  startup_stm32f10x_md.o(.text)
    TIM3_IRQHandler                          0x080001f3   Thumb Code     0  startup_stm32f10x_md.o(.text)
    USBWakeUp_IRQHandler                     0x080001f3   Thumb Code     0  startup_stm32f10x_md.o(.text)
    USB_HP_CAN1_TX_IRQHandler                0x080001f3   Thumb Code     0  startup_stm32f10x_md.o(.text)
    USB_LP_CAN1_RX0_IRQHandler               0x080001f3   Thumb Code     0  startup_stm32f10x_md.o(.text)
    WWDG_IRQHandler                          0x080001f3   Thumb Code     0  startup_stm32f10x_md.o(.text)
    __user_initial_stackheap                 0x080001f5   Thumb Code     0  startup_stm32f10x_md.o(.text)
    $Super$$main                             0x08000219   Thumb Code    10  main.o(.text)
    Target_Init                              0x08000223   Thumb Code    92  main.o(.text)
    rt_hw_board_init                         0x080002b5   Thumb Code    30  board.o(.text)
    SysTick_Handler                          0x080002d3   Thumb Code    16  board.o(.text)
    RS485                                    0x080002ed   Thumb Code    50  task.o(.text)
    task_init                                0x08000541   Thumb Code   176  task.o(.text)
    fputc                                    0x080005f1   Thumb Code    32  task.o(.text)
    NVIC_PriorityGroupConfig                 0x080006b5   Thumb Code    10  misc.o(.text)
    NVIC_Init                                0x080006bf   Thumb Code   100  misc.o(.text)
    NVIC_SetVectorTable                      0x08000723   Thumb Code    14  misc.o(.text)
    NVIC_SystemLPConfig                      0x08000731   Thumb Code    34  misc.o(.text)
    SysTick_CLKSourceConfig                  0x08000753   Thumb Code    40  misc.o(.text)
    SystemInit                               0x08000839   Thumb Code    78  system_stm32f10x.o(.text)
    SystemCoreClockUpdate                    0x08000887   Thumb Code   142  system_stm32f10x.o(.text)
    RCC_DeInit                               0x08000939   Thumb Code    64  stm32f10x_rcc.o(.text)
    RCC_HSEConfig                            0x08000979   Thumb Code    70  stm32f10x_rcc.o(.text)
    RCC_GetFlagStatus                        0x080009bf   Thumb Code    56  stm32f10x_rcc.o(.text)
    RCC_WaitForHSEStartUp                    0x080009f7   Thumb Code    56  stm32f10x_rcc.o(.text)
    RCC_AdjustHSICalibrationValue            0x08000a2f   Thumb Code    20  stm32f10x_rcc.o(.text)
    RCC_HSICmd                               0x08000a43   Thumb Code     6  stm32f10x_rcc.o(.text)
    RCC_PLLConfig                            0x08000a49   Thumb Code    24  stm32f10x_rcc.o(.text)
    RCC_PLLCmd                               0x08000a61   Thumb Code     6  stm32f10x_rcc.o(.text)
    RCC_SYSCLKConfig                         0x08000a67   Thumb Code    18  stm32f10x_rcc.o(.text)
    RCC_GetSYSCLKSource                      0x08000a79   Thumb Code    10  stm32f10x_rcc.o(.text)
    RCC_HCLKConfig                           0x08000a83   Thumb Code    18  stm32f10x_rcc.o(.text)
    RCC_PCLK1Config                          0x08000a95   Thumb Code    18  stm32f10x_rcc.o(.text)
    RCC_PCLK2Config                          0x08000aa7   Thumb Code    20  stm32f10x_rcc.o(.text)
    RCC_ITConfig                             0x08000abb   Thumb Code    26  stm32f10x_rcc.o(.text)
    RCC_USBCLKConfig                         0x08000ad5   Thumb Code     8  stm32f10x_rcc.o(.text)
    RCC_ADCCLKConfig                         0x08000add   Thumb Code    18  stm32f10x_rcc.o(.text)
    RCC_LSEConfig                            0x08000aef   Thumb Code    50  stm32f10x_rcc.o(.text)
    RCC_LSICmd                               0x08000b21   Thumb Code     6  stm32f10x_rcc.o(.text)
    RCC_RTCCLKConfig                         0x08000b27   Thumb Code    12  stm32f10x_rcc.o(.text)
    RCC_RTCCLKCmd                            0x08000b33   Thumb Code     8  stm32f10x_rcc.o(.text)
    RCC_GetClocksFreq                        0x08000b3b   Thumb Code   192  stm32f10x_rcc.o(.text)
    RCC_AHBPeriphClockCmd                    0x08000bfb   Thumb Code    26  stm32f10x_rcc.o(.text)
    RCC_APB2PeriphClockCmd                   0x08000c15   Thumb Code    26  stm32f10x_rcc.o(.text)
    RCC_APB1PeriphClockCmd                   0x08000c2f   Thumb Code    26  stm32f10x_rcc.o(.text)
    RCC_APB2PeriphResetCmd                   0x08000c49   Thumb Code    26  stm32f10x_rcc.o(.text)
    RCC_APB1PeriphResetCmd                   0x08000c63   Thumb Code    26  stm32f10x_rcc.o(.text)
    RCC_BackupResetCmd                       0x08000c7d   Thumb Code     8  stm32f10x_rcc.o(.text)
    RCC_ClockSecuritySystemCmd               0x08000c85   Thumb Code     6  stm32f10x_rcc.o(.text)
    RCC_MCOConfig                            0x08000c8b   Thumb Code     6  stm32f10x_rcc.o(.text)
    RCC_ClearFlag                            0x08000c91   Thumb Code    14  stm32f10x_rcc.o(.text)
    RCC_GetITStatus                          0x08000c9f   Thumb Code    20  stm32f10x_rcc.o(.text)
    RCC_ClearITPendingBit                    0x08000cb3   Thumb Code     6  stm32f10x_rcc.o(.text)
    USART_DeInit                             0x08000cdd   Thumb Code   134  stm32f10x_usart.o(.text)
    USART_Init                               0x08000d63   Thumb Code   210  stm32f10x_usart.o(.text)
    USART_StructInit                         0x08000e35   Thumb Code    24  stm32f10x_usart.o(.text)
    USART_ClockInit                          0x08000e4d   Thumb Code    34  stm32f10x_usart.o(.text)
    USART_ClockStructInit                    0x08000e6f   Thumb Code    12  stm32f10x_usart.o(.text)
    USART_Cmd                                0x08000e7b   Thumb Code    24  stm32f10x_usart.o(.text)
    USART_ITConfig                           0x08000e93   Thumb Code    74  stm32f10x_usart.o(.text)
    USART_DMACmd                             0x08000edd   Thumb Code    18  stm32f10x_usart.o(.text)
    USART_SetAddress                         0x08000eef   Thumb Code    18  stm32f10x_usart.o(.text)
    USART_WakeUpConfig                       0x08000f01   Thumb Code    18  stm32f10x_usart.o(.text)
    USART_ReceiverWakeUpCmd                  0x08000f13   Thumb Code    24  stm32f10x_usart.o(.text)
    USART_LINBreakDetectLengthConfig         0x08000f2b   Thumb Code    18  stm32f10x_usart.o(.text)
    USART_LINCmd                             0x08000f3d   Thumb Code    24  stm32f10x_usart.o(.text)
    USART_SendData                           0x08000f55   Thumb Code     8  stm32f10x_usart.o(.text)
    USART_ReceiveData                        0x08000f5d   Thumb Code    10  stm32f10x_usart.o(.text)
    USART_SendBreak                          0x08000f67   Thumb Code    10  stm32f10x_usart.o(.text)
    USART_SetGuardTime                       0x08000f71   Thumb Code    16  stm32f10x_usart.o(.text)
    USART_SetPrescaler                       0x08000f81   Thumb Code    16  stm32f10x_usart.o(.text)
    USART_SmartCardCmd                       0x08000f91   Thumb Code    24  stm32f10x_usart.o(.text)
    USART_SmartCardNACKCmd                   0x08000fa9   Thumb Code    24  stm32f10x_usart.o(.text)
    USART_HalfDuplexCmd                      0x08000fc1   Thumb Code    24  stm32f10x_usart.o(.text)
    USART_OverSampling8Cmd                   0x08000fd9   Thumb Code    22  stm32f10x_usart.o(.text)
    USART_OneBitMethodCmd                    0x08000fef   Thumb Code    24  stm32f10x_usart.o(.text)
    USART_IrDAConfig                         0x08001007   Thumb Code    18  stm32f10x_usart.o(.text)
    USART_IrDACmd                            0x08001019   Thumb Code    24  stm32f10x_usart.o(.text)
    USART_GetFlagStatus                      0x08001031   Thumb Code    26  stm32f10x_usart.o(.text)
    USART_ClearFlag                          0x0800104b   Thumb Code    18  stm32f10x_usart.o(.text)
    USART_GetITStatus                        0x0800105d   Thumb Code    84  stm32f10x_usart.o(.text)
    USART_ClearITPendingBit                  0x080010b1   Thumb Code    52  stm32f10x_usart.o(.text)
    TIM_DeInit                               0x080010e5   Thumb Code   424  stm32f10x_tim.o(.text)
    TIM_TimeBaseInit                         0x0800128d   Thumb Code   122  stm32f10x_tim.o(.text)
    TIM_OC1Init                              0x08001307   Thumb Code   132  stm32f10x_tim.o(.text)
    TIM_OC2Init                              0x0800138b   Thumb Code   154  stm32f10x_tim.o(.text)
    TIM_OC3Init                              0x08001425   Thumb Code   150  stm32f10x_tim.o(.text)
    TIM_OC4Init                              0x080014bb   Thumb Code   182  stm32f10x_tim.o(.text)
    TIM_SetIC4Prescaler                      0x08001571   Thumb Code    26  stm32f10x_tim.o(.text)
    TIM_SetIC3Prescaler                      0x0800160d   Thumb Code    18  stm32f10x_tim.o(.text)
    TIM_SetIC2Prescaler                      0x08001699   Thumb Code    26  stm32f10x_tim.o(.text)
    TIM_SetIC1Prescaler                      0x08001735   Thumb Code    18  stm32f10x_tim.o(.text)
    TIM_ICInit                               0x080017b3   Thumb Code   150  stm32f10x_tim.o(.text)
    TIM_PWMIConfig                           0x08001849   Thumb Code   124  stm32f10x_tim.o(.text)
    TIM_BDTRConfig                           0x080018c5   Thumb Code    32  stm32f10x_tim.o(.text)
    TIM_TimeBaseStructInit                   0x080018e5   Thumb Code    18  stm32f10x_tim.o(.text)
    TIM_OCStructInit                         0x080018f7   Thumb Code    20  stm32f10x_tim.o(.text)
    TIM_ICStructInit                         0x0800190b   Thumb Code    18  stm32f10x_tim.o(.text)
    TIM_BDTRStructInit                       0x0800191d   Thumb Code    40  stm32f10x_tim.o(.text)
    TIM_Cmd                                  0x08001945   Thumb Code    24  stm32f10x_tim.o(.text)
    TIM_CtrlPWMOutputs                       0x0800195d   Thumb Code    30  stm32f10x_tim.o(.text)
    TIM_ITConfig                             0x0800197b   Thumb Code    18  stm32f10x_tim.o(.text)
    TIM_GenerateEvent                        0x0800198d   Thumb Code     4  stm32f10x_tim.o(.text)
    TIM_DMAConfig                            0x08001991   Thumb Code    10  stm32f10x_tim.o(.text)
    TIM_DMACmd                               0x0800199b   Thumb Code    18  stm32f10x_tim.o(.text)
    TIM_InternalClockConfig                  0x080019ad   Thumb Code    12  stm32f10x_tim.o(.text)
    TIM_SelectInputTrigger                   0x080019b9   Thumb Code    18  stm32f10x_tim.o(.text)
    TIM_ITRxExternalClockConfig              0x080019cb   Thumb Code    24  stm32f10x_tim.o(.text)
    TIM_TIxExternalClockConfig               0x080019e3   Thumb Code    62  stm32f10x_tim.o(.text)
    TIM_ETRConfig                            0x08001a21   Thumb Code    28  stm32f10x_tim.o(.text)
    TIM_ETRClockMode1Config                  0x08001a3d   Thumb Code    54  stm32f10x_tim.o(.text)
    TIM_ETRClockMode2Config                  0x08001a73   Thumb Code    32  stm32f10x_tim.o(.text)
    TIM_PrescalerConfig                      0x08001a93   Thumb Code     6  stm32f10x_tim.o(.text)
    TIM_CounterModeConfig                    0x08001a99   Thumb Code    18  stm32f10x_tim.o(.text)
    TIM_EncoderInterfaceConfig               0x08001aab   Thumb Code    66  stm32f10x_tim.o(.text)
    TIM_ForcedOC1Config                      0x08001aed   Thumb Code    18  stm32f10x_tim.o(.text)
    TIM_ForcedOC2Config                      0x08001aff   Thumb Code    26  stm32f10x_tim.o(.text)
    TIM_ForcedOC3Config                      0x08001b19   Thumb Code    18  stm32f10x_tim.o(.text)
    TIM_ForcedOC4Config                      0x08001b2b   Thumb Code    26  stm32f10x_tim.o(.text)
    TIM_ARRPreloadConfig                     0x08001b45   Thumb Code    24  stm32f10x_tim.o(.text)
    TIM_SelectCOM                            0x08001b5d   Thumb Code    24  stm32f10x_tim.o(.text)
    TIM_SelectCCDMA                          0x08001b75   Thumb Code    24  stm32f10x_tim.o(.text)
    TIM_CCPreloadControl                     0x08001b8d   Thumb Code    24  stm32f10x_tim.o(.text)
    TIM_OC1PreloadConfig                     0x08001ba5   Thumb Code    18  stm32f10x_tim.o(.text)
    TIM_OC2PreloadConfig                     0x08001bb7   Thumb Code    26  stm32f10x_tim.o(.text)
    TIM_OC3PreloadConfig                     0x08001bd1   Thumb Code    18  stm32f10x_tim.o(.text)
    TIM_OC4PreloadConfig                     0x08001be3   Thumb Code    26  stm32f10x_tim.o(.text)
    TIM_OC1FastConfig                        0x08001bfd   Thumb Code    18  stm32f10x_tim.o(.text)
    TIM_OC2FastConfig                        0x08001c0f   Thumb Code    26  stm32f10x_tim.o(.text)
    TIM_OC3FastConfig                        0x08001c29   Thumb Code    18  stm32f10x_tim.o(.text)
    TIM_OC4FastConfig                        0x08001c3b   Thumb Code    26  stm32f10x_tim.o(.text)
    TIM_ClearOC1Ref                          0x08001c55   Thumb Code    18  stm32f10x_tim.o(.text)
    TIM_ClearOC2Ref                          0x08001c67   Thumb Code    24  stm32f10x_tim.o(.text)
    TIM_ClearOC3Ref                          0x08001c7f   Thumb Code    18  stm32f10x_tim.o(.text)
    TIM_ClearOC4Ref                          0x08001c91   Thumb Code    24  stm32f10x_tim.o(.text)
    TIM_OC1PolarityConfig                    0x08001ca9   Thumb Code    18  stm32f10x_tim.o(.text)
    TIM_OC1NPolarityConfig                   0x08001cbb   Thumb Code    18  stm32f10x_tim.o(.text)
    TIM_OC2PolarityConfig                    0x08001ccd   Thumb Code    26  stm32f10x_tim.o(.text)
    TIM_OC2NPolarityConfig                   0x08001ce7   Thumb Code    26  stm32f10x_tim.o(.text)
    TIM_OC3PolarityConfig                    0x08001d01   Thumb Code    26  stm32f10x_tim.o(.text)
    TIM_OC3NPolarityConfig                   0x08001d1b   Thumb Code    26  stm32f10x_tim.o(.text)
    TIM_OC4PolarityConfig                    0x08001d35   Thumb Code    26  stm32f10x_tim.o(.text)
    TIM_CCxCmd                               0x08001d4f   Thumb Code    30  stm32f10x_tim.o(.text)
    TIM_CCxNCmd                              0x08001d6d   Thumb Code    30  stm32f10x_tim.o(.text)
    TIM_SelectOCxM                           0x08001d8b   Thumb Code    82  stm32f10x_tim.o(.text)
    TIM_UpdateDisableConfig                  0x08001ddd   Thumb Code    24  stm32f10x_tim.o(.text)
    TIM_UpdateRequestConfig                  0x08001df5   Thumb Code    24  stm32f10x_tim.o(.text)
    TIM_SelectHallSensor                     0x08001e0d   Thumb Code    24  stm32f10x_tim.o(.text)
    TIM_SelectOnePulseMode                   0x08001e25   Thumb Code    18  stm32f10x_tim.o(.text)
    TIM_SelectOutputTrigger                  0x08001e37   Thumb Code    18  stm32f10x_tim.o(.text)
    TIM_SelectSlaveMode                      0x08001e49   Thumb Code    18  stm32f10x_tim.o(.text)
    TIM_SelectMasterSlaveMode                0x08001e5b   Thumb Code    18  stm32f10x_tim.o(.text)
    TIM_SetCounter                           0x08001e6d   Thumb Code     4  stm32f10x_tim.o(.text)
    TIM_SetAutoreload                        0x08001e71   Thumb Code     4  stm32f10x_tim.o(.text)
    TIM_SetCompare1                          0x08001e75   Thumb Code     4  stm32f10x_tim.o(.text)
    TIM_SetCompare2                          0x08001e79   Thumb Code     4  stm32f10x_tim.o(.text)
    TIM_SetCompare3                          0x08001e7d   Thumb Code     4  stm32f10x_tim.o(.text)
    TIM_SetCompare4                          0x08001e81   Thumb Code     6  stm32f10x_tim.o(.text)
    TIM_SetClockDivision                     0x08001e87   Thumb Code    18  stm32f10x_tim.o(.text)
    TIM_GetCapture1                          0x08001e99   Thumb Code     6  stm32f10x_tim.o(.text)
    TIM_GetCapture2                          0x08001e9f   Thumb Code     6  stm32f10x_tim.o(.text)
    TIM_GetCapture3                          0x08001ea5   Thumb Code     6  stm32f10x_tim.o(.text)
    TIM_GetCapture4                          0x08001eab   Thumb Code     8  stm32f10x_tim.o(.text)
    TIM_GetCounter                           0x08001eb3   Thumb Code     6  stm32f10x_tim.o(.text)
    TIM_GetPrescaler                         0x08001eb9   Thumb Code     6  stm32f10x_tim.o(.text)
    TIM_GetFlagStatus                        0x08001ebf   Thumb Code    18  stm32f10x_tim.o(.text)
    TIM_ClearFlag                            0x08001ed1   Thumb Code     6  stm32f10x_tim.o(.text)
    TIM_GetITStatus                          0x08001ed7   Thumb Code    34  stm32f10x_tim.o(.text)
    TIM_ClearITPendingBit                    0x08001ef9   Thumb Code     6  stm32f10x_tim.o(.text)
    SPI_I2S_DeInit                           0x08001f01   Thumb Code    76  stm32f10x_spi.o(.text)
    SPI_Init                                 0x08001f4d   Thumb Code    60  stm32f10x_spi.o(.text)
    I2S_Init                                 0x08001f89   Thumb Code   226  stm32f10x_spi.o(.text)
    SPI_StructInit                           0x0800206b   Thumb Code    24  stm32f10x_spi.o(.text)
    I2S_StructInit                           0x08002083   Thumb Code    20  stm32f10x_spi.o(.text)
    SPI_Cmd                                  0x08002097   Thumb Code    24  stm32f10x_spi.o(.text)
    I2S_Cmd                                  0x080020af   Thumb Code    24  stm32f10x_spi.o(.text)
    SPI_I2S_ITConfig                         0x080020c7   Thumb Code    32  stm32f10x_spi.o(.text)
    SPI_I2S_DMACmd                           0x080020e7   Thumb Code    18  stm32f10x_spi.o(.text)
    SPI_I2S_SendData                         0x080020f9   Thumb Code     4  stm32f10x_spi.o(.text)
    SPI_I2S_ReceiveData                      0x080020fd   Thumb Code     6  stm32f10x_spi.o(.text)
    SPI_NSSInternalSoftwareConfig            0x08002103   Thumb Code    30  stm32f10x_spi.o(.text)
    SPI_SSOutputCmd                          0x08002121   Thumb Code    24  stm32f10x_spi.o(.text)
    SPI_DataSizeConfig                       0x08002139   Thumb Code    18  stm32f10x_spi.o(.text)
    SPI_TransmitCRC                          0x0800214b   Thumb Code    10  stm32f10x_spi.o(.text)
    SPI_CalculateCRC                         0x08002155   Thumb Code    24  stm32f10x_spi.o(.text)
    SPI_GetCRC                               0x0800216d   Thumb Code    16  stm32f10x_spi.o(.text)
    SPI_GetCRCPolynomial                     0x0800217d   Thumb Code     6  stm32f10x_spi.o(.text)
    SPI_BiDirectionalLineConfig              0x08002183   Thumb Code    28  stm32f10x_spi.o(.text)
    SPI_I2S_GetFlagStatus                    0x0800219f   Thumb Code    18  stm32f10x_spi.o(.text)
    SPI_I2S_ClearFlag                        0x080021b1   Thumb Code     6  stm32f10x_spi.o(.text)
    SPI_I2S_GetITStatus                      0x080021b7   Thumb Code    52  stm32f10x_spi.o(.text)
    SPI_I2S_ClearITPendingBit                0x080021eb   Thumb Code    20  stm32f10x_spi.o(.text)
    GPIO_DeInit                              0x0800220d   Thumb Code   172  stm32f10x_gpio.o(.text)
    GPIO_AFIODeInit                          0x080022b9   Thumb Code    20  stm32f10x_gpio.o(.text)
    GPIO_Init                                0x080022cd   Thumb Code   278  stm32f10x_gpio.o(.text)
    GPIO_StructInit                          0x080023e3   Thumb Code    16  stm32f10x_gpio.o(.text)
    GPIO_ReadInputDataBit                    0x080023f3   Thumb Code    18  stm32f10x_gpio.o(.text)
    GPIO_ReadInputData                       0x08002405   Thumb Code     8  stm32f10x_gpio.o(.text)
    GPIO_ReadOutputDataBit                   0x0800240d   Thumb Code    18  stm32f10x_gpio.o(.text)
    GPIO_ReadOutputData                      0x0800241f   Thumb Code     8  stm32f10x_gpio.o(.text)
    GPIO_SetBits                             0x08002427   Thumb Code     4  stm32f10x_gpio.o(.text)
    GPIO_ResetBits                           0x0800242b   Thumb Code     4  stm32f10x_gpio.o(.text)
    GPIO_WriteBit                            0x0800242f   Thumb Code    10  stm32f10x_gpio.o(.text)
    GPIO_Write                               0x08002439   Thumb Code     4  stm32f10x_gpio.o(.text)
    GPIO_PinLockConfig                       0x0800243d   Thumb Code    18  stm32f10x_gpio.o(.text)
    GPIO_EventOutputConfig                   0x0800244f   Thumb Code    26  stm32f10x_gpio.o(.text)
    GPIO_EventOutputCmd                      0x08002469   Thumb Code     6  stm32f10x_gpio.o(.text)
    GPIO_PinRemapConfig                      0x0800246f   Thumb Code   138  stm32f10x_gpio.o(.text)
    GPIO_EXTILineConfig                      0x080024f9   Thumb Code    66  stm32f10x_gpio.o(.text)
    GPIO_ETH_MediaInterfaceConfig            0x0800253b   Thumb Code     8  stm32f10x_gpio.o(.text)
    ADC_DeInit                               0x08002569   Thumb Code    78  stm32f10x_adc.o(.text)
    ADC_Init                                 0x080025b7   Thumb Code    70  stm32f10x_adc.o(.text)
    ADC_StructInit                           0x080025fd   Thumb Code    18  stm32f10x_adc.o(.text)
    ADC_Cmd                                  0x0800260f   Thumb Code    22  stm32f10x_adc.o(.text)
    ADC_DMACmd                               0x08002625   Thumb Code    22  stm32f10x_adc.o(.text)
    ADC_ITConfig                             0x0800263b   Thumb Code    24  stm32f10x_adc.o(.text)
    ADC_ResetCalibration                     0x08002653   Thumb Code    10  stm32f10x_adc.o(.text)
    ADC_GetResetCalibrationStatus            0x0800265d   Thumb Code    20  stm32f10x_adc.o(.text)
    ADC_StartCalibration                     0x08002671   Thumb Code    10  stm32f10x_adc.o(.text)
    ADC_GetCalibrationStatus                 0x0800267b   Thumb Code    20  stm32f10x_adc.o(.text)
    ADC_SoftwareStartConvCmd                 0x0800268f   Thumb Code    22  stm32f10x_adc.o(.text)
    ADC_GetSoftwareStartConvStatus           0x080026a5   Thumb Code    20  stm32f10x_adc.o(.text)
    ADC_DiscModeChannelCountConfig           0x080026b9   Thumb Code    24  stm32f10x_adc.o(.text)
    ADC_DiscModeCmd                          0x080026d1   Thumb Code    22  stm32f10x_adc.o(.text)
    ADC_RegularChannelConfig                 0x080026e7   Thumb Code   184  stm32f10x_adc.o(.text)
    ADC_ExternalTrigConvCmd                  0x0800279f   Thumb Code    22  stm32f10x_adc.o(.text)
    ADC_GetConversionValue                   0x080027b5   Thumb Code     8  stm32f10x_adc.o(.text)
    ADC_GetDualModeConversionValue           0x080027bd   Thumb Code     8  stm32f10x_adc.o(.text)
    ADC_AutoInjectedConvCmd                  0x080027c5   Thumb Code    22  stm32f10x_adc.o(.text)
    ADC_InjectedDiscModeCmd                  0x080027db   Thumb Code    22  stm32f10x_adc.o(.text)
    ADC_ExternalTrigInjectedConvConfig       0x080027f1   Thumb Code    16  stm32f10x_adc.o(.text)
    ADC_ExternalTrigInjectedConvCmd          0x08002801   Thumb Code    22  stm32f10x_adc.o(.text)
    ADC_SoftwareStartInjectedConvCmd         0x08002817   Thumb Code    22  stm32f10x_adc.o(.text)
    ADC_GetSoftwareStartInjectedConvCmdStatus 0x0800282d   Thumb Code    20  stm32f10x_adc.o(.text)
    ADC_InjectedChannelConfig                0x08002841   Thumb Code   130  stm32f10x_adc.o(.text)
    ADC_InjectedSequencerLengthConfig        0x080028c3   Thumb Code    24  stm32f10x_adc.o(.text)
    ADC_SetInjectedOffset                    0x080028db   Thumb Code    20  stm32f10x_adc.o(.text)
    ADC_GetInjectedConversionValue           0x080028ef   Thumb Code    28  stm32f10x_adc.o(.text)
    ADC_AnalogWatchdogCmd                    0x0800290b   Thumb Code    16  stm32f10x_adc.o(.text)
    ADC_AnalogWatchdogThresholdsConfig       0x0800291b   Thumb Code     6  stm32f10x_adc.o(.text)
    ADC_AnalogWatchdogSingleChannelConfig    0x08002921   Thumb Code    16  stm32f10x_adc.o(.text)
    ADC_TempSensorVrefintCmd                 0x08002931   Thumb Code    64  stm32f10x_adc.o(.text)
    ADC_GetFlagStatus                        0x08002971   Thumb Code    18  stm32f10x_adc.o(.text)
    ADC_ClearFlag                            0x08002983   Thumb Code     6  stm32f10x_adc.o(.text)
    ADC_GetITStatus                          0x08002989   Thumb Code    36  stm32f10x_adc.o(.text)
    ADC_ClearITPendingBit                    0x080029ad   Thumb Code    10  stm32f10x_adc.o(.text)
    RTC_ITConfig                             0x080029b9   Thumb Code    26  stm32f10x_rtc.o(.text)
    RTC_EnterConfigMode                      0x080029d3   Thumb Code    18  stm32f10x_rtc.o(.text)
    RTC_ExitConfigMode                       0x080029e5   Thumb Code    20  stm32f10x_rtc.o(.text)
    RTC_GetCounter                           0x080029f9   Thumb Code    18  stm32f10x_rtc.o(.text)
    RTC_SetCounter                           0x08002a0b   Thumb Code    26  stm32f10x_rtc.o(.text)
    RTC_SetPrescaler                         0x08002a25   Thumb Code    28  stm32f10x_rtc.o(.text)
    RTC_SetAlarm                             0x08002a41   Thumb Code    26  stm32f10x_rtc.o(.text)
    RTC_GetDivider                           0x08002a5b   Thumb Code    22  stm32f10x_rtc.o(.text)
    RTC_WaitForLastTask                      0x08002a71   Thumb Code    18  stm32f10x_rtc.o(.text)
    RTC_WaitForSynchro                       0x08002a83   Thumb Code    36  stm32f10x_rtc.o(.text)
    RTC_GetFlagStatus                        0x08002aa7   Thumb Code    22  stm32f10x_rtc.o(.text)
    RTC_ClearFlag                            0x08002abd   Thumb Code    16  stm32f10x_rtc.o(.text)
    RTC_GetITStatus                          0x08002acd   Thumb Code    32  stm32f10x_rtc.o(.text)
    RTC_ClearITPendingBit                    0x08002aed   Thumb Code    16  stm32f10x_rtc.o(.text)
    PWR_DeInit                               0x08002b01   Thumb Code    22  stm32f10x_pwr.o(.text)
    PWR_BackupAccessCmd                      0x08002b17   Thumb Code     6  stm32f10x_pwr.o(.text)
    PWR_PVDCmd                               0x08002b1d   Thumb Code     6  stm32f10x_pwr.o(.text)
    PWR_PVDLevelConfig                       0x08002b23   Thumb Code    18  stm32f10x_pwr.o(.text)
    PWR_WakeUpPinCmd                         0x08002b35   Thumb Code     8  stm32f10x_pwr.o(.text)
    PWR_EnterSTOPMode                        0x08002b3d   Thumb Code    54  stm32f10x_pwr.o(.text)
    PWR_EnterSTANDBYMode                     0x08002b73   Thumb Code    42  stm32f10x_pwr.o(.text)
    PWR_GetFlagStatus                        0x08002b9d   Thumb Code    20  stm32f10x_pwr.o(.text)
    PWR_ClearFlag                            0x08002bb1   Thumb Code    14  stm32f10x_pwr.o(.text)
    BKP_DeInit                               0x08002bcd   Thumb Code    16  stm32f10x_bkp.o(.text)
    BKP_TamperPinLevelConfig                 0x08002bdd   Thumb Code     6  stm32f10x_bkp.o(.text)
    BKP_TamperPinCmd                         0x08002be3   Thumb Code     8  stm32f10x_bkp.o(.text)
    BKP_ITConfig                             0x08002beb   Thumb Code     8  stm32f10x_bkp.o(.text)
    BKP_RTCOutputConfig                      0x08002bf3   Thumb Code    22  stm32f10x_bkp.o(.text)
    BKP_SetRTCCalibrationValue               0x08002c09   Thumb Code    22  stm32f10x_bkp.o(.text)
    BKP_WriteBackupRegister                  0x08002c1f   Thumb Code    24  stm32f10x_bkp.o(.text)
    BKP_ReadBackupRegister                   0x08002c37   Thumb Code    26  stm32f10x_bkp.o(.text)
    BKP_GetFlagStatus                        0x08002c51   Thumb Code    10  stm32f10x_bkp.o(.text)
    BKP_ClearFlag                            0x08002c5b   Thumb Code    18  stm32f10x_bkp.o(.text)
    BKP_GetITStatus                          0x08002c6d   Thumb Code    10  stm32f10x_bkp.o(.text)
    BKP_ClearITPendingBit                    0x08002c77   Thumb Code    18  stm32f10x_bkp.o(.text)
    MB_OS_Init                               0x08002c95   Thumb Code    12  mb_app.o(.text)
    MB_OS_Exit                               0x08002ca5   Thumb Code    12  mb_app.o(.text)
    MB_OS_RxSignal                           0x08002cb1   Thumb Code    28  mb_app.o(.text)
    MB_OS_RxTask                             0x08002ccd   Thumb Code    46  mb_app.o(.text)
    MB_CommRxIntDis                          0x08002d05   Thumb Code    68  mb_bsp.o(.text)
    MB_CommTxIntDis                          0x08002d49   Thumb Code    68  mb_bsp.o(.text)
    MB_CommExit                              0x08002d8d   Thumb Code    34  mb_bsp.o(.text)
    MB_CommPortCfg                           0x08002daf   Thumb Code   502  mb_bsp.o(.text)
    MB_CommRxTxISR_1_Handler                 0x08002fa5   Thumb Code   110  mb_bsp.o(.text)
    MB_CommRxTxISR_2_Handler                 0x08003013   Thumb Code   110  mb_bsp.o(.text)
    MB_CommRxTxISR_3_Handler                 0x08003081   Thumb Code   110  mb_bsp.o(.text)
    USART1_IRQHandler                        0x080030ef   Thumb Code     8  mb_bsp.o(.text)
    USART2_IRQHandler                        0x080030f7   Thumb Code    38  mb_bsp.o(.text)
    USART3_IRQHandler                        0x0800311d   Thumb Code     8  mb_bsp.o(.text)
    MB_CommTx1                               0x08003125   Thumb Code    86  mb_bsp.o(.text)
    MB_CommTxIntEn                           0x0800317b   Thumb Code    68  mb_bsp.o(.text)
    MB_CommRxIntEn                           0x080031bf   Thumb Code    68  mb_bsp.o(.text)
    MB_RTU_TmrInit                           0x08003203   Thumb Code   118  mb_bsp.o(.text)
    MB_RTU_TmrExit                           0x08003279   Thumb Code    38  mb_bsp.o(.text)
    MB_RTU_TmrISR_Handler                    0x0800329f   Thumb Code    18  mb_bsp.o(.text)
    TIM4_IRQHandler                          0x080032b1   Thumb Code    26  mb_bsp.o(.text)
    MB_CoilRd                                0x080032ed   Thumb Code    12  mb_data.o(.text)
    MB_CoilWr                                0x080032f9   Thumb Code     8  mb_data.o(.text)
    MB_DIRd                                  0x08003301   Thumb Code    12  mb_data.o(.text)
    MB_InRegRd                               0x0800330d   Thumb Code    36  mb_data.o(.text)
    MB_InRegRdFP                             0x08003331   Thumb Code    12  mb_data.o(.text)
    MB_HoldingRegRd                          0x0800333d   Thumb Code    36  mb_data.o(.text)
    MB_HoldingRegRdFP                        0x08003361   Thumb Code    12  mb_data.o(.text)
    MB_HoldingRegWr                          0x0800336d   Thumb Code   290  mb_data.o(.text)
    MB_HoldingRegWrFP                        0x0800348f   Thumb Code     8  mb_data.o(.text)
    MB_FileRd                                0x08003497   Thumb Code    12  mb_data.o(.text)
    MB_FileWr                                0x080034a3   Thumb Code    12  mb_data.o(.text)
    MB_Init                                  0x080034b9   Thumb Code    84  mb.o(.text)
    MB_Exit                                  0x0800350d   Thumb Code    12  mb.o(.text)
    MB_ChToPortMap                           0x08003519   Thumb Code     6  mb.o(.text)
    MB_WrEnSet                               0x0800351f   Thumb Code     6  mb.o(.text)
    MB_ModeSet                               0x08003525   Thumb Code    52  mb.o(.text)
    MB_NodeAddrSet                           0x08003559   Thumb Code     6  mb.o(.text)
    MB_MasterTimeoutSet                      0x0800355f   Thumb Code     6  mb.o(.text)
    MB_CfgCh                                 0x08003565   Thumb Code   162  mb.o(.text)
    MB_RTU_TmrReset                          0x08003607   Thumb Code     6  mb.o(.text)
    MB_RTU_RxByte                            0x0800360d   Thumb Code    48  mb.o(.text)
    MB_ASCII_RxByte                          0x0800363d   Thumb Code    94  mb.o(.text)
    MB_RxByte                                0x0800369b   Thumb Code    42  mb.o(.text)
    MB_RxTask                                0x080036c5   Thumb Code    18  mb.o(.text)
    MB_TxByte                                0x080036d7   Thumb Code    84  mb.o(.text)
    MB_Tx                                    0x0800372b   Thumb Code    32  mb.o(.text)
    MB_ASCII_Rx                              0x0800374b   Thumb Code   124  mb.o(.text)
    MB_ASCII_Tx                              0x080037c7   Thumb Code   136  mb.o(.text)
    MB_RTU_Rx                                0x0800384f   Thumb Code   122  mb.o(.text)
    MB_RTU_Tx                                0x080038c9   Thumb Code    92  mb.o(.text)
    MB_RTU_TmrResetAll                       0x08003925   Thumb Code    32  mb.o(.text)
    MB_RTU_TmrUpdate                         0x08003945   Thumb Code    70  mb.o(.text)
    MB_ASCII_BinToHex                        0x08003991   Thumb Code    56  mb_util.o(.text)
    MB_ASCII_HexToBin                        0x080039c9   Thumb Code    82  mb_util.o(.text)
    MB_ASCII_RxCalcLRC                       0x08003a1b   Thumb Code    56  mb_util.o(.text)
    MB_ASCII_TxCalcLRC                       0x08003a53   Thumb Code    64  mb_util.o(.text)
    MB_RTU_RxCalcCRC                         0x08003a93   Thumb Code    68  mb_util.o(.text)
    MB_RTU_TxCalcCRC                         0x08003ad7   Thumb Code    64  mb_util.o(.text)
    MBS_StatInit                             0x08004233   Thumb Code    14  mbs_core.o(.text)
    MBS_FCxx_Handler                         0x080049f3   Thumb Code   298  mbs_core.o(.text)
    MBS_RxTask                               0x08004bed   Thumb Code    30  mbs_core.o(.text)
    rt_system_tick_init                      0x08004c0d   Thumb Code     2  clock.o(.text)
    rt_tick_get                              0x08004c0f   Thumb Code     6  clock.o(.text)
    rt_tick_set                              0x08004c15   Thumb Code    22  clock.o(.text)
    rt_tick_increase                         0x08004c2b   Thumb Code    42  clock.o(.text)
    rt_tick_from_millisecond                 0x08004c55   Thumb Code    56  clock.o(.text)
    rt_components_board_init                 0x08004ca1   Thumb Code    20  components.o(.text)
    rt_components_init                       0x08004cb5   Thumb Code    20  components.o(.text)
    main_thread_entry                        0x08004cc9   Thumb Code    14  components.o(.text)
    rt_application_init                      0x08004cd7   Thumb Code    44  components.o(.text)
    rtthread_startup                         0x08004d03   Thumb Code    42  components.o(.text)
    main                                     0x08004d2d   Thumb Code    10  components.o(.text)
    rt_thread_idle_excute                    0x08004d55   Thumb Code   122  idle.o(.text)
    rt_thread_idle_init                      0x08004dd7   Thumb Code    38  idle.o(.text)
    rt_thread_idle_gethandler                0x08004dfd   Thumb Code     4  idle.o(.text)
    rt_interrupt_enter                       0x08004e29   Thumb Code    26  irq.o(.text)
    rt_interrupt_leave                       0x08004e43   Thumb Code    26  irq.o(.text)
    rt_interrupt_get_nest                    0x08004e5d   Thumb Code     6  irq.o(.text)
    rt_get_errno                             0x08004e69   Thumb Code    32  kservice.o(.text)
    rt_set_errno                             0x08004e89   Thumb Code    36  kservice.o(.text)
    _rt_errno                                0x08004ead   Thumb Code    30  kservice.o(.text)
    rt_memset                                0x08004ecb   Thumb Code    72  kservice.o(.text)
    rt_memcpy                                0x08004f13   Thumb Code   124  kservice.o(.text)
    rt_memmove                               0x08004f8f   Thumb Code    66  kservice.o(.text)
    rt_memcmp                                0x08004fd1   Thumb Code    38  kservice.o(.text)
    rt_strlen                                0x08004ff7   Thumb Code    18  kservice.o(.text)
    rt_strstr                                0x08005009   Thumb Code    58  kservice.o(.text)
    rt_strcasecmp                            0x08005043   Thumb Code    48  kservice.o(.text)
    rt_strncpy                               0x08005073   Thumb Code    52  kservice.o(.text)
    rt_strncmp                               0x080050a7   Thumb Code    40  kservice.o(.text)
    rt_strcmp                                0x080050cf   Thumb Code    28  kservice.o(.text)
    rt_strnlen                               0x080050eb   Thumb Code    24  kservice.o(.text)
    rt_hw_console_output                     0x08005103   Thumb Code     2  kservice.o(.text)
    rt_vsnprintf                             0x080052c9   Thumb Code   808  kservice.o(.text)
    rt_kprintf                               0x080055f1   Thumb Code    44  kservice.o(.text)
    rt_show_version                          0x0800561d   Thumb Code    38  kservice.o(.text)
    rt_snprintf                              0x08005643   Thumb Code    38  kservice.o(.text)
    rt_vsprintf                              0x08005669   Thumb Code    22  kservice.o(.text)
    rt_sprintf                               0x0800567f   Thumb Code    34  kservice.o(.text)
    rt_kputs                                 0x080056a1   Thumb Code    18  kservice.o(.text)
    __rt_ffs                                 0x080056b3   Thumb Code    70  kservice.o(.text)
    rt_system_object_init                    0x08005791   Thumb Code     2  object.o(.text)
    rt_object_get_information                0x08005793   Thumb Code    36  object.o(.text)
    rt_object_init                           0x080057b7   Thumb Code    96  object.o(.text)
    rt_object_detach                         0x08005817   Thumb Code    44  object.o(.text)
    rt_object_is_systemobject                0x08005843   Thumb Code    18  object.o(.text)
    rt_object_get_type                       0x08005855   Thumb Code    10  object.o(.text)
    rt_object_find                           0x0800585f   Thumb Code    86  object.o(.text)
    rt_system_scheduler_init                 0x080058b9   Thumb Code    52  scheduler.o(.text)
    rt_system_scheduler_start                0x080058ed   Thumb Code    36  scheduler.o(.text)
    rt_schedule                              0x08005911   Thumb Code   106  scheduler.o(.text)
    rt_schedule_insert_thread                0x0800597b   Thumb Code    72  scheduler.o(.text)
    rt_schedule_remove_thread                0x080059c3   Thumb Code    76  scheduler.o(.text)
    rt_enter_critical                        0x08005a0f   Thumb Code    28  scheduler.o(.text)
    rt_exit_critical                         0x08005a2b   Thumb Code    60  scheduler.o(.text)
    rt_critical_level                        0x08005a67   Thumb Code     8  scheduler.o(.text)
    rt_thread_exit                           0x08005ab1   Thumb Code    76  thread.o(.text)
    rt_thread_timeout                        0x08005afd   Thumb Code    32  thread.o(.text)
    rt_thread_init                           0x08005b9d   Thumb Code    52  thread.o(.text)
    rt_thread_self                           0x08005bd1   Thumb Code     6  thread.o(.text)
    rt_thread_resume                         0x08005bd7   Thumb Code    60  thread.o(.text)
    rt_thread_startup                        0x08005c13   Thumb Code    44  thread.o(.text)
    rt_thread_detach                         0x08005c3f   Thumb Code    82  thread.o(.text)
    rt_thread_yield                          0x08005c91   Thumb Code    92  thread.o(.text)
    rt_thread_suspend                        0x08005ced   Thumb Code    68  thread.o(.text)
    rt_thread_sleep                          0x08005d31   Thumb Code    62  thread.o(.text)
    rt_thread_delay                          0x08005d6f   Thumb Code    12  thread.o(.text)
    rt_thread_mdelay                         0x08005d7b   Thumb Code    20  thread.o(.text)
    rt_thread_control                        0x08005d8f   Thumb Code   106  thread.o(.text)
    rt_thread_find                           0x08005df9   Thumb Code    82  thread.o(.text)
    rt_timer_init                            0x08005ef3   Thumb Code    46  timer.o(.text)
    rt_timer_detach                          0x08005f21   Thumb Code    32  timer.o(.text)
    rt_timer_start                           0x08005f41   Thumb Code   238  timer.o(.text)
    rt_timer_stop                            0x0800602f   Thumb Code    48  timer.o(.text)
    rt_timer_control                         0x0800605f   Thumb Code    56  timer.o(.text)
    rt_timer_check                           0x08006097   Thumb Code   118  timer.o(.text)
    rt_timer_next_timeout_tick               0x0800610d   Thumb Code    10  timer.o(.text)
    rt_system_timer_init                     0x08006117   Thumb Code    24  timer.o(.text)
    rt_system_timer_thread_init              0x0800612f   Thumb Code     2  timer.o(.text)
    rt_hw_stack_init                         0x08006151   Thumb Code    70  cpuport.o(.text)
    rt_hw_exception_install                  0x08006197   Thumb Code     6  cpuport.o(.text)
    rt_hw_hard_fault_exception               0x0800619d   Thumb Code   190  cpuport.o(.text)
    rt_hw_cpu_shutdown                       0x0800625b   Thumb Code    10  cpuport.o(.text)
    rt_hw_cpu_reset                          0x08006265   Thumb Code     8  cpuport.o(.text)
    rt_hw_interrupt_disable                  0x080063c9   Thumb Code     8  context_rvds.o(.text)
    rt_hw_interrupt_enable                   0x080063d1   Thumb Code     6  context_rvds.o(.text)
    rt_hw_context_switch                     0x080063d7   Thumb Code    32  context_rvds.o(.text)
    rt_hw_context_switch_interrupt           0x080063d7   Thumb Code     0  context_rvds.o(.text)
    PendSV_Handler                           0x080063f7   Thumb Code    60  context_rvds.o(.text)
    rt_hw_context_switch_to                  0x08006433   Thumb Code    58  context_rvds.o(.text)
    rt_hw_interrupt_thread_switch            0x0800646d   Thumb Code     2  context_rvds.o(.text)
    HardFault_Handler                        0x0800646f   Thumb Code    52  context_rvds.o(.text)
    EEProm_Init                              0x080064bd   Thumb Code     8  at24cxx.o(.text)
    Check_User_Backup                        0x080064c5   Thumb Code   190  at24cxx.o(.text)
    Check_Software_Ver                       0x08006583   Thumb Code   140  at24cxx.o(.text)
    Rd_Dev_Param                             0x0800660f   Thumb Code  1720  at24cxx.o(.text)
    SDA_OUT                                  0x08006d05   Thumb Code    38  softwareiic.o(.text)
    SDA_IN                                   0x08006d2b   Thumb Code    38  softwareiic.o(.text)
    Delay_Ms                                 0x08006d51   Thumb Code    18  softwareiic.o(.text)
    Delay_Us                                 0x08006d63   Thumb Code    14  softwareiic.o(.text)
    IIC_Init                                 0x08006d71   Thumb Code    54  softwareiic.o(.text)
    IIC_Start                                0x08006da7   Thumb Code    72  softwareiic.o(.text)
    IIC_Stop                                 0x08006def   Thumb Code    52  softwareiic.o(.text)
    IIC_Wait_Ack                             0x08006e23   Thumb Code    78  softwareiic.o(.text)
    IIC_Ack                                  0x08006e71   Thumb Code    52  softwareiic.o(.text)
    IIC_NAck                                 0x08006ea5   Thumb Code    52  softwareiic.o(.text)
    IIC_Send_Byte                            0x08006ed9   Thumb Code    78  softwareiic.o(.text)
    IIC_Read_Byte                            0x08006f27   Thumb Code    84  softwareiic.o(.text)
    I2C1_ReadByte                            0x08006f7b   Thumb Code    92  softwareiic.o(.text)
    I2C1_WriteByte                           0x08006fd7   Thumb Code    84  softwareiic.o(.text)
    I2C1_ReadNBytes                          0x0800702b   Thumb Code    42  softwareiic.o(.text)
    I2C1_Read2Bytes                          0x08007055   Thumb Code    60  softwareiic.o(.text)
    I2C1_WriteNBytes                         0x08007091   Thumb Code    54  softwareiic.o(.text)
    I2C1_WNBytesMul3T                        0x080070c7   Thumb Code    94  softwareiic.o(.text)
    SPI_Flash_ReadID                         0x08007125   Thumb Code    64  flash.o(.text)
    SPI_Flash_Init                           0x08007165   Thumb Code    68  flash.o(.text)
    SPI_Flash_ReadSR                         0x080071a9   Thumb Code    36  flash.o(.text)
    SPI_FLASH_Write_SR                       0x080071cd   Thumb Code    32  flash.o(.text)
    SPI_FLASH_Write_Enable                   0x080071ed   Thumb Code    24  flash.o(.text)
    SPI_FLASH_Write_Disable                  0x08007205   Thumb Code    24  flash.o(.text)
    SPI_Flash_Read                           0x0800721d   Thumb Code    74  flash.o(.text)
    SPI_Flash_Wait_Busy                      0x08007267   Thumb Code    18  flash.o(.text)
    SPI_Flash_Write_Page                     0x08007279   Thumb Code    80  flash.o(.text)
    SPI_Flash_Write_NoCheck                  0x080072c9   Thumb Code    70  flash.o(.text)
    SPI_Flash_Erase_Sector                   0x0800730f   Thumb Code    62  flash.o(.text)
    SPI_Flash_Write                          0x0800734d   Thumb Code   176  flash.o(.text)
    SPI_Flash_Erase_Chip                     0x080073fd   Thumb Code    36  flash.o(.text)
    SPI_Flash_PowerDown                      0x08007421   Thumb Code    28  flash.o(.text)
    SPI_Flash_WAKEUP                         0x0800743d   Thumb Code    28  flash.o(.text)
    SPI1_ReadWriteByte                       0x0800746d   Thumb Code    78  spi.o(.text)
    SPI1_Init                                0x080074bb   Thumb Code   118  spi.o(.text)
    SPI1_SetSpeed                            0x08007531   Thumb Code    26  spi.o(.text)
    RTC_Get_Week                             0x08007579   Thumb Code   116  rtc.o(.text)
    Is_Leap_Year                             0x080075ed   Thumb Code    58  rtc.o(.text)
    RTC_Get                                  0x08007627   Thumb Code   240  rtc.o(.text)
    RTC_Set                                  0x08007717   Thumb Code   188  rtc.o(.text)
    RTC_Init                                 0x080077d3   Thumb Code   190  rtc.o(.text)
    RTC_IRQHandler                           0x08007891   Thumb Code    40  rtc.o(.text)
    SortArrayExtreme                         0x080078d5   Thumb Code   126  algorithm.o(.text)
    GetAverage                               0x08007953   Thumb Code    44  algorithm.o(.text)
    GetDelExtremeAndAverage                  0x0800797f   Thumb Code    36  algorithm.o(.text)
    HexArrayToHex                            0x080079a3   Thumb Code    24  algorithm.o(.text)
    HexToFloat                               0x080079bb   Thumb Code    26  algorithm.o(.text)
    HexToUlong                               0x080079d5   Thumb Code    24  algorithm.o(.text)
    floatToHexArray                          0x080079ed   Thumb Code    30  algorithm.o(.text)
    UshortToArray                            0x08007a0b   Thumb Code    18  algorithm.o(.text)
    ArrayToUshort                            0x08007a1d   Thumb Code    26  algorithm.o(.text)
    Analog_Init                              0x08007adf   Thumb Code     8  analog.o(.text)
    AD_CalWeight                             0x08007ae7   Thumb Code   760  analog.o(.text)
    HandleADValue                            0x08007ddf   Thumb Code   142  analog.o(.text)
    App_FifoData                             0x08007e6d   Thumb Code    56  analog.o(.text)
    Get_Unit_Weight                          0x08007ea5   Thumb Code   102  analog.o(.text)
    Get_filter                               0x08007f0b   Thumb Code   492  analog.o(.text)
    App_ADC_Task                             0x080080f7   Thumb Code   198  analog.o(.text)
    iic_sda_mode                             0x08008219   Thumb Code    32  adxl345.o(.text)
    ADXL345_IIC_Init                         0x08008239   Thumb Code    60  adxl345.o(.text)
    Delay5us                                 0x08008275   Thumb Code    16  adxl345.o(.text)
    Delay5ms                                 0x08008285   Thumb Code    16  adxl345.o(.text)
    iic_start                                0x08008295   Thumb Code    58  adxl345.o(.text)
    iic_stop                                 0x080082cf   Thumb Code    58  adxl345.o(.text)
    iic_wait_ack                             0x08008309   Thumb Code    64  adxl345.o(.text)
    iic_ack                                  0x08008349   Thumb Code    78  adxl345.o(.text)
    iic_send_byte                            0x08008397   Thumb Code   108  adxl345.o(.text)
    iic_read_byte                            0x08008403   Thumb Code    80  adxl345.o(.text)
    Single_Write_ADXL345                     0x08008453   Thumb Code    34  adxl345.o(.text)
    Single_Read_ADXL345                      0x08008475   Thumb Code    50  adxl345.o(.text)
    Multiple_read_ADXL345                    0x080084a7   Thumb Code    76  adxl345.o(.text)
    Multiple_read1_ADXL345                   0x080084f3   Thumb Code   328  adxl345.o(.text)
    Init_ADXL345                             0x0800863b   Thumb Code    60  adxl345.o(.text)
    __2sprintf                               0x08008679   Thumb Code    38  __2sprintf.o(.text)
    __printf                                 0x080086a5   Thumb Code   104  __printf.o(.text)
    _printf_str                              0x0800870d   Thumb Code    82  _printf_str.o(.text)
    _printf_int_dec                          0x08008761   Thumb Code   104  _printf_dec.o(.text)
    memcmp                                   0x080087d9   Thumb Code    88  memcmp.o(.text)
    __aeabi_memclr4                          0x08008831   Thumb Code     0  rt_memclr_w.o(.text)
    __aeabi_memclr8                          0x08008831   Thumb Code     0  rt_memclr_w.o(.text)
    __rt_memclr_w                            0x08008831   Thumb Code    78  rt_memclr_w.o(.text)
    _memset_w                                0x08008835   Thumb Code     0  rt_memclr_w.o(.text)
    __use_two_region_memory                  0x0800887f   Thumb Code     2  heapauxi.o(.text)
    __rt_heap_escrow$2region                 0x08008881   Thumb Code     2  heapauxi.o(.text)
    __rt_heap_expand$2region                 0x08008883   Thumb Code     2  heapauxi.o(.text)
    _printf_int_common                       0x08008885   Thumb Code   178  _printf_intcommon.o(.text)
    _printf_char_common                      0x08008943   Thumb Code    32  _printf_char_common.o(.text)
    _sputc                                   0x08008969   Thumb Code    10  _sputc.o(.text)
    _printf_cs_common                        0x08008973   Thumb Code    20  _printf_char.o(.text)
    _printf_char                             0x08008987   Thumb Code    16  _printf_char.o(.text)
    _printf_string                           0x08008997   Thumb Code     8  _printf_char.o(.text)
    __user_setup_stackheap                   0x0800899f   Thumb Code    74  sys_stackheap_outer.o(.text)
    exit                                     0x080089e9   Thumb Code    18  exit.o(.text)
    __user_libspace                          0x080089fd   Thumb Code     8  libspace.o(.text)
    __user_perproc_libspace                  0x080089fd   Thumb Code     0  libspace.o(.text)
    __user_perthread_libspace                0x080089fd   Thumb Code     0  libspace.o(.text)
    _sys_exit                                0x08008a05   Thumb Code     8  sys_exit.o(.text)
    __I$use$semihosting                      0x08008a11   Thumb Code     0  use_no_semi.o(.text)
    __use_no_semihosting_swi                 0x08008a11   Thumb Code     2  use_no_semi.o(.text)
    __semihosting_library_function           0x08008a13   Thumb Code     0  indicate_semi.o(.text)
    __aeabi_d2f                              0x08008a15   Thumb Code     0  d2f.o(x$fpl$d2f)
    _d2f                                     0x08008a15   Thumb Code    98  d2f.o(x$fpl$d2f)
    __aeabi_ddiv                             0x08008a79   Thumb Code     0  ddiv.o(x$fpl$ddiv)
    _ddiv                                    0x08008a79   Thumb Code   552  ddiv.o(x$fpl$ddiv)
    __aeabi_d2uiz                            0x08008d29   Thumb Code     0  dfixu.o(x$fpl$dfixu)
    _dfixu                                   0x08008d29   Thumb Code    90  dfixu.o(x$fpl$dfixu)
    __aeabi_ui2d                             0x08008d83   Thumb Code     0  dflt_clz.o(x$fpl$dfltu)
    _dfltu                                   0x08008d83   Thumb Code    38  dflt_clz.o(x$fpl$dfltu)
    __aeabi_dmul                             0x08008da9   Thumb Code     0  dmul.o(x$fpl$dmul)
    _dmul                                    0x08008da9   Thumb Code   332  dmul.o(x$fpl$dmul)
    __fpl_dnaninf                            0x08008efd   Thumb Code   156  dnaninf.o(x$fpl$dnaninf)
    __fpl_dretinf                            0x08008f99   Thumb Code    12  dretinf.o(x$fpl$dretinf)
    __aeabi_f2d                              0x08008fa5   Thumb Code     0  f2d.o(x$fpl$f2d)
    _f2d                                     0x08008fa5   Thumb Code    86  f2d.o(x$fpl$f2d)
    __aeabi_fadd                             0x08008ffd   Thumb Code     0  faddsub_clz.o(x$fpl$fadd)
    _fadd                                    0x08008ffd   Thumb Code   196  faddsub_clz.o(x$fpl$fadd)
    __aeabi_fdiv                             0x080090c1   Thumb Code     0  fdiv.o(x$fpl$fdiv)
    _fdiv                                    0x080090c1   Thumb Code   384  fdiv.o(x$fpl$fdiv)
    __aeabi_f2uiz                            0x08009245   Thumb Code     0  ffixu.o(x$fpl$ffixu)
    _ffixu                                   0x08009245   Thumb Code    62  ffixu.o(x$fpl$ffixu)
    __aeabi_ui2f                             0x08009285   Thumb Code     0  fflt_clz.o(x$fpl$ffltu)
    _ffltu                                   0x08009285   Thumb Code    38  fflt_clz.o(x$fpl$ffltu)
    __aeabi_fmul                             0x080092ad   Thumb Code     0  fmul.o(x$fpl$fmul)
    _fmul                                    0x080092ad   Thumb Code   258  fmul.o(x$fpl$fmul)
    __fpl_fnaninf                            0x080093af   Thumb Code   140  fnaninf.o(x$fpl$fnaninf)
    __fpl_fretinf                            0x0800943b   Thumb Code    10  fretinf.o(x$fpl$fretinf)
    __aeabi_fsub                             0x08009445   Thumb Code     0  faddsub_clz.o(x$fpl$fsub)
    _fsub                                    0x08009445   Thumb Code   234  faddsub_clz.o(x$fpl$fsub)
    Company_Name                             0x0800952e   Data           6  mbs_core.o(.constdata)
    __I$use$fp                               0x0800952e   Number         0  usenofp.o(x$fpl$usenofp)
    Product_Code                             0x08009534   Data          21  mbs_core.o(.constdata)
    Hardware_Version                         0x08009549   Data           8  mbs_core.o(.constdata)
    Software_Version                         0x08009551   Data           9  mbs_core.o(.constdata)
    Device_ID                                0x0800955a   Data           9  mbs_core.o(.constdata)
    Customer_Code                            0x08009563   Data           8  mbs_core.o(.constdata)
    __lowest_bit_bitmap                      0x0800956b   Data         256  kservice.o(.constdata)
    SoftwareVer                              0x0800968d   Data           9  at24cxx.o(.constdata)
    User_Default_Param                       0x08009696   Data         101  at24cxx.o(.constdata)
    table_week                               0x080096fb   Data          12  rtc.o(.constdata)
    mon_table                                0x08009707   Data          12  rtc.o(.constdata)
    __rt_init_rti_start                      0x08009714   Data           4  components.o(.rti_fn.0)
    __rt_init_rti_board_start                0x08009718   Data           4  components.o(.rti_fn.0.end)
    __rt_init_rti_board_end                  0x0800971c   Data           4  components.o(.rti_fn.1.end)
    __rt_init_rti_end                        0x08009720   Data           4  components.o(.rti_fn.6.end)
    Region$$Table$$Base                      0x08009724   Number         0  anon$$obj.o(Region$$Table)
    Region$$Table$$Limit                     0x08009744   Number         0  anon$$obj.o(Region$$Table)
    ldVolutage                               0x20000000   Data           8  task.o(.data)
    ulResult                                 0x20000008   Data           4  task.o(.data)
    buf1                                     0x2000000c   Data           4  task.o(.data)
    rd485t                                   0x20000010   Data           4  task.o(.data)
    aa                                       0x20000014   Data           2  task.o(.data)
    devid                                    0x20000016   Data           1  task.o(.data)
    FLASH_SIZE                               0x20000018   Data           4  task.o(.data)
    SystemCoreClock                          0x2000002c   Data           4  system_stm32f10x.o(.data)
    AHBPrescTable                            0x20000030   Data          16  system_stm32f10x.o(.data)
    Queue                                    0x20000054   Data           3  mb_app.o(.data)
    Ptr                                      0x20000058   Data           4  mb_data.o(.data)
    Ptr_04                                   0x2000005c   Data           4  mb_data.o(.data)
    g_cyCtrlFlag                             0x20000060   Data           1  mb_data.o(.data)
    g_cyCarState                             0x20000061   Data           1  mb_data.o(.data)
    g_cyPbState                              0x20000062   Data           1  mb_data.o(.data)
    g_cyElState                              0x20000063   Data           1  mb_data.o(.data)
    g_wRADValue                              0x20000064   Data           2  mb_data.o(.data)
    g_wFADValue                              0x20000066   Data           2  mb_data.o(.data)
    MB_RTU_Freq                              0x20000068   Data           2  mb.o(.data)
    MB_RTU_TmrCtr                            0x2000006c   Data           4  mb.o(.data)
    MB_ChCtr                                 0x20000070   Data           1  mb.o(.data)
    rt_interrupt_nest                        0x20000078   Data           1  irq.o(.data)
    rt_current_thread                        0x200000c4   Data           4  scheduler.o(.data)
    rt_current_priority                      0x200000c8   Data           1  scheduler.o(.data)
    rt_thread_ready_priority_group           0x200000cc   Data           4  scheduler.o(.data)
    rt_thread_defunct                        0x200000d0   Data           8  scheduler.o(.data)
    rt_interrupt_from_thread                 0x200000e4   Data           4  cpuport.o(.data)
    rt_interrupt_to_thread                   0x200000e8   Data           4  cpuport.o(.data)
    rt_thread_switch_interrupt_flag          0x200000ec   Data           4  cpuport.o(.data)
    ProductPara                              0x200000f4   Data           5  at24cxx.o(.data)
    UartComm                                 0x200000f9   Data           7  at24cxx.o(.data)
    SPI_FLASH_TYPE                           0x20000100   Data           2  flash.o(.data)
    g_cyWorkState                            0x20000104   Data           1  loadtask.o(.data)
    g_cyStudyState                           0x20000105   Data           1  loadtask.o(.data)
    g_cyRecordShovelNum                      0x20000106   Data           1  loadtask.o(.data)
    g_wEmptyValue                            0x20000108   Data           2  loadtask.o(.data)
    g_wFullValue                             0x2000010a   Data           2  loadtask.o(.data)
    g_fVarianceValue                         0x2000010c   Data           4  loadtask.o(.data)
    g_wRatedValue                            0x20000110   Data           2  loadtask.o(.data)
    g_fOverValueK                            0x20000114   Data           4  loadtask.o(.data)
    g_cyCurrentShovelNum                     0x20000118   Data           1  loadtask.o(.data)
    g_cyShovelDTime                          0x20000119   Data           1  loadtask.o(.data)
    g_cyOverFlag                             0x2000011c   Data           1  loadtask.o(.data)
    g_wDlyMaxTime                            0x2000012c   Data           2  loadtask.o(.data)
    g_wAdcCnt                                0x20000138   Data           2  analog.o(.data)
    ADXL345_BUF                              0x20000144   Data           6  adxl345.o(.data)
    dis_data                                 0x20000150   Data          12  task.o(.bss)
    ldVolutag                                0x20000160   Data          64  task.o(.bss)
    redeeming                                0x200001a0   Data          18  task.o(.bss)
    MB_DATA                                  0x20000f94   Data         250  mb_data.o(.bss)
    MB_DATA_04                               0x2000108e   Data        1220  mb_data.o(.bss)
    AD_Buff                                  0x20001554   Data         200  mb_data.o(.bss)
    Weight_Buff                              0x2000161c   Data         200  mb_data.o(.bss)
    MB_ChTbl                                 0x200016e4   Data        3300  mb.o(.bss)
    main_thread                              0x200024c8   Data         120  components.o(.bss)
    rt_thread_priority_table                 0x200026b8   Data          64  scheduler.o(.bss)
    Cur_Param                                0x200026f8   Data         101  at24cxx.o(.bss)
    RunVar                                   0x20002760   Data          48  at24cxx.o(.bss)
    UserParam                                0x20002790   Data          16  at24cxx.o(.bss)
    A_W_Buff                                 0x200027a0   Data          80  at24cxx.o(.bss)
    g_tpTestPar                              0x200027f0   Data          12  at24cxx.o(.bss)
    SPI_FLASH_BUF                            0x200027fc   Data        4096  flash.o(.bss)
    SPI_InitStructure                        0x200037fc   Data          18  spi.o(.bss)
    calendar                                 0x2000380e   Data          10  rtc.o(.bss)
    g_wEmptyBuffer                           0x20003818   Data          20  loadtask.o(.bss)
    g_wFullBuffer                            0x2000382c   Data          20  loadtask.o(.bss)
    usADC1Value                              0x20003d90   Data          80  analog.o(.bss)
    ADC1Filter                               0x20003de0   Data          16  analog.o(.bss)
    usFilterBuf                              0x20003df0   Data          12  analog.o(.bss)
    g_wAdcBuffer                             0x20003dfc   Data         600  analog.o(.bss)
    g_wTempAdcBuffer                         0x20004054   Data         600  analog.o(.bss)
    __libspace_start                         0x200042e4   Data          96  libspace.o(.bss)
    __temporary_stack_top$libspace           0x20004344   Data           0  libspace.o(.bss)



==============================================================================

Memory Map of the image

  Image Entry point : 0x080000ed

  Load Region LR_IROM1 (Base: 0x08000000, Size: 0x00009890, Max: 0x00020000, ABSOLUTE, COMPRESSED[0x00009794])

    Execution Region ER_IROM1 (Exec base: 0x08000000, Load base: 0x08000000, Size: 0x00009744, Max: 0x00020000, ABSOLUTE)

    Exec Addr    Load Addr    Size         Type   Attr      Idx    E Section Name        Object

    0x08000000   0x08000000   0x000000ec   Data   RO            3    RESET               startup_stm32f10x_md.o
    0x080000ec   0x080000ec   0x00000008   Code   RO         1100  * !!!main             c_w.l(__main.o)
    0x080000f4   0x080000f4   0x00000034   Code   RO         1333    !!!scatter          c_w.l(__scatter.o)
    0x08000128   0x08000128   0x0000005a   Code   RO         1331    !!dczerorl2         c_w.l(__dczerorl2.o)
    0x08000182   0x08000182   0x00000002   PAD
    0x08000184   0x08000184   0x0000001c   Code   RO         1335    !!handler_zi        c_w.l(__scatter_zi.o)
    0x080001a0   0x080001a0   0x00000000   Code   RO         1093    .ARM.Collect$$_printf_percent$$00000000  c_w.l(_printf_percent.o)
    0x080001a0   0x080001a0   0x00000006   Code   RO         1092    .ARM.Collect$$_printf_percent$$00000009  c_w.l(_printf_d.o)
    0x080001a6   0x080001a6   0x00000006   Code   RO         1091    .ARM.Collect$$_printf_percent$$00000013  c_w.l(_printf_c.o)
    0x080001ac   0x080001ac   0x00000004   Code   RO         1163    .ARM.Collect$$_printf_percent$$00000017  c_w.l(_printf_percent_end.o)
    0x080001b0   0x080001b0   0x00000002   Code   RO         1201    .ARM.Collect$$libinit$$00000000  c_w.l(libinit.o)
    0x080001b2   0x080001b2   0x00000000   Code   RO         1208    .ARM.Collect$$libinit$$00000002  c_w.l(libinit2.o)
    0x080001b2   0x080001b2   0x00000000   Code   RO         1210    .ARM.Collect$$libinit$$00000004  c_w.l(libinit2.o)
    0x080001b2   0x080001b2   0x00000000   Code   RO         1213    .ARM.Collect$$libinit$$0000000A  c_w.l(libinit2.o)
    0x080001b2   0x080001b2   0x00000000   Code   RO         1215    .ARM.Collect$$libinit$$0000000C  c_w.l(libinit2.o)
    0x080001b2   0x080001b2   0x00000000   Code   RO         1217    .ARM.Collect$$libinit$$0000000E  c_w.l(libinit2.o)
    0x080001b2   0x080001b2   0x00000000   Code   RO         1220    .ARM.Collect$$libinit$$00000011  c_w.l(libinit2.o)
    0x080001b2   0x080001b2   0x00000000   Code   RO         1222    .ARM.Collect$$libinit$$00000013  c_w.l(libinit2.o)
    0x080001b2   0x080001b2   0x00000000   Code   RO         1224    .ARM.Collect$$libinit$$00000015  c_w.l(libinit2.o)
    0x080001b2   0x080001b2   0x00000000   Code   RO         1226    .ARM.Collect$$libinit$$00000017  c_w.l(libinit2.o)
    0x080001b2   0x080001b2   0x00000000   Code   RO         1228    .ARM.Collect$$libinit$$00000019  c_w.l(libinit2.o)
    0x080001b2   0x080001b2   0x00000000   Code   RO         1230    .ARM.Collect$$libinit$$0000001B  c_w.l(libinit2.o)
    0x080001b2   0x080001b2   0x00000000   Code   RO         1232    .ARM.Collect$$libinit$$0000001D  c_w.l(libinit2.o)
    0x080001b2   0x080001b2   0x00000000   Code   RO         1234    .ARM.Collect$$libinit$$0000001F  c_w.l(libinit2.o)
    0x080001b2   0x080001b2   0x00000000   Code   RO         1236    .ARM.Collect$$libinit$$00000021  c_w.l(libinit2.o)
    0x080001b2   0x080001b2   0x00000000   Code   RO         1238    .ARM.Collect$$libinit$$00000023  c_w.l(libinit2.o)
    0x080001b2   0x080001b2   0x00000000   Code   RO         1240    .ARM.Collect$$libinit$$00000025  c_w.l(libinit2.o)
    0x080001b2   0x080001b2   0x00000000   Code   RO         1244    .ARM.Collect$$libinit$$0000002C  c_w.l(libinit2.o)
    0x080001b2   0x080001b2   0x00000000   Code   RO         1246    .ARM.Collect$$libinit$$0000002E  c_w.l(libinit2.o)
    0x080001b2   0x080001b2   0x00000000   Code   RO         1248    .ARM.Collect$$libinit$$00000030  c_w.l(libinit2.o)
    0x080001b2   0x080001b2   0x00000000   Code   RO         1250    .ARM.Collect$$libinit$$00000032  c_w.l(libinit2.o)
    0x080001b2   0x080001b2   0x00000002   Code   RO         1251    .ARM.Collect$$libinit$$00000033  c_w.l(libinit2.o)
    0x080001b4   0x080001b4   0x00000002   Code   RO         1271    .ARM.Collect$$libshutdown$$00000000  c_w.l(libshutdown.o)
    0x080001b6   0x080001b6   0x00000000   Code   RO         1284    .ARM.Collect$$libshutdown$$00000002  c_w.l(libshutdown2.o)
    0x080001b6   0x080001b6   0x00000000   Code   RO         1286    .ARM.Collect$$libshutdown$$00000004  c_w.l(libshutdown2.o)
    0x080001b6   0x080001b6   0x00000000   Code   RO         1289    .ARM.Collect$$libshutdown$$00000007  c_w.l(libshutdown2.o)
    0x080001b6   0x080001b6   0x00000000   Code   RO         1292    .ARM.Collect$$libshutdown$$0000000A  c_w.l(libshutdown2.o)
    0x080001b6   0x080001b6   0x00000000   Code   RO         1294    .ARM.Collect$$libshutdown$$0000000C  c_w.l(libshutdown2.o)
    0x080001b6   0x080001b6   0x00000000   Code   RO         1297    .ARM.Collect$$libshutdown$$0000000F  c_w.l(libshutdown2.o)
    0x080001b6   0x080001b6   0x00000002   Code   RO         1298    .ARM.Collect$$libshutdown$$00000010  c_w.l(libshutdown2.o)
    0x080001b8   0x080001b8   0x00000000   Code   RO         1154    .ARM.Collect$$rtentry$$00000000  c_w.l(__rtentry.o)
    0x080001b8   0x080001b8   0x00000000   Code   RO         1176    .ARM.Collect$$rtentry$$00000002  c_w.l(__rtentry2.o)
    0x080001b8   0x080001b8   0x00000006   Code   RO         1188    .ARM.Collect$$rtentry$$00000004  c_w.l(__rtentry4.o)
    0x080001be   0x080001be   0x00000000   Code   RO         1178    .ARM.Collect$$rtentry$$00000009  c_w.l(__rtentry2.o)
    0x080001be   0x080001be   0x00000004   Code   RO         1179    .ARM.Collect$$rtentry$$0000000A  c_w.l(__rtentry2.o)
    0x080001c2   0x080001c2   0x00000000   Code   RO         1181    .ARM.Collect$$rtentry$$0000000C  c_w.l(__rtentry2.o)
    0x080001c2   0x080001c2   0x00000008   Code   RO         1182    .ARM.Collect$$rtentry$$0000000D  c_w.l(__rtentry2.o)
    0x080001ca   0x080001ca   0x00000002   Code   RO         1205    .ARM.Collect$$rtexit$$00000000  c_w.l(rtexit.o)
    0x080001cc   0x080001cc   0x00000000   Code   RO         1253    .ARM.Collect$$rtexit$$00000002  c_w.l(rtexit2.o)
    0x080001cc   0x080001cc   0x00000004   Code   RO         1254    .ARM.Collect$$rtexit$$00000003  c_w.l(rtexit2.o)
    0x080001d0   0x080001d0   0x00000006   Code   RO         1255    .ARM.Collect$$rtexit$$00000004  c_w.l(rtexit2.o)
    0x080001d6   0x080001d6   0x00000002   PAD
    0x080001d8   0x080001d8   0x00000040   Code   RO            4    .text               startup_stm32f10x_md.o
    0x08000218   0x08000218   0x00000070   Code   RO           10    .text               main.o
    0x08000288   0x08000288   0x00000064   Code   RO          142    .text               board.o
    0x080002ec   0x080002ec   0x000003c8   Code   RO          179    .text               task.o
    0x080006b4   0x080006b4   0x000000dc   Code   RO          327    .text               misc.o
    0x08000790   0x08000790   0x000001a8   Code   RO          339    .text               system_stm32f10x.o
    0x08000938   0x08000938   0x000003a4   Code   RO          367    .text               stm32f10x_rcc.o
    0x08000cdc   0x08000cdc   0x00000408   Code   RO          381    .text               stm32f10x_usart.o
    0x080010e4   0x080010e4   0x00000e1a   Code   RO          393    .text               stm32f10x_tim.o
    0x08001efe   0x08001efe   0x00000002   PAD
    0x08001f00   0x08001f00   0x0000030c   Code   RO          408    .text               stm32f10x_spi.o
    0x0800220c   0x0800220c   0x0000035c   Code   RO          420    .text               stm32f10x_gpio.o
    0x08002568   0x08002568   0x0000044e   Code   RO          459    .text               stm32f10x_adc.o
    0x080029b6   0x080029b6   0x00000002   PAD
    0x080029b8   0x080029b8   0x00000148   Code   RO          510    .text               stm32f10x_rtc.o
    0x08002b00   0x08002b00   0x000000cc   Code   RO          522    .text               stm32f10x_pwr.o
    0x08002bcc   0x08002bcc   0x000000c4   Code   RO          534    .text               stm32f10x_bkp.o
    0x08002c90   0x08002c90   0x00000074   Code   RO          546    .text               mb_app.o
    0x08002d04   0x08002d04   0x000005e8   Code   RO          564    .text               mb_bsp.o
    0x080032ec   0x080032ec   0x000001cc   Code   RO          577    .text               mb_data.o
    0x080034b8   0x080034b8   0x000004d8   Code   RO          601    .text               mb.o
    0x08003990   0x08003990   0x00000186   Code   RO          621    .text               mb_util.o
    0x08003b16   0x08003b16   0x00000002   PAD
    0x08003b18   0x08003b18   0x000010f2   Code   RO          633    .text               mbs_core.o
    0x08004c0a   0x08004c0a   0x00000002   PAD
    0x08004c0c   0x08004c0c   0x00000084   Code   RO          655    .text               clock.o
    0x08004c90   0x08004c90   0x000000c4   Code   RO          669    .text               components.o
    0x08004d54   0x08004d54   0x000000d4   Code   RO          694    .text               idle.o
    0x08004e28   0x08004e28   0x00000040   Code   RO          727    .text               irq.o
    0x08004e68   0x08004e68   0x00000928   Code   RO          742    .text               kservice.o
    0x08005790   0x08005790   0x00000128   Code   RO          777    .text               object.o
    0x080058b8   0x080058b8   0x000001d8   Code   RO          794    .text               scheduler.o
    0x08005a90   0x08005a90   0x000003c8   Code   RO          820    .text               thread.o
    0x08005e58   0x08005e58   0x000002f8   Code   RO          836    .text               timer.o
    0x08006150   0x08006150   0x00000278   Code   RO          853    .text               cpuport.o
    0x080063c8   0x080063c8   0x000000f4   Code   RO          868    .text               context_rvds.o
    0x080064bc   0x080064bc   0x00000848   Code   RO          872    .text               at24cxx.o
    0x08006d04   0x08006d04   0x00000420   Code   RO          894    .text               softwareiic.o
    0x08007124   0x08007124   0x00000348   Code   RO          906    .text               flash.o
    0x0800746c   0x0800746c   0x000000ec   Code   RO          928    .text               spi.o
    0x08007558   0x08007558   0x0000037c   Code   RO          946    .text               rtc.o
    0x080078d4   0x080078d4   0x00000162   Code   RO          966    .text               algorithm.o
    0x08007a36   0x08007a36   0x00000002   PAD
    0x08007a38   0x08007a38   0x000007e0   Code   RO         1002    .text               analog.o
    0x08008218   0x08008218   0x0000045e   Code   RO         1044    .text               adxl345.o
    0x08008676   0x08008676   0x00000002   PAD
    0x08008678   0x08008678   0x0000002c   Code   RO         1061    .text               c_w.l(__2sprintf.o)
    0x080086a4   0x080086a4   0x00000068   Code   RO         1065    .text               c_w.l(__printf.o)
    0x0800870c   0x0800870c   0x00000052   Code   RO         1067    .text               c_w.l(_printf_str.o)
    0x0800875e   0x0800875e   0x00000002   PAD
    0x08008760   0x08008760   0x00000078   Code   RO         1069    .text               c_w.l(_printf_dec.o)
    0x080087d8   0x080087d8   0x00000058   Code   RO         1094    .text               c_w.l(memcmp.o)
    0x08008830   0x08008830   0x0000004e   Code   RO         1096    .text               c_w.l(rt_memclr_w.o)
    0x0800887e   0x0800887e   0x00000006   Code   RO         1098    .text               c_w.l(heapauxi.o)
    0x08008884   0x08008884   0x000000b2   Code   RO         1155    .text               c_w.l(_printf_intcommon.o)
    0x08008936   0x08008936   0x00000002   PAD
    0x08008938   0x08008938   0x00000030   Code   RO         1157    .text               c_w.l(_printf_char_common.o)
    0x08008968   0x08008968   0x0000000a   Code   RO         1159    .text               c_w.l(_sputc.o)
    0x08008972   0x08008972   0x0000002c   Code   RO         1161    .text               c_w.l(_printf_char.o)
    0x0800899e   0x0800899e   0x0000004a   Code   RO         1192    .text               c_w.l(sys_stackheap_outer.o)
    0x080089e8   0x080089e8   0x00000012   Code   RO         1194    .text               c_w.l(exit.o)
    0x080089fa   0x080089fa   0x00000002   PAD
    0x080089fc   0x080089fc   0x00000008   Code   RO         1202    .text               c_w.l(libspace.o)
    0x08008a04   0x08008a04   0x0000000c   Code   RO         1263    .text               c_w.l(sys_exit.o)
    0x08008a10   0x08008a10   0x00000002   Code   RO         1274    .text               c_w.l(use_no_semi.o)
    0x08008a12   0x08008a12   0x00000000   Code   RO         1276    .text               c_w.l(indicate_semi.o)
    0x08008a12   0x08008a12   0x00000002   PAD
    0x08008a14   0x08008a14   0x00000062   Code   RO         1102    x$fpl$d2f           fz_ws.l(d2f.o)
    0x08008a76   0x08008a76   0x00000002   PAD
    0x08008a78   0x08008a78   0x000002b0   Code   RO         1111    x$fpl$ddiv          fz_ws.l(ddiv.o)
    0x08008d28   0x08008d28   0x0000005a   Code   RO         1114    x$fpl$dfixu         fz_ws.l(dfixu.o)
    0x08008d82   0x08008d82   0x00000026   Code   RO         1118    x$fpl$dfltu         fz_ws.l(dflt_clz.o)
    0x08008da8   0x08008da8   0x00000154   Code   RO         1124    x$fpl$dmul          fz_ws.l(dmul.o)
    0x08008efc   0x08008efc   0x0000009c   Code   RO         1164    x$fpl$dnaninf       fz_ws.l(dnaninf.o)
    0x08008f98   0x08008f98   0x0000000c   Code   RO         1166    x$fpl$dretinf       fz_ws.l(dretinf.o)
    0x08008fa4   0x08008fa4   0x00000056   Code   RO         1126    x$fpl$f2d           fz_ws.l(f2d.o)
    0x08008ffa   0x08008ffa   0x00000002   PAD
    0x08008ffc   0x08008ffc   0x000000c4   Code   RO         1128    x$fpl$fadd          fz_ws.l(faddsub_clz.o)
    0x080090c0   0x080090c0   0x00000184   Code   RO         1135    x$fpl$fdiv          fz_ws.l(fdiv.o)
    0x08009244   0x08009244   0x0000003e   Code   RO         1138    x$fpl$ffixu         fz_ws.l(ffixu.o)
    0x08009282   0x08009282   0x00000002   PAD
    0x08009284   0x08009284   0x00000026   Code   RO         1142    x$fpl$ffltu         fz_ws.l(fflt_clz.o)
    0x080092aa   0x080092aa   0x00000002   PAD
    0x080092ac   0x080092ac   0x00000102   Code   RO         1150    x$fpl$fmul          fz_ws.l(fmul.o)
    0x080093ae   0x080093ae   0x0000008c   Code   RO         1170    x$fpl$fnaninf       fz_ws.l(fnaninf.o)
    0x0800943a   0x0800943a   0x0000000a   Code   RO         1172    x$fpl$fretinf       fz_ws.l(fretinf.o)
    0x08009444   0x08009444   0x000000ea   Code   RO         1130    x$fpl$fsub          fz_ws.l(faddsub_clz.o)
    0x0800952e   0x0800952e   0x00000000   Code   RO         1174    x$fpl$usenofp       fz_ws.l(usenofp.o)
    0x0800952e   0x0800952e   0x0000003d   Data   RO          634    .constdata          mbs_core.o
    0x0800956b   0x0800956b   0x00000122   Data   RO          744    .constdata          kservice.o
    0x0800968d   0x0800968d   0x0000006e   Data   RO          874    .constdata          at24cxx.o
    0x080096fb   0x080096fb   0x00000018   Data   RO          948    .constdata          rtc.o
    0x08009713   0x08009713   0x00000001   PAD
    0x08009714   0x08009714   0x00000004   Data   RO          671    .rti_fn.0           components.o
    0x08009718   0x08009718   0x00000004   Data   RO          672    .rti_fn.0.end       components.o
    0x0800971c   0x0800971c   0x00000004   Data   RO          673    .rti_fn.1.end       components.o
    0x08009720   0x08009720   0x00000004   Data   RO          674    .rti_fn.6.end       components.o
    0x08009724   0x08009724   0x00000020   Data   RO         1329    Region$$Table       anon$$obj.o


    Execution Region RW_IRAM1 (Exec base: 0x20000000, Load base: 0x08009744, Size: 0x00004948, Max: 0x00005000, ABSOLUTE, COMPRESSED[0x00000050])

    Exec Addr    Load Addr    Size         Type   Attr      Idx    E Section Name        Object

    0x20000000   COMPRESSED   0x00000029   Data   RW          181    .data               task.o
    0x20000029   COMPRESSED   0x00000003   PAD
    0x2000002c   COMPRESSED   0x00000014   Data   RW          340    .data               system_stm32f10x.o
    0x20000040   COMPRESSED   0x00000014   Data   RW          368    .data               stm32f10x_rcc.o
    0x20000054   COMPRESSED   0x00000003   Data   RW          547    .data               mb_app.o
    0x20000057   COMPRESSED   0x00000001   PAD
    0x20000058   COMPRESSED   0x00000010   Data   RW          579    .data               mb_data.o
    0x20000068   COMPRESSED   0x00000009   Data   RW          604    .data               mb.o
    0x20000071   COMPRESSED   0x00000003   PAD
    0x20000074   COMPRESSED   0x00000004   Data   RW          656    .data               clock.o
    0x20000078   COMPRESSED   0x00000001   Data   RW          728    .data               irq.o
    0x20000079   COMPRESSED   0x00000003   PAD
    0x2000007c   COMPRESSED   0x00000004   Data   RW          745    .data               kservice.o
    0x20000080   COMPRESSED   0x00000040   Data   RW          778    .data               object.o
    0x200000c0   COMPRESSED   0x00000018   Data   RW          796    .data               scheduler.o
    0x200000d8   COMPRESSED   0x0000000c   Data   RW          837    .data               timer.o
    0x200000e4   COMPRESSED   0x00000010   Data   RW          854    .data               cpuport.o
    0x200000f4   COMPRESSED   0x0000000c   Data   RW          875    .data               at24cxx.o
    0x20000100   COMPRESSED   0x00000002   Data   RW          908    .data               flash.o
    0x20000102   COMPRESSED   0x00000002   Data   RW          949    .data               rtc.o
    0x20000104   COMPRESSED   0x00000033   Data   RW          980    .data               loadtask.o
    0x20000137   COMPRESSED   0x00000001   PAD
    0x20000138   COMPRESSED   0x0000000c   Data   RW         1004    .data               analog.o
    0x20000144   COMPRESSED   0x00000006   Data   RW         1045    .data               adxl345.o
    0x2000014a   COMPRESSED   0x00000006   PAD
    0x20000150        -       0x00000e44   Zero   RW          180    .bss                task.o
    0x20000f94        -       0x00000750   Zero   RW          578    .bss                mb_data.o
    0x200016e4        -       0x00000ce4   Zero   RW          602    .bss                mb.o
    0x200023c8        -       0x00000178   Zero   RW          670    .bss                components.o
    0x20002540        -       0x000000f8   Zero   RW          695    .bss                idle.o
    0x20002638        -       0x00000080   Zero   RW          743    .bss                kservice.o
    0x200026b8        -       0x00000040   Zero   RW          795    .bss                scheduler.o
    0x200026f8        -       0x00000104   Zero   RW          873    .bss                at24cxx.o
    0x200027fc        -       0x00001000   Zero   RW          907    .bss                flash.o
    0x200037fc        -       0x00000012   Zero   RW          929    .bss                spi.o
    0x2000380e        -       0x0000000a   Zero   RW          947    .bss                rtc.o
    0x20003818        -       0x00000578   Zero   RW          979    .bss                loadtask.o
    0x20003d90        -       0x00000554   Zero   RW         1003    .bss                analog.o
    0x200042e4        -       0x00000060   Zero   RW         1203    .bss                c_w.l(libspace.o)
    0x20004344   COMPRESSED   0x00000004   PAD
    0x20004348        -       0x00000200   Zero   RW            2    HEAP                startup_stm32f10x_md.o
    0x20004548        -       0x00000400   Zero   RW            1    STACK               startup_stm32f10x_md.o


==============================================================================

Image component sizes


      Code (inc. data)   RO Data    RW Data    ZI Data      Debug   Object Name

      1118          8          0          6          0       3891   adxl345.o
       354          0          0          0          0       3310   algorithm.o
      2016        106          0         12       1364       5072   analog.o
      2120        120        110         12        260       3266   at24cxx.o
       100         10          0          0          0       5883   board.o
       132          4          0          4          0       1428   clock.o
       196         30         16          0        376       2666   components.o
       244         26          0          0          0        780   context_rvds.o
       632        348          0         16          0       3339   cpuport.o
       840         20          0          2       4096       4369   flash.o
       212         24          0          0        248       4670   idle.o
        64          6          0          1          0       1378   irq.o
      2344        166        290          4        128      10216   kservice.o
         0          0          0         51       1400       2211   loadtask.o
       112         10          0          0          0     231642   main.o
      1240         20          0          9       3300       7885   mb.o
       116         10          0          3          0       1708   mb_app.o
      1512         64          0          0          0       4864   mb_bsp.o
       460         34          0         16       1872       4300   mb_data.o
       390          0          0          0          0       2538   mb_util.o
      4338         26         61          0          0      14913   mbs_core.o
       220         22          0          0          0       1877   misc.o
       296          4          0         64          0       5986   object.o
       892         28         24          2         10       3716   rtc.o
       472         28          0         24         64       6032   scheduler.o
      1056         12          0          0          0       4785   softwareiic.o
       236         14          0          0         18       1245   spi.o
        64         26        236          0       1536        844   startup_stm32f10x_md.o
      1102         26          0          0          0      11121   stm32f10x_adc.o
       196          8          0          0          0       3580   stm32f10x_bkp.o
       860         38          0          0          0       5809   stm32f10x_gpio.o
       204         14          0          0          0       1979   stm32f10x_pwr.o
       932         36          0         20          0       9000   stm32f10x_rcc.o
       328          4          0          0          0       2754   stm32f10x_rtc.o
       780         14          0          0          0       6694   stm32f10x_spi.o
         0          0          0          0          0     218576   stm32f10x_sys.o
      3610         88          0          0          0      43320   stm32f10x_tim.o
      1032         22          0          0          0       8536   stm32f10x_usart.o
       424         36          0         20          0       1823   system_stm32f10x.o
       968        164          0         41       3652      32684   task.o
       968         14          0          0          0       8436   thread.o
       760         10          0         12          0       7337   timer.o

    ----------------------------------------------------------------------
     33952       1640        770        332      18328     706463   Object Totals
         0          0         32          0          0          0   (incl. Generated)
        12          0          1         13          4          0   (incl. Padding)

    ----------------------------------------------------------------------

      Code (inc. data)   RO Data    RW Data    ZI Data      Debug   Library Member Name

        44          6          0          0          0         84   __2sprintf.o
        90          0          0          0          0          0   __dczerorl2.o
         8          0          0          0          0         68   __main.o
       104          0          0          0          0         84   __printf.o
         0          0          0          0          0          0   __rtentry.o
        12          0          0          0          0          0   __rtentry2.o
         6          0          0          0          0          0   __rtentry4.o
        52          8          0          0          0          0   __scatter.o
        28          0          0          0          0          0   __scatter_zi.o
         6          0          0          0          0          0   _printf_c.o
        44          0          0          0          0        108   _printf_char.o
        48          6          0          0          0         96   _printf_char_common.o
         6          0          0          0          0          0   _printf_d.o
       120         16          0          0          0         92   _printf_dec.o
       178          0          0          0          0         88   _printf_intcommon.o
         0          0          0          0          0          0   _printf_percent.o
         4          0          0          0          0          0   _printf_percent_end.o
        82          0          0          0          0         80   _printf_str.o
        10          0          0          0          0         68   _sputc.o
        18          0          0          0          0         80   exit.o
         6          0          0          0          0        152   heapauxi.o
         0          0          0          0          0          0   indicate_semi.o
         2          0          0          0          0          0   libinit.o
         2          0          0          0          0          0   libinit2.o
         2          0          0          0          0          0   libshutdown.o
         2          0          0          0          0          0   libshutdown2.o
         8          4          0          0         96         68   libspace.o
        88          0          0          0          0         76   memcmp.o
        78          0          0          0          0         80   rt_memclr_w.o
         2          0          0          0          0          0   rtexit.o
        10          0          0          0          0          0   rtexit2.o
        12          4          0          0          0         68   sys_exit.o
        74          0          0          0          0         80   sys_stackheap_outer.o
         2          0          0          0          0         68   use_no_semi.o
        98          4          0          0          0         92   d2f.o
       688        140          0          0          0        208   ddiv.o
        90          4          0          0          0         92   dfixu.o
        38          0          0          0          0         68   dflt_clz.o
       340         12          0          0          0        104   dmul.o
       156          4          0          0          0         92   dnaninf.o
        12          0          0          0          0         68   dretinf.o
        86          4          0          0          0         84   f2d.o
       430          8          0          0          0        168   faddsub_clz.o
       388         76          0          0          0         96   fdiv.o
        62          4          0          0          0         84   ffixu.o
        38          0          0          0          0         68   fflt_clz.o
       258          4          0          0          0         84   fmul.o
       140          4          0          0          0         84   fnaninf.o
        10          0          0          0          0         68   fretinf.o
         0          0          0          0          0          0   usenofp.o

    ----------------------------------------------------------------------
      4002        308          0          0        100       2900   Library Totals
        20          0          0          0          4          0   (incl. Padding)

    ----------------------------------------------------------------------

      Code (inc. data)   RO Data    RW Data    ZI Data      Debug   Library Name

      1148         44          0          0         96       1440   c_w.l
      2834        264          0          0          0       1460   fz_ws.l

    ----------------------------------------------------------------------
      4002        308          0          0        100       2900   Library Totals

    ----------------------------------------------------------------------

==============================================================================


      Code (inc. data)   RO Data    RW Data    ZI Data      Debug   

     37954       1948        770        332      18428     703847   Grand Totals
     37954       1948        770         80      18428     703847   ELF Image Totals (compressed)
     37954       1948        770         80          0          0   ROM Totals

==============================================================================

    Total RO  Size (Code + RO Data)                38724 (  37.82kB)
    Total RW  Size (RW Data + ZI Data)             18760 (  18.32kB)
    Total ROM Size (Code + RO Data + RW Data)      38804 (  37.89kB)

==============================================================================

